******************************************************************************
               TMS320C6x Linker Unix v6.1.17                   
******************************************************************************
>> Linked Mon May  4 12:35:34 2015

OUTPUT FILE NAME:   <Release/helloDSP.out>
ENTRY POINT SYMBOL: "_c_int00"  address: 87e35200


MEMORY CONFIGURATION

         name            origin    length      used     unused   attr    fill
----------------------  --------  ---------  --------  --------  ----  --------
  IRAM                  107f8000   00010000  00000000  00010000  RWIX
  CACHE_L2              10808000   00008000  00000000  00008000  RWIX
  CACHE_L1P             10e04000   00004000  00000000  00004000  RWIX
  L1DSRAM               10f04000   00004000  00000000  00004000  RWIX
  CACHE_L1D             10f10000   00008000  00000000  00008000  RWIX
  RESET_VECTOR          87e00000   00000080  00000000  00000080  RWIX
  DDR2                  87e00080   000fff80  000369a7  000c95d9  RWIX
  DSPLINKMEM            87f00000   00030000  00000000  00030000  RWIX
  POOLMEM               87f30000   000d0000  00000000  000d0000  RWIX


SECTION ALLOCATION MAP

 output                                  attributes/
section   page    origin      length       input sections
--------  ----  ----------  ----------   ----------------
.vers      0    00000000    00000040     COPY SECTION
                  00000000    00000040     helloDSPcfg.obj (.vers)

.pinit     0    87e00080    00000000     UNINITIALIZED

.prd       0    87e00080    00000000     UNINITIALIZED

.data      0    87e00080    00000000     UNINITIALIZED

.hst       0    87e00080    00000000     UNINITIALIZED

.pip       0    87e00080    00000000     UNINITIALIZED

.DDR2$heap 
*          0    87e00080    00020000     UNINITIALIZED
                  87e00080    00020000     --HOLE--

.text      0    87e20080    00009740     
                  87e20080    00003060     dsplinkringio.lib : _ringio.obj (.text)
                  87e230e0    00000f40     tskMessage.obj (.text)
                  87e24020    00000e60     dsplinkmpcs.lib : mpcs.obj (.text)
                  87e24e80    00000d40     dsplink.lib : ips.obj (.text)
                  87e25bc0    00000640     dsplinkmsg.lib : zcpy_mqt.obj (.text)
                  87e26200    000005a0     dsplink.lib : dsplink.obj (.text)
                  87e267a0    00000580     dsplinkmsg.lib : zcpy_mqt.obj (.text:ZCPYMQT_locate)
                  87e26d20    00000540     dsplinkpool.lib : sma_pool.obj (.text)
                  87e27260    00000500     rts64plus.lib : divf.obj (.text:__divf)
                  87e27760    00000460     dsplinkmpcs.lib : _mpcs.obj (.text)
                  87e27bc0    00000260     dsplinkmsg.lib : zcpy_mqt.obj (.text:ZCPYMQT_open)
                  87e27e20    00000240                    : zcpy_mqt.obj (.text:ZCPYMQT_msgXfer)
                  87e28060    00000200     rts64plus.lib : mpyf.obj (.text:__mpyf)
                  87e28260    00000200     dsplinkmplist.lib : _mplist.obj (.text)
                  87e28460    000001c0     dsplink.lib : hal_interrupt.obj (.text:DSPLINK_init)
                  87e28620    00000140     dsplinkmsg.lib : zcpy_mqt.obj (.text:ZCPYMQT_close)
                  87e28760    00000120     dsplinknotify.lib : notify.obj (.text)
                  87e28880    00000120     main.obj (.text)
                  87e289a0    00000100     dsplink.lib : hal_interrupt.obj (.text)
                  87e28aa0    000000e0                 : shm_drv.obj (.text:DSPLINK_init)
                  87e28b80    000000e0     rts64plus.lib : cmpd.obj (.text:__cmpd)
                  87e28c60    000000e0                   : atoi.obj (.text:_atoi)
                  87e28d40    000000e0                   : memset.obj (.text:_memset)
                  87e28e20    000000c0     dsplink.lib : dsplink.obj (.text:DSPLINK_init)
                  87e28ee0    000000c0     rts64plus.lib : divu.obj (.text:__divu)
                  87e28fa0    000000c0     bios.a64P : tsk_stup.o64P (.text)
                  87e29060    000000c0     dsplinknotify.lib : _notify.obj (.text)
                  87e29120    000000a0     dsplink.lib : dsplinkips.obj (.text:DSPLINK_init)
                  87e291c0    000000a0     dsplinkpool.lib : dsplinkpool.obj (.text:DSPLINK_init)
                  87e29260    000000a0     rts64plus.lib : frcmpyf_div.obj (.text:__frcmpyf_div)
                  87e29300    000000a0                   : remu.obj (.text:__remu)
                  87e293a0    000000a0                   : memcpy64.obj (.text:_memcpy)
                  87e29440    00000080                   : cmpf.obj (.text:__cmpf)
                  87e294c0    00000080                   : fixfu.obj (.text:__fixfu)
                  87e29540    00000060                   : cvtfd.obj (.text:__cvtfd)
                  87e295a0    00000060                   : frcmpyf.obj (.text:__frcmpyf)
                  87e29600    00000040     dsplinkdata.lib : dsplinkdata.obj (.text:DSPLINK_init)
                  87e29640    00000040     dsplinkmsg.lib : dsplinkmqt.obj (.text:DSPLINK_init)
                  87e29680    00000040     rts64plus.lib : fltuf.obj (.text:__fltuf)
                  87e296c0    00000040     dsplink.lib : hal.obj (.text)
                  87e29700    00000020     dsplinkmsg.lib : zcpy_mqt.obj (.text:DSPLINK_init)
                  87e29720    00000020                    : zcpy_mqt.obj (.text:ZCPYMQT_release)
                  87e29740    00000020     rts64plus.lib : divf.obj (.text:___isnanf)
                  87e29760    00000020                   : _lock.obj (.text:__nop)
                  87e29780    00000020                   : _lock.obj (.text:__register_lock)
                  87e297a0    00000020                   : _lock.obj (.text:__register_unlock)

.bios      0    87e297c0    00005600     
                  87e297c0    000005c0     bios.a64P : sys_prin.o64P (.bios)
                  87e29d80    00000520               : exc.o64P (.bios)
                  87e2a2a0    000004e0               : hwi_disp_asm.o64P (.bios)
                  87e2a780    000004c0               : swi.o64P (.bios)
                  87e2ac40    00000380               : prd.o64P (.bios)
                  87e2afc0    00000340               : tsk_crea.o64P (.bios)
                  87e2b300    000002a0               : malloc.o64P (.bios)
                  87e2b5a0    00000240               : knl_run.o64P (.bios)
                  87e2b7e0    00000200               : sem_pend.o64P (.bios)
                  87e2b9e0    00000200     bios3430.a64P : clk2430.o64P (.bios)
                  87e2bbe0    000001e0     bios.a64P : mem_allo.o64P (.bios:.near)
                  87e2bdc0    000001e0               : c62_plug.o64P (.bios)
                  87e2bfa0    000001e0               : exc_asm.o64P (.bios)
                  87e2c180    000001e0               : knl_tick.o64P (.bios)
                  87e2c360    000001c0               : mem_free.o64P (.bios:.near)
                  87e2c520    000001c0               : sem_dopo.o64P (.bios)
                  87e2c6e0    000001c0     bios3430.a64P : clk.o64P (.bios)
                  87e2c8a0    000001a0     bios.a64P : tsk_setu.o64P (.bios)
                  87e2ca40    00000180               : knl_swit.o64P (.bios)
                  87e2cbc0    00000140               : autoinit.o64P (.bios)
                  87e2cd00    00000140               : knl_read.o64P (.bios)
                  87e2ce40    00000140               : msgq_open.o64P (.bios)
                  87e2cf80    00000140               : tsk_exit.o64P (.bios)
                  87e2d0c0    00000140     bios3430.a64P : bcache_init.o64P (.bios)
                  87e2d200    00000140                   : clk2430_reconfig.o64P (.bios)
                  87e2d340    00000120     bios.a64P : gbl_cacheinit64P.o64P (.bios)
                  87e2d460    00000120               : knl_chec.o64P (.bios)
                  87e2d580    00000120               : tsk_stup.o64P (.bios)
                  87e2d6a0    00000100               : msgq_locate.o64P (.bios)
                  87e2d7a0    00000100               : msgq_stup.o64P (.bios)
                  87e2d8a0    00000100     bios3430.a64P : bcache_block.o64P (.bios)
                  87e2d9a0    000000e0     bios.a64P : msgq_locatelocal.o64P (.bios)
                  87e2da80    000000e0               : sem_post_asm.o64P (.bios)
                  87e2db60    000000c0               : knl_exit.o64P (.bios)
                  87e2dc20    000000c0               : msgq_alloc.o64P (.bios)
                  87e2dce0    000000a0               : knl_star.o64P (.bios)
                  87e2dd80    000000a0               : msgq_close.o64P (.bios)
                  87e2de20    000000a0               : msgq_get.o64P (.bios)
                  87e2dec0    000000a0               : msgq_put.o64P (.bios)
                  87e2df60    000000a0               : sem_post.o64P (.bios)
                  87e2e000    000000a0               : swi_seta.o64P (.bios)
                  87e2e0a0    000000a0               : sys_exit.o64P (.bios)
                  87e2e140    00000080               : atm.o64P (.bios)
                  87e2e1c0    00000080               : hwi_disp.o64P (.bios)
                  87e2e240    00000080               : hwi_eventmap64P.o64P (.bios)
                  87e2e2c0    00000080               : knl_ipos.o64P (.bios)
                  87e2e340    00000080               : knl_post.o64P (.bios)
                  87e2e3c0    00000080               : lck.o64P (.bios)
                  87e2e440    00000080               : log.o64P (.bios)
                  87e2e4c0    00000080               : obj_crea.o64P (.bios)
                  87e2e540    00000080               : swi_crea.o64P (.bios)
                  87e2e5c0    00000080     bios3430.a64P : bcache_all.o64P (.bios)
                  87e2e640    00000080                   : bcache_wait.o64P (.bios)
                  87e2e6c0    00000060     bios.a64P : mem_vall.o64P (.bios:.near)
                  87e2e720    00000060               : sys_erro.o64P (.bios:.near)
                  87e2e780    00000060               : fxn.o64P (.bios)
                  87e2e7e0    00000060               : hwi_c.o64P (.bios)
                  87e2e840    00000060               : msgq_release.o64P (.bios)
                  87e2e8a0    00000060               : obj_dele.o64P (.bios)
                  87e2e900    00000060               : sem_pend_binary.o64P (.bios)
                  87e2e960    00000060               : sem_pend_counting.o64P (.bios)
                  87e2e9c0    00000060               : sts.o64P (.bios)
                  87e2ea20    00000060               : swi_disable.o64P (.bios)
                  87e2ea80    00000060               : sys_abor.o64P (.bios)
                  87e2eae0    00000060               : utl_putc.o64P (.bios)
                  87e2eb40    00000040               : c62_c.o64P (.bios)
                  87e2eb80    00000040               : msgq_free.o64P (.bios)
                  87e2ebc0    00000040               : que_get.o64P (.bios)
                  87e2ec00    00000040               : utl_doab.o64P (.bios)
                  87e2ec40    00000020               : fxn_c.o64P (.bios)
                  87e2ec60    00000020               : gbl_vers.o64P (.bios)
                  87e2ec80    00000020               : hook_setenv.o64P (.bios)
                  87e2eca0    00000020               : idl.o64P (.bios)
                  87e2ecc0    00000020               : log_printf.o64P (.bios)
                  87e2ece0    00000020               : msgq_seterrhandler.o64P (.bios)
                  87e2ed00    00000020               : sts_set.o64P (.bios)
                  87e2ed20    00000020               : swi_dele.o64P (.bios)
                  87e2ed40    00000020               : sys_one.o64P (.bios)
                  87e2ed60    00000020               : utl_doer.o64P (.bios)
                  87e2ed80    00000020               : utl_halt.o64P (.bios)
                  87e2eda0    00000020     bios3430.a64P : clk2430_gethtime.o64P (.bios)

.stack     0    87e2edc0    00001000     UNINITIALIZED
                  87e2edc0    00001000     --HOLE--

.trace     0    87e2fdc0    00000200     
                  87e2fdc0    00000200     --HOLE-- [fill = 00000000]

.gblinit   0    87e2ffc0    00000034     
                  87e2ffc0    00000034     helloDSPcfg.obj (.gblinit)

.trcdata   0    87e2fff4    0000000c     
                  87e2fff4    0000000c     bios.a64P : trc.o64P (.trcdata)

.trace$buf 
*          0    87e30000    00004000     UNINITIALIZED
                  87e30000    00004000     helloDSPcfg.obj (.trace$buf)

.cinit     0    87e34000    00000c74     
                  87e34000    0000030c     helloDSPcfg.obj (.cinit)
                  87e3430c    00000004     --HOLE-- [fill = 0]
                  87e34310    0000026c     bios.a64P : biosdata.o64P (.cinit)
                  87e3457c    00000004     --HOLE-- [fill = 0]
                  87e34580    000001a4               : knl.o64P (.cinit)
                  87e34724    00000004     --HOLE-- [fill = 0]
                  87e34728    000000b0               : swi.o64P (.cinit)
                  87e347d8    00000096     helloDSP_config.obj (.cinit)
                  87e3486e    00000002     --HOLE-- [fill = 0]
                  87e34870    00000070     bios.a64P : tsk.o64P (.cinit)
                  87e348e0    00000060               : tsk_stup.o64P (.cinit)
                  87e34940    0000003c               : exc.o64P (.cinit)
                  87e3497c    00000004     --HOLE-- [fill = 0]
                  87e34980    00000034               : hwi.o64P (.cinit)
                  87e349b4    00000004     --HOLE-- [fill = 0]
                  87e349b8    0000002c               : utl_putc.o64P (.cinit)
                  87e349e4    00000004     --HOLE-- [fill = 0]
                  87e349e8    0000002a     dsplinkmsg.lib : zcpy_mqt.obj (.cinit)
                  87e34a12    00000006     --HOLE-- [fill = 0]
                  87e34a18    00000028     dsplink.lib : ips.obj (.cinit)
                  87e34a40    00000024     bios.a64P : obj_init.o64P (.cinit)
                  87e34a64    00000004     --HOLE-- [fill = 0]
                  87e34a68    0000001c               : exc_asm.o64P (.cinit)
                  87e34a84    00000004     --HOLE-- [fill = 0]
                  87e34a88    0000001c               : swi_seta.o64P (.cinit)
                  87e34aa4    00000004     --HOLE-- [fill = 0]
                  87e34aa8    0000001c               : sys.o64P (.cinit)
                  87e34ac4    00000004     --HOLE-- [fill = 0]
                  87e34ac8    0000001c     dsplinkmpcs.lib : _mpcs.obj (.cinit)
                  87e34ae4    00000004     --HOLE-- [fill = 0]
                  87e34ae8    0000001c     dsplinkmplist.lib : _mplist.obj (.cinit)
                  87e34b04    00000004     --HOLE-- [fill = 0]
                  87e34b08    0000001c     dsplinknotify.lib : _notify.obj (.cinit)
                  87e34b24    00000004     --HOLE-- [fill = 0]
                  87e34b28    0000001c     dsplinkringio.lib : ringio.obj (.cinit)
                  87e34b44    00000004     --HOLE-- [fill = 0]
                  87e34b48    0000001c     rts64plus.lib : _lock.obj (.cinit)
                  87e34b64    00000004     --HOLE-- [fill = 0]
                  87e34b68    00000018     bios.a64P : knl_tick.o64P (.cinit)
                  87e34b80    00000014               : hwi_disp.o64P (.cinit)
                  87e34b94    00000004     --HOLE-- [fill = 0]
                  87e34b98    00000014     bios3430.a64P : bcache_table.o64P (.cinit)
                  87e34bac    00000004     --HOLE-- [fill = 0]
                  87e34bb0    00000010     rts64plus.lib : divf.obj (.cinit)
                  87e34bc0    0000000c     bios.a64P : knl_star.o64P (.cinit)
                  87e34bcc    00000004     --HOLE-- [fill = 0]
                  87e34bd0    0000000c               : knl_swit.o64P (.cinit)
                  87e34bdc    00000004     --HOLE-- [fill = 0]
                  87e34be0    0000000c               : msgq.o64P (.cinit)
                  87e34bec    00000004     --HOLE-- [fill = 0]
                  87e34bf0    0000000c               : pool.o64P (.cinit)
                  87e34bfc    00000004     --HOLE-- [fill = 0]
                  87e34c00    0000000c     bios3430.a64P : bcache_wait.o64P (.cinit)
                  87e34c0c    00000004     --HOLE-- [fill = 0]
                  87e34c10    0000000c     dsplink.lib : shm_drv.obj (.cinit)
                  87e34c1c    00000004     --HOLE-- [fill = 0]
                  87e34c20    0000000c     dsplinkmsg.lib : dsplinkmqt.obj (.cinit)
                  87e34c2c    00000004     --HOLE-- [fill = 0]
                  87e34c30    0000000a     bios.a64P : msgq_init.o64P (.cinit)
                  87e34c3a    00000006     --HOLE-- [fill = 0]
                  87e34c40    0000000a               : msgq_stup.o64P (.cinit)
                  87e34c4a    00000006     --HOLE-- [fill = 0]
                  87e34c50    0000000a               : pool_init.o64P (.cinit)
                  87e34c5a    00000006     --HOLE-- [fill = 0]
                  87e34c60    0000000a     dsplink.lib : dsplink.obj (.cinit)
                  87e34c6a    00000006     --HOLE-- [fill = 0]
                  87e34c70    00000004     (.pad.cinit) [fill = 0]

.clk       0    87e34c74    00000008     UNINITIALIZED
                  87e34c74    00000008     helloDSPcfg.obj (.clk)

.idl       0    87e34c7c    00000004     UNINITIALIZED
                  87e34c7c    00000004     helloDSPcfg.obj (.idl)

.sysinit   0    87e34c80    00000760     
                  87e34c80    00000320     helloDSPcfg.obj (.sysinit)
                  87e34fa0    00000140     bios.a64P : msgq_init.o64P (.sysinit)
                  87e350e0    00000120               : pool_init.o64P (.sysinit)
                  87e35200    000000c0               : boot.o64P (.sysinit)
                  87e352c0    000000a0               : mem_init.o64P (.sysinit)
                  87e35360    00000060               : tsk_init.o64P (.sysinit)
                  87e353c0    00000020               : obj_init.o64P (.sysinit)

.const     0    87e353e0    00000555     
                  87e353e0    00000193     bios.a64P : exc.o64P (.const)
                  87e35573    00000004               : mem_allo.o64P (.const)
                  87e35577    00000001     --HOLE-- [fill = 0]
                  87e35578    00000101     rts64plus.lib : ctype.obj (.const:__ctypes_)
                  87e35679    0000009e     tskMessage.obj (.const:.string)
                  87e35717    0000004e     bios.a64P : pool_init.o64P (.const)
                  87e35765    0000004e               : tsk_stup.o64P (.const)
                  87e357b3    0000002c               : msgq_init.o64P (.const)
                  87e357df    00000024               : msgq_stup.o64P (.const)
                  87e35803    00000023               : utl_doab.o64P (.const)
                  87e35826    00000022               : utl_doer.o64P (.const)
                  87e35848    0000001c     main.obj (.const:.string)
                  87e35864    00000019     dsplinkmplist.lib : _mplist.obj (.const:.string)
                  87e3587d    00000019     dsplinkringio.lib : _ringio.obj (.const:.string)
                  87e35896    00000002     --HOLE-- [fill = 0]
                  87e35898    00000018     bios.a64P : msgq.o64P (.const)
                  87e358b0    00000012     dsplinkmpcs.lib : _mpcs.obj (.const:.string)
                  87e358c2    00000012                     : mpcs.obj (.const:.string)
                  87e358d4    00000012     dsplinkmsg.lib : zcpy_mqt.obj (.const:.string)
                  87e358e6    00000012     dsplinkpool.lib : sma_pool.obj (.const:.string)
                  87e358f8    00000011     bios.a64P : sys_prin.o64P (.const:_digtohex)
                  87e35909    00000003     --HOLE-- [fill = 0]
                  87e3590c    00000010     dsplinkpool.lib : sma_pool.obj (.const)
                  87e3591c    0000000b     dsplink.lib : dsplink.obj (.const:.string)
                  87e35927    00000007     bios.a64P : sys_prin.o64P (.const)
                  87e3592e    00000004               : mem_free.o64P (.const)
                  87e35932    00000002     --HOLE-- [fill = 0]
                  87e35934    00000001               : tsk.o64P (.const)

.printf    0    87e35935    0000001a     COPY SECTION
                  87e35935    0000001a     helloDSPcfg.obj (.printf)

.far       0    87e35938    0000050a     UNINITIALIZED
                  87e35938    00000120     dsplink.lib : ips.obj (.far)
                  87e35a58    000000d8     bios.a64P : knl.o64P (.far)
                  87e35b30    00000080     dsplinkpool.lib : dsplinkpool.obj (.far)
                  87e35bb0    00000080     helloDSP_config.obj (.far)
                  87e35c30    0000005c     bios.a64P : tsk.o64P (.far)
                  87e35c8c    00000004     bios3430.a64P : bcache_wait.o64P (.far)
                  87e35c90    00000054     bios.a64P : obj_init.o64P (.far)
                  87e35ce4    00000050               : tsk_stup.o64P (.far)
                  87e35d34    00000004     bios3430.a64P : clk2430_data.o64P (.far)
                  87e35d38    00000020     bios.a64P : sys.o64P (.far)
                  87e35d58    00000020     tskMessage.obj (.far)
                  87e35d78    00000016     dsplinkmsg.lib : zcpy_mqt.obj (.far)
                  87e35d8e    00000002     dsplink.lib : dsplink.obj (.far)
                  87e35d90    00000014     bios.a64P : swi_seta.o64P (.far)
                  87e35da4    00000004     dsplink.lib : shm_drv.obj (.far)
                  87e35da8    00000014                 : hal_interrupt.obj (.far)
                  87e35dbc    00000010     bios.a64P : exc.o64P (.far)
                  87e35dcc    00000010               : knl_tick.o64P (.far)
                  87e35ddc    0000000c               : hwi_disp.o64P (.far)
                  87e35de8    0000000c               : utl_putc.o64P (.far)
                  87e35df4    0000000c     bios3430.a64P : bcache_table.o64P (.far)
                  87e35e00    00000008     dsplinkmpcs.lib : _mpcs.obj (.far)
                  87e35e08    00000008     dsplinkmplist.lib : _mplist.obj (.far)
                  87e35e10    00000008     dsplinknotify.lib : _notify.obj (.far)
                  87e35e18    00000008     dsplinkringio.lib : ringio.obj (.far)
                  87e35e20    00000008     rts64plus.lib : _lock.obj (.far)
                  87e35e28    00000008                   : divf.obj (.far)
                  87e35e30    00000004     dsplinkdata.lib : dsplinkdata.obj (.far)
                  87e35e34    00000004     dsplinkmpcs.lib : mpcs.obj (.far)
                  87e35e38    00000004     dsplinkmsg.lib : dsplinkmqt.obj (.far)
                  87e35e3c    00000004     helloDSPcfg.obj (.far)
                  87e35e40    00000002     main.obj (.far)

.idlcal    0    87e35e44    00000004     UNINITIALIZED
                  87e35e44    00000004     helloDSPcfg.obj (.idlcal)

.TSK_idle$stk 
*          0    87e35e48    00000400     UNINITIALIZED
                  87e35e48    00000400     helloDSPcfg.obj (.TSK_idle$stk)

.bss       0    87e36248    0000033e     UNINITIALIZED
                  87e36248    00000100     bios.a64P : hwi_disp_asm.o64P (.bss)
                  87e36348    000000cc               : biosdata.o64P (.bss)
                  87e36414    0000009c               : swi.o64P (.bss)
                  87e364b0    00000048               : knl.o64P (.bss)
                  87e364f8    00000020               : exc_asm.o64P (.bss)
                  87e36518    00000018               : hwi.o64P (.bss)
                  87e36530    00000010               : exc.o64P (.bss)
                  87e36540    00000010     helloDSPcfg.obj (.bss)
                  87e36550    0000000c     bios.a64P : tsk.o64P (.bss)
                  87e3655c    00000008               : clk_data.o64P (.bss)
                  87e36564    00000008               : sys.o64P (.bss)
                  87e3656c    00000004               : clk_data2.o64P (.bss)
                  87e36570    00000004               : knl_star.o64P (.bss)
                  87e36574    00000004               : mem_asm.o64P (.bss)
                  87e36578    00000004               : msgq.o64P (.bss)
                  87e3657c    00000004               : pool.o64P (.bss)
                  87e36580    00000002               : msgq_init.o64P (.bss)
                  87e36582    00000002               : msgq_stup.o64P (.bss)
                  87e36584    00000002               : pool_init.o64P (.bss)

.tsk       0    87e36588    00000060     UNINITIALIZED
                  87e36588    00000060     helloDSPcfg.obj (.tsk)

.sts       0    87e365e8    00000010     
                  87e365e8    00000010     helloDSPcfg.obj (.sts)

.mem       0    87e365f8    00000004     UNINITIALIZED
                  87e365f8    00000004     helloDSPcfg.obj (.mem)

.LOG_system$buf 
*          0    87e36600    00000100     UNINITIALIZED
                  87e36600    00000100     helloDSPcfg.obj (.LOG_system$buf)

.data:DSPLINK_shmBaseAddress 
*          0    87e36700    00000084     
                  87e36700    00000084     dsplink.lib : dsplink.obj (.data:DSPLINK_shmBaseAddress) [fill = c3f05000]

.args      0    87e36784    00000032     
                  87e36784    00000032     --HOLE-- [fill = 0]

.log       0    87e367b8    00000030     
                  87e367b8    00000030     helloDSPcfg.obj (.log)

.switch    0    87e367e8    00000010     
                  87e367e8    00000010     dsplinkringio.lib : _ringio.obj (.switch)

.hwi_vec   0    87e36800    00000200     
                  87e36800    00000200     helloDSPcfg.obj (.hwi_vec)

.swi       0    87e36a00    0000002c     UNINITIALIZED
                  87e36a00    0000002c     helloDSPcfg.obj (.swi)

.sys       0    87e36a2c    00000010     UNINITIALIZED
                  87e36a2c    00000010     helloDSPcfg.obj (.sys)


GLOBAL SYMBOLS: SORTED ALPHABETICALLY BY Name 

address    name
--------   ----
87e36248   $bss
87e36248   .bss
87e00080   .data
87e20080   .text
87e34c80   BIOS_init
87e34ee8   BIOS_start
00000000   BUF$
00000001   BUF_ENABLED
ffffffff   CACHE_L1D
ffffffff   CACHE_L1P
ffffffff   CACHE_L2
00000001   CLK$
87e34c74   CLK_A_TABBEG
00000001   CLK_CALDIV
00000001   CLK_CALMULT
00050910   CLK_COUNTSPMS
00000005   CLK_COUNTSPMSHIGH
87e36370   CLK_D_idletime
87e3636c   CLK_D_isrhook
87e36368   CLK_D_tabbeg
87e36364   CLK_D_timefxn
00000001   CLK_ENABLEHTIME
87e2c6e0   CLK_F_getltime
87e2c6f0   CLK_F_isr
87e2c840   CLK_F_itime
87e2a2a0   CLK_HOOKFXN
00000001   CLK_HTIMEDIV
00000001   CLK_HTIMEMULT
00050910   CLK_HTIMEPERLTIME
00004b00   CLK_INPUTCLK
00004000   CLK_INTBIT
00000001   CLK_LTIMEDIV
00050910   CLK_LTIMEMULT
000003e8   CLK_MICROSECS
00004b00   CLK_PRD
00000000   CLK_PRDHIGH
49038000   CLK_REGS
00000000   CLK_RESETTIMER
87e36360   CLK_R_time
00000020   CLK_TCR
00000000   CLK_TDDR
00000000   CLK_TDDRHIGH
87e2eda0   CLK_TIMEFXN
00000000   CLK_TIMERNUM
00000005   CLK_TIMMODE
00000001   CLK_USETIMER
87e34c78   CLK_null
87e3654c   DDR2
87e00080   DDR2$B
00020000   DDR2$L
00000000   DEV$
00000000   DGN$
00000000   DHL$
00000000   DHL_gChannelsAvailable
00000000   DIO$
00000000   DIO_NUMSWIBASE
00000000   DIO_NUMTSKBASE
00000000   DIO_STATIC
00000000   DPI$
ffffffff   DSPLINKMEM
00000000   ECM$
00000000   ECM_ENABLE
ffffffff   ECM_EVTMASK0
ffffffff   ECM_EVTMASK1
ffffffff   ECM_EVTMASK2
ffffffff   ECM_EVTMASK3
0000000a   EVENT10
00000064   EVENT100
00000065   EVENT101
00000066   EVENT102
00000067   EVENT103
00000068   EVENT104
00000069   EVENT105
0000006a   EVENT106
0000006b   EVENT107
0000006c   EVENT108
0000006d   EVENT109
0000000b   EVENT11
0000006e   EVENT110
0000006f   EVENT111
00000070   EVENT112
00000071   EVENT113
00000072   EVENT114
00000073   EVENT115
00000074   EVENT116
00000075   EVENT117
00000076   EVENT118
00000077   EVENT119
0000000c   EVENT12
00000078   EVENT120
00000079   EVENT121
0000007a   EVENT122
0000007b   EVENT123
0000007c   EVENT124
0000007d   EVENT125
0000007e   EVENT126
0000007f   EVENT127
0000000d   EVENT13
0000000e   EVENT14
0000000f   EVENT15
00000010   EVENT16
00000011   EVENT17
00000012   EVENT18
00000013   EVENT19
00000014   EVENT20
00000015   EVENT21
00000016   EVENT22
00000017   EVENT23
00000018   EVENT24
00000019   EVENT25
0000001a   EVENT26
0000001b   EVENT27
0000001c   EVENT28
0000001d   EVENT29
0000001e   EVENT30
0000001f   EVENT31
00000020   EVENT32
00000021   EVENT33
00000022   EVENT34
00000023   EVENT35
00000024   EVENT36
00000025   EVENT37
00000026   EVENT38
00000027   EVENT39
00000004   EVENT4
00000028   EVENT40
00000029   EVENT41
0000002a   EVENT42
0000002b   EVENT43
0000002c   EVENT44
0000002d   EVENT45
0000002e   EVENT46
0000002f   EVENT47
00000030   EVENT48
00000031   EVENT49
00000005   EVENT5
00000032   EVENT50
00000033   EVENT51
00000034   EVENT52
00000035   EVENT53
00000036   EVENT54
00000037   EVENT55
00000038   EVENT56
00000039   EVENT57
0000003a   EVENT58
0000003b   EVENT59
00000006   EVENT6
0000003c   EVENT60
0000003d   EVENT61
0000003e   EVENT62
0000003f   EVENT63
00000040   EVENT64
00000041   EVENT65
00000042   EVENT66
00000043   EVENT67
00000044   EVENT68
00000045   EVENT69
00000007   EVENT7
00000046   EVENT70
00000047   EVENT71
00000048   EVENT72
00000049   EVENT73
0000004a   EVENT74
0000004b   EVENT75
0000004c   EVENT76
0000004d   EVENT77
0000004e   EVENT78
0000004f   EVENT79
00000008   EVENT8
00000050   EVENT80
00000051   EVENT81
00000052   EVENT82
00000053   EVENT83
00000054   EVENT84
00000055   EVENT85
00000056   EVENT86
00000057   EVENT87
00000058   EVENT88
00000059   EVENT89
00000009   EVENT9
0000005a   EVENT90
0000005b   EVENT91
0000005c   EVENT92
0000005d   EVENT93
0000005e   EVENT94
0000005f   EVENT95
00000060   EVENT96
00000061   EVENT97
00000062   EVENT98
00000063   EVENT99
87e2e780   FXN_F_nop
87e2e784   FXN_F_run
87e2e7c0   FXN_F_zero
00000001   GBL$
00005205   GBL_A_VERSION
00000000   GBL_BCACHEREADADDR0
00000000   GBL_BCACHEREADADDR1
00000000   GBL_BCACHEREADADDR2
00000000   GBL_BIGENDIAN
00000000   GBL_CACHE
00000000   GBL_CALLCSLCFGINIT
00004e20   GBL_CLKIN
00000d66   GBL_CLKTYPE
00001963   GBL_DSPSUBTYPE
0000003e   GBL_DSPTYPE
00000000   GBL_ENABLEINST
00000000   GBL_ENABLE_SK
00000042   GBL_FOOTPRINT
00050910   GBL_FREQ
00000000   GBL_GEMTRUECOMPEN
00000007   GBL_L1DMODE
00000003   GBL_L1PMODE
00000001   GBL_L2CONFIGURE
00000000   GBL_L2MAR0_31
00000080   GBL_L2MAR128_159
00000000   GBL_L2MAR160_191
00000000   GBL_L2MAR192_223
00000000   GBL_L2MAR224_255
00000000   GBL_L2MAR32_63
00000000   GBL_L2MAR64_95
00000000   GBL_L2MAR96_127
00000001   GBL_L2MODE
00000000   GBL_NULL
00000000   GBL_PROCID
00000000   GBL_ROM
00000000   GBL_SUPPORTCSL
00004000   GBL_TRCMASKVALUE
00000000   GBL_USERINIT
87e2ec40   GBL_USERINITFXN
00000001   GBL_boot
87e2fffc   GBL_initdone
87e2edc0   GBL_stackbeg
87e2fdbf   GBL_stackend
00000000   GIO$
87e2ec40   GIO_CREATEFXN
87e2ec40   GIO_DELETEFXN
87e2ec40   GIO_PENDFXN
87e2ec40   GIO_POSTFXN
00000000   HOOK$
00000000   HOOK_KNLID
00000000   HST$
87e00080   HST_A_TABBEG
87e00080   HST_A_TABEND
00000000   HST_DSM
87e3654c   HST_DSMBUFSEG
00000400   HST_DSMMEMSIZE
87e363dc   HST_D_chanmask
87e363e0   HST_D_tabbeg
87e363e4   HST_D_tabend
00000100   HST_MAXFRAMEALLOWED
00000000   HST_MAXFRAMESET
00000001   HST_NONE
00000000   HST_RTDX
00000001   HWI$
87e36800   HWI_A_VECS
00004000   HWI_CFGDISPATCHED
87e36528   HWI_D_bss
87e3652c   HWI_D_ccmask
87e36518   HWI_D_spsave
00000001   HWI_ENABLE_EXC
87e2a2a0   HWI_F_dispatch
00000000   HWI_GENERATE_RESET_VEC
0000000a   HWI_INT10
00000000   HWI_INT10$hwi
0000000b   HWI_INT11
00000000   HWI_INT11$hwi
0000000c   HWI_INT12
00000000   HWI_INT12$hwi
0000000d   HWI_INT13
00000000   HWI_INT13$hwi
0000000e   HWI_INT14
00000000   HWI_INT14$hwi
0000000f   HWI_INT15
00000000   HWI_INT15$hwi
00000004   HWI_INT4
00000000   HWI_INT4$hwi
00000005   HWI_INT5
00000000   HWI_INT5$hwi
00000006   HWI_INT6
00000000   HWI_INT6$hwi
00000007   HWI_INT7
00000000   HWI_INT7$hwi
00000008   HWI_INT8
00000000   HWI_INT8$hwi
00000009   HWI_INT9
00000000   HWI_INT9$hwi
07060504   HWI_INTRMUX1
0a0a0908   HWI_INTRMUX2
34330d0b   HWI_INTRMUX3
00000001   HWI_NMI
00000000   HWI_NMI$hwi
00000000   HWI_POLARITYMASK
00000002   HWI_RESERVED0
00000000   HWI_RESERVED0$hwi
00000003   HWI_RESERVED1
00000000   HWI_RESERVED1$hwi
00000000   HWI_RESET
00000000   HWI_RESET$hwi
00000000   HWI_ZEROTAB
00000000   IDL$
87e35e44   IDL_A_CALBEG
87e34c7c   IDL_A_TABBEG
00000000   IDL_CALIBRERROR
00000000   IDL_CALIBRFXN
87e36350   IDL_D_calbeg
87e3634c   IDL_D_calibrate
87e36348   IDL_D_tabbeg
87e34c7c   IDL_END
87e35e44   IDL_END$
87e2eca0   IDL_F_loop
00000000   IDL_USECLKIDLTIME
ffffffff   IRAM
00000001   ISRC$
87e2cb98   KNL_glue
87e36a00   KNL_swi
00000001   KNL_swi$dorta
00000000   KNL_swi$ord
00000000   KNL_swi$pri
87e365ec   KNL_swi$sts
87e35945   KNL_swi$sts$avgfmt
00000002   KNL_swi$sts$filter
00000001   KNL_swi$sts$filtmaxmult
00000001   KNL_swi$sts$filtsummult
87e35935   KNL_swi$sts$maxfmt
87e365e8   KNL_swi$sts$stsobj
87e3593d   KNL_swi$sts$sumfmt
00000000   KNL_swi$sts$unittype
00000000   KNL_swi$swi
ffffffff   L1DSRAM
00000001   LCK$
00000001   LOG$
87e367b8   LOG_A_TABBEG
87e367e8   LOG_A_TABEND
00000002   LOG_A_TABLEN
87e36354   LOG_D_system
00000001   LOG_ENABLED
87e2e440   LOG_F_event
87e367b8   LOG_system
87e36600   LOG_system$buf
00000000   LOG_system$datatype
00000000   LOG_system$log
00000040   LOG_system$size
00000000   MBX$
00000001   MEM$
87e3654c   MEM_MALLOCSEG
00000000   MEM_NULL
87e3654c   MEM_SEGZERO
00000000   MEM_USEMPC
00000001   MEM_gNumHeap
00000001   MSGQ$
00000001   MSGQ_USEMSGQ
00000000   OBJ$
00000000   PIP$
87e00080   PIP_A_TABBEG
87e00080   PIP_A_TABEND
00000000   PIP_A_TABLEN
87e36358   PIP_D_tabbeg
87e3635c   PIP_D_tablen
00000064   PIP_OBJSIZE
00000000   PIP_gNextId
00000000   PIP_gNumEmbed
00000001   POOL$
ffffffff   POOLMEM
00000001   POOL_USEPOOL
00000001   PRD$
87e00080   PRD_A_TABBEG
87e00080   PRD_A_TABEND
00000000   PRD_A_TABLEN
87e36398   PRD_D_cur
87e3639c   PRD_D_elapsed
87e363a0   PRD_D_prevtim
87e363a4   PRD_D_scalar
87e363a8   PRD_D_swihandle
87e363ac   PRD_D_tabbeg
87e363b0   PRD_D_tablen
87e363b4   PRD_D_thook
87e36394   PRD_D_tick
87e2ac40   PRD_F_swi
87e2aec4   PRD_F_tick
00000001   PRD_SCALAR
00000000   PRD_SWIHANDLE
87e2c34c   PRD_THOOKFXN
87e34c74   PRD_clock
00000001   PWRM$
00000000   PWRM_PWRM_CAPSMASK
0000000a   PWRM_PWRM_CLKTICKSPERSLOT
00000000   PWRM_PWRM_ENABLE
00000000   PWRM_PWRM_LOADENABLE
00000001   PWRM_PWRM_NUMSLOTS
00000000   PWRM_PWRM_RESOURCETRACKING
00000000   PWRM_PWRM_SCALING
87e2ec40   PWRM_PWRM_SHAREDRESOURCEFXN
87e2ec40   PWRM_PWRM_SLOTHOOKFXN
00000000   PWRM_PWRM_TIMERIDNUM
00000000   PWRM_PWRM_TIMERINTRMASK
00000000   PWRM_PWRM_TIMERWUGENMASK
00000000   PWRM_PWRM_USERRESOURCES
00000000   PWRM_PWRM_USETIMER
00000001   QUE$
ffffffff   RESET_VECTOR
87e363b8   RTA_D_fromHost
87e363c0   RTA_D_logval
87e363d0   RTA_D_stsval
87e363bc   RTA_D_toHost
00000000   RTDX$
00000408   RTDX_BUFMEMSIZE
87e3654c   RTDX_DATAMEMSEG
00000000   RTDX_MODE
00000000   RTDX_USERTDX
00000000   RTDX_USERTEXECUTION
00000000   SEM$
00000000   SIO$
00000000   STS$
87e365e8   STS_A_TABBEG
87e365f8   STS_A_TABEND
87e2e9ec   STS_F_add
87e2e9c0   STS_F_delta
87e2ea08   STS_F_reset
00000001   SWI$
87e36a00   SWI_A_TABBEG
87e36a2c   SWI_A_TABEND
00000001   SWI_A_TABLEN
87e3642c   SWI_D_curfxn
87e3641c   SWI_D_curmask
87e36428   SWI_D_curmbox
87e36420   SWI_D_curset
87e36418   SWI_D_execaddr
87e36434   SWI_D_inswi
87e36424   SWI_D_lock
87e36430   SWI_D_rdybeg
87e36438   SWI_D_rdytab
87e36414   SWI_D_runaddr
00000000   SWI_EHOOKFXN
87e2a964   SWI_EXECFXN
87e2a780   SWI_F_enable
87e2a964   SWI_F_exec
87e2a98c   SWI_F_iexec
87e2a7f0   SWI_F_post
87e2aa0c   SWI_F_run
00000000   SWI_IHOOKFXN
87e2aa0c   SWI_RUNFXN
00000001   SYS$
87e36a2c   SYS$config
87e2ec00   SYS_ABORTFXN
87e2ed60   SYS_ERRORFXN
87e2ed80   SYS_EXITFXN
87e2eae0   SYS_PUTCFXN
87e2fff8   TRC_R_mask
87e2fff4   TRC_cinit
00000001   TSK$
00000000   TSK_NUM_HOOKS
00000001   TSK_PRIORITY
00000000   TSK_READYFXN
87e3654c   TSK_STACKSEG
00000400   TSK_STACKSIZE
00000000   TSK_SWITCHFXN
87e2ec40   TSK_VCREATEFXN
87e2ec40   TSK_VDELETEFXN
87e2ec40   TSK_VEXITFXN
87e36594   TSK_idle
00000000   TSK_idle$ord
00000000   TSK_idle$pri
87e35e48   TSK_idle$stack
87e361e0   TSK_idle$stkptr
00000000   TSK_idle$tsk
00000000   UDEV$
87e2e140   _ATM_andi
87e2e140   _ATM_andu
87e2e150   _ATM_cleari
87e2e150   _ATM_clearu
87e2e160   _ATM_deci
87e2e160   _ATM_decu
87e2e170   _ATM_inci
87e2e170   _ATM_incu
87e2e184   _ATM_ori
87e2e184   _ATM_oru
87e2e194   _ATM_seti
87e2e194   _ATM_setu
87e2d154   _BCACHE_bootInit
87e2d1d4   _BCACHE_getMar
87e2d184   _BCACHE_getSize
87e2d990   _BCACHE_inv
87e2e630   _BCACHE_invL1pAll
87e2d154   _BCACHE_setCacheToSram
87e2d104   _BCACHE_setMar
87e2d0c0   _BCACHE_setSize
87e2e640   _BCACHE_wait
87e2d980   _BCACHE_wb
87e2e620   _BCACHE_wbAll
87e2d96c   _BCACHE_wbInv
87e2e60c   _BCACHE_wbInvAll
87e34c80   _BIOS_init
87e34ee8   _BIOS_start
87e2eb6c   _C62_clearIFR
87e2eb40   _C62_disableIER
87e2bdc8   _C62_dispatchPlug
87e2eb58   _C62_enableIER
87e2bdc0   _C62_plug
87e2eb6c   _C64_clearIFR
87e2eb40   _C64_disableIER
87e2bdc8   _C64_dispatchPlug
87e2eb58   _C64_enableIER
87e2bdc0   _C64_plug
ffffffff   _CACHE_L1D
ffffffff   _CACHE_L1P
ffffffff   _CACHE_L2
00050910   _CLK_COUNTSPMS
87e3655c   _CLK_DFLTMICROSECS
87e36390   _CLK_D_countspms
87e36384   _CLK_D_dirty
87e36560   _CLK_D_microseconds
87e36388   _CLK_D_prd
87e3638c   _CLK_D_tddr
87e2c840   _CLK_F_itime
00004b00   _CLK_PRD
49038000   _CLK_REGS
00000000   _CLK_TDDR
00000000   _CLK_TIMERNUM
00000001   _CLK_USETIMER
87e2eda0   _CLK_gethtime
49038000   _CLK_gptimer
87e35e3c   _CLK_gptimer_enablemask
87e36374   _CLK_htimeDiv
87e36378   _CLK_htimeMult
87e3656c   _CLK_htimePerLtime
87e35d34   _CLK_inputClock
87e2c840   _CLK_itime
87e3637c   _CLK_ltimeDiv
87e36380   _CLK_ltimeMult
87e2d22c   _CLK_reconfig
87e2ba44   _CLK_start
87e2b9e0   _CLK_stop
87e3654c   _DDR2
87e00080   _DDR2_base
00020000   _DDR2_length
87e35e30   _DSPLINKDATA_ctrlPtr
87e29600   _DSPLINKDATA_init
87e29120   _DSPLINKIPS_init
ffffffff   _DSPLINKMEM
87e35e38   _DSPLINKMQT_ctrlPtr
87e29640   _DSPLINKMQT_init
87e35b30   _DSPLINKPOOL_ctrlPtr
87e291c0   _DSPLINKPOOL_init
87e28e20   _DSPLINK_init
87e36700   _DSPLINK_shmBaseAddress
87e36708   _DSPLINK_shmBaseAddress_pad
0000000a   _EVENT10
00000064   _EVENT100
00000065   _EVENT101
00000066   _EVENT102
00000067   _EVENT103
00000068   _EVENT104
00000069   _EVENT105
0000006a   _EVENT106
0000006b   _EVENT107
0000006c   _EVENT108
0000006d   _EVENT109
0000000b   _EVENT11
0000006e   _EVENT110
0000006f   _EVENT111
00000070   _EVENT112
00000071   _EVENT113
00000072   _EVENT114
00000073   _EVENT115
00000074   _EVENT116
00000075   _EVENT117
00000076   _EVENT118
00000077   _EVENT119
0000000c   _EVENT12
00000078   _EVENT120
00000079   _EVENT121
0000007a   _EVENT122
0000007b   _EVENT123
0000007c   _EVENT124
0000007d   _EVENT125
0000007e   _EVENT126
0000007f   _EVENT127
0000000d   _EVENT13
0000000e   _EVENT14
0000000f   _EVENT15
00000010   _EVENT16
00000011   _EVENT17
00000012   _EVENT18
00000013   _EVENT19
00000014   _EVENT20
00000015   _EVENT21
00000016   _EVENT22
00000017   _EVENT23
00000018   _EVENT24
00000019   _EVENT25
0000001a   _EVENT26
0000001b   _EVENT27
0000001c   _EVENT28
0000001d   _EVENT29
0000001e   _EVENT30
0000001f   _EVENT31
00000020   _EVENT32
00000021   _EVENT33
00000022   _EVENT34
00000023   _EVENT35
00000024   _EVENT36
00000025   _EVENT37
00000026   _EVENT38
00000027   _EVENT39
00000004   _EVENT4
00000028   _EVENT40
00000029   _EVENT41
0000002a   _EVENT42
0000002b   _EVENT43
0000002c   _EVENT44
0000002d   _EVENT45
0000002e   _EVENT46
0000002f   _EVENT47
00000030   _EVENT48
00000031   _EVENT49
00000005   _EVENT5
00000032   _EVENT50
00000033   _EVENT51
00000034   _EVENT52
00000035   _EVENT53
00000036   _EVENT54
00000037   _EVENT55
00000038   _EVENT56
00000039   _EVENT57
0000003a   _EVENT58
0000003b   _EVENT59
00000006   _EVENT6
0000003c   _EVENT60
0000003d   _EVENT61
0000003e   _EVENT62
0000003f   _EVENT63
00000040   _EVENT64
00000041   _EVENT65
00000042   _EVENT66
00000043   _EVENT67
00000044   _EVENT68
00000045   _EVENT69
00000007   _EVENT7
00000046   _EVENT70
00000047   _EVENT71
00000048   _EVENT72
00000049   _EVENT73
0000004a   _EVENT74
0000004b   _EVENT75
0000004c   _EVENT76
0000004d   _EVENT77
0000004e   _EVENT78
0000004f   _EVENT79
00000008   _EVENT8
00000050   _EVENT80
00000051   _EVENT81
00000052   _EVENT82
00000053   _EVENT83
00000054   _EVENT84
00000055   _EVENT85
00000056   _EVENT86
00000057   _EVENT87
00000058   _EVENT88
00000059   _EVENT89
00000009   _EVENT9
0000005a   _EVENT90
0000005b   _EVENT91
0000005c   _EVENT92
0000005d   _EVENT93
0000005e   _EVENT94
0000005f   _EVENT95
00000060   _EVENT96
00000061   _EVENT97
00000062   _EVENT98
00000063   _EVENT99
87e2a270   _EXC_clearLastStatus
87e2bfa0   _EXC_dispatch
87e2a0f4   _EXC_exceptionHandler
87e36530   _EXC_exceptionHook
87e2a0c0   _EXC_external
87e36538   _EXC_externalHook
87e2a0a0   _EXC_getLastStatus
87e2a060   _EXC_init
87e29db4   _EXC_internal
87e36534   _EXC_internalHook
87e29d80   _EXC_nmi
87e3653c   _EXC_nmiHook
87e36500   _EXC_returnPtr
87e2c164   _EXC_setReturnPtr
87e35dbc   _EXC_status
87e364f8   _EXC_sysTrapTable
87e2ec40   _FXN_F_nop
87e2e784   _FXN_F_run
87e2e7c0   _FXN_F_zero
00000000   _GBL_CACHE
87e2d3a4   _GBL_cacheInit64P
87e363ec   _GBL_clkIn
87e363f0   _GBL_freq
87e2ec60   _GBL_getVersion
87e363e8   _GBL_procId
87e296e8   _HAL_exit
87e296c0   _HAL_init
87e28a78   _HAL_intClear
87e28a4c   _HAL_intDisable
87e28a20   _HAL_intEnable
87e28580   _HAL_intInit
87e28460   _HAL_intRegister
87e28a10   _HAL_intSend
87e289a0   _HAL_intWaitClear
87e2ec80   _HOOK_setenv
87e00080   _HST_A_TABBEG
87e00080   _HST_A_TABEND
87e35ddc   _HWI_ATTRS
00004000   _HWI_CFGDISPATCHED
87e36524   _HWI_D_inhwi
87e36518   _HWI_D_spsave
87e2a2a0   _HWI_F_dispatch
0000000a   _HWI_INT10
0000000b   _HWI_INT11
0000000c   _HWI_INT12
0000000d   _HWI_INT13
0000000e   _HWI_INT14
0000000f   _HWI_INT15
00000004   _HWI_INT4
00000005   _HWI_INT5
00000006   _HWI_INT6
00000007   _HWI_INT7
00000008   _HWI_INT8
00000009   _HWI_INT9
00000001   _HWI_NMI
00000002   _HWI_RESERVED0
00000003   _HWI_RESERVED1
00000000   _HWI_RESET
87e2fdb8   _HWI_STKBOTTOM
87e2edc0   _HWI_STKTOP
87e36518   _HWI_data
87e2e7e0   _HWI_disable
87e2e1c0   _HWI_dispatchPlug
87e36248   _HWI_dispatchTab
87e2e7f8   _HWI_enable
87e2e240   _HWI_eventMap
87e2e80c   _HWI_restore
87e2eca0   _IDL_loop
87e259f8   _IPS_clearReserved
87e25944   _IPS_exit
87e257e0   _IPS_init
87e25258   _IPS_isNotReserved
87e255d4   _IPS_notify
87e25280   _IPS_register
87e25230   _IPS_setReserved
87e24e80   _IPS_unregister
ffffffff   _IRAM
87e364b8   _KNL_alarm
87e2d460   _KNL_check
87e364dc   _KNL_curqueue
87e364cc   _KNL_curtask
87e364d4   _KNL_curtime
87e35af8   _KNL_dummy
87e2dba0   _KNL_enter
87e2db60   _KNL_exit
87e2d528   _KNL_idle
87e364f4   _KNL_idlefxn
87e364c0   _KNL_inactive
87e2e2c0   _KNL_ipost
87e2d550   _KNL_max
87e364e0   _KNL_maxqueue
87e2e340   _KNL_post
87e364d0   _KNL_prevtask
87e364c4   _KNL_priority
87e35a58   _KNL_queues
87e2cd00   _KNL_ready
87e2b5a0   _KNL_run
87e2ca40   _KNL_saveIsrFrame
87e364c8   _KNL_set
87e364bc   _KNL_setpri
87e2dce0   _KNL_start
87e36a00   _KNL_swi
87e364d8   _KNL_swiptr
87e2caec   _KNL_switch
87e364e8   _KNL_tcreatefxn
87e364ec   _KNL_tdeletefxn
87e2c34c   _KNL_tick
87e364f0   _KNL_treadyfxn
87e364e4   _KNL_tswitchfxn
87e364b0   _KNL_wFlag
87e364b4   _KNL_wList
ffffffff   _L1DSRAM
87e2e3e0   _LCK_pend
87e2e3c0   _LCK_post
87e367b8   _LOG_A_TABBEG
87e367e8   _LOG_A_TABEND
00000002   _LOG_A_TABLEN
87e36354   _LOG_D_system
87e2e440   _LOG_event
87e2ecc0   _LOG_printf
87e367b8   _LOG_system
87e36574   _MEM
87e363f4   _MEM_D_NUMSEGMENTS
87e363fc   _MEM_D_freelist
87e36400   _MEM_D_lockaddr
87e363f8   _MEM_D_memtab
87e36404   _MEM_D_unlockaddr
87e2bbe0   _MEM_alloc
87e2c360   _MEM_free
87e352c0   _MEM_init
87e36540   _MEM_memtab
87e2e6c0   _MEM_valloc
87e24db4   _MPCS_close
87e24864   _MPCS_create
87e35e04   _MPCS_csObj
87e35e00   _MPCS_ctrlPtr
87e243a0   _MPCS_delete
87e241ac   _MPCS_enter
87e27b54   _MPCS_exit
87e279d4   _MPCS_init
87e24080   _MPCS_leave
87e24020   _MPCS_open
87e35e08   _MPLIST_ctrlPtr
87e283e0   _MPLIST_exit
87e28260   _MPLIST_init
87e35e0c   _MPLIST_mpcsObj
87e36578   _MSGQ
87e35898   _MSGQ_ATTRS
87e358a8   _MSGQ_LOCATEASYNCATTRS
87e358a4   _MSGQ_LOCATEATTRS
87e2dc20   _MSGQ_alloc
87e2dd80   _MSGQ_close
87e35c00   _MSGQ_config
87e2eb80   _MSGQ_free
87e2de20   _MSGQ_get
87e34fa0   _MSGQ_init
87e2d6a0   _MSGQ_locate
87e2d9a0   _MSGQ_locateLocal
87e2ce40   _MSGQ_open
87e2dec0   _MSGQ_put
87e2e840   _MSGQ_release
87e2ece0   _MSGQ_setErrorHandler
87e2d7a0   _MSGQ_startup
87e35e10   _NOTIFY_ctrlPtr
87e29060   _NOTIFY_init
87e28814   _NOTIFY_notify
87e35e14   _NOTIFY_numIps
87e287b4   _NOTIFY_register
87e28760   _NOTIFY_unregister
87e2e4c0   _OBJ_create
87e2e8a0   _OBJ_delete
87e353c0   _OBJ_init
87e35cc8   _OBJ_segtab
87e35c90   _OBJ_table
87e00080   _PIP_A_TABBEG
87e00080   _PIP_A_TABEND
87e3657c   _POOL
ffffffff   _POOLMEM
87e35c28   _POOL_config
87e350e0   _POOL_init
87e26704   _POOL_open
87e36394   _PRD_D_tick
87e34c74   _PRD_clock
87e2ebc0   _QUE_get
87e2ebe8   _QUE_put
ffffffff   _RESET_VECTOR
87e35e18   _RingIO_ctrlPtr
87e23038   _RingIO_exit
87e22eb8   _RingIO_init
87e35e1c   _RingIO_mpcsObj
87e2e960   _SEM_pend
87e2e900   _SEM_pendBinary
87e2b7e0   _SEM_pendEnterKnl
87e2da80   _SEM_post
87e2da80   _SEM_postBinary
87e2df60   _SEM_postEnterKnl
87e28ab4   _SHMDRV_handshake
87e28aa0   _SHMDRV_init
87e3590c   _SMAPOOL_FXNS
87e2706c   _SMAPOOL_alloc
87e26e70   _SMAPOOL_free
87e26e58   _SMAPOOL_init
87e26d20   _SMAPOOL_open
87e365e8   _STS_A_TABBEG
87e365f8   _STS_A_TABEND
87e2e9ec   _STS_add
87e2e9c0   _STS_delta
87e2ea08   _STS_reset
87e2ed00   _STS_set
87e35d90   _SWI_ATTRS
87e3642c   _SWI_D_curfxn
87e3641c   _SWI_D_curmask
87e36420   _SWI_D_curset
87e36418   _SWI_D_execaddr
87e36434   _SWI_D_inswi
87e36424   _SWI_D_lock
87e36430   _SWI_D_rdybeg
87e36414   _SWI_D_runaddr
87e2e540   _SWI_create
87e36414   _SWI_data
87e2ed20   _SWI_delete
87e2ea20   _SWI_disable
87e2ea44   _SWI_enable
87e2a7f0   _SWI_post
87e2e000   _SWI_setattrs
87e36408   _SYS
87e2fdc0   _SYS_PUTCBEG
87e2ffbf   _SYS_PUTCEND
87e2ea80   _SYS_abort
87e2e720   _SYS_error
87e2e0a0   _SYS_exit
87e35d38   _SYS_exitStack
87e36564   _SYS_exitStackPtr
87e36568   _SYS_exitStackTop
87e2ed48   _SYS_one
87e29d30   _SYS_printf
87e29d04   _SYS_sprintf
87e29cf4   _SYS_vprintf
87e298c0   _SYS_vsprintf
87e2ed40   _SYS_zero
87e35bb2   _SamplePoolParams
87e2fff8   _TRC_R_mask
87e36558   _TSK
87e23db4   _TSKMESSAGE_create
87e23cac   _TSKMESSAGE_delete
87e23568   _TSKMESSAGE_execute
87e35c30   _TSK_ATTRS
87e35c4c   _TSK_config
87e2afc0   _TSK_create
87e2cf80   _TSK_exit
87e36594   _TSK_idle
87e35360   _TSK_init
87e36550   _TSK_nTasks
87e36554   _TSK_pid
87e2c8a0   _TSK_setup
87e2d624   _TSK_startup
87e35c6c   _TSK_timerSem
87e2ec00   _UTL_doAbort
87e2ed60   _UTL_doError
87e2eae0   _UTL_doPutc
87e2ed80   _UTL_halt
87e35d78   _ZCPYMQT_FXNS
87e29700   _ZCPYMQT_init
87e35c8c   __BCACHE_emifAddr
87e35df4   __BCACHE_readTable
87e2c85c   __CLK_lat1beg
87e2c880   __CLK_lat1end
87e26200   __DSPLINK_init
87e36410   __HOOK_NUMHOOKS
87e3640c   __HOOK_knlId
87e2a2a0   __HWI_lat1beg
87e2a428   __HWI_lat1end
87e2a428   __HWI_lat2beg
87e2a604   __HWI_lat2end1
87e2a590   __HWI_lat2end2
87e2a620   __HWI_lat3beg
87e2a5c0   __HWI_lat3end2
87e2d4ac   __KNL_lat1beg
87e2d528   __KNL_lat1end
87e2e440   __LOG_lat1beg
87e35d0c   __MEM_mutex
87e27760   __MPCS_open
48004000   __PWRM_CM_BASEADDR
5d000000   __PWRM_IVAMMU_BASEADDR
48306000   __PWRM_PRM_BASEADDR
48002000   __PWRM_SCM_BASEADDR
00000000   __PWRM_TIMERBASEADDR
00000020   __PWRM_TIMERINPUTCLK
00000000   __PWRM_TIMERINTRMASK
0000000a   __PWRM_TIMERPERIOD
00000000   __PWRM_USETIMER
87e2ebc0   __QUE_lat1beg
87e2ebe0   __QUE_lat1end
87e2ebe8   __QUE_lat2beg
87e2ebf4   __QUE_lat2end
87e22cac   __RingIO_callNotifier
87e22bc8   __RingIO_checkNotifier
87e22674   __RingIO_getContiguousDataSize
87e21660   __RingIO_getFirstAcquiredAttr
87e20334   __RingIO_getFirstAttr
87e208a4   __RingIO_initInstance
87e21710   __RingIO_invalidateDataBuffer
87e22790   __RingIO_readerAcquire
87e224c8   __RingIO_readerCancel
87e21fb0   __RingIO_readerFlush
87e21be8   __RingIO_readerGetvAttribute
87e217ec   __RingIO_readerRelease
87e20434   __RingIO_releaseAttribute
87e20e68   __RingIO_updateAttributes
87e21424   __RingIO_writerAcquire
87e21038   __RingIO_writerCancel
87e20964   __RingIO_writerFlush
87e20518   __RingIO_writerRelease
87e20080   __RingIO_writerSetvAttribute
87e2c520   __SEM_dopost
00001000   __STACK_SIZE
87e2a8f8   __SWI_lat1beg
87e2a9a4   __SWI_lat1end
87e2a9a8   __SWI_lat2beg
87e2aa08   __SWI_lat2end
87e2a780   __SWI_lat3beg
87e2a7ec   __SWI_lat3end
87e35ce4   __TSK_mutex
ffffffff   ___TI_pprof_out_hndl
ffffffff   ___TI_prof_data_size
ffffffff   ___TI_prof_data_start
ffffffff   ___binit__
87e36248   ___bss__
ffffffff   ___c_args__
87e34000   ___cinit__
87e00080   ___data__
87e00080   ___edata__
87e36586   ___end__
87e297c0   ___etext__
ffffffff   ___pinit__
87e20080   ___text__
87e2cbc0   __auto_init
87e28b80   __cmpd
87e29440   __cmpf
87e35578   __ctypes_
87e29540   __cvtfd
87e27260   __divf
87e28ee0   __divu
87e294c0   __fixfu
87e29680   __fltuf
87e295a0   __frcmpyf
87e29260   __frcmpyf_div
87e35e20   __lock
87e28060   __mpyf
87e29760   __nop
87e29780   __register_lock
87e297a0   __register_unlock
87e29300   __remu
87e2edc0   __stack
87e35e24   __unlock
87e28c60   _atoi
87e35200   _c_int00
87e2b538   _calloc
87e35d58   _dspMsgQName
87e2b300   _free
87e288e4   _main
87e2b328   _malloc
87e230e0   _matMult
87e2b458   _memalign
87e293a0   _memcpy
87e28d40   _memset
87e35bb0   _mqtParams
87e35e40   _numTransfers
87e2b38c   _realloc
87e367d0   _trace
87e35bd8   _transports
ffffffff   binit
87e34000   cinit
87e00080   edata
87e36586   end
87e297c0   etext
87e36800   hwi0
87e36820   hwi1
87e36940   hwi10
87e36960   hwi11
87e36980   hwi12
87e369a0   hwi13
87e369c0   hwi14
87e369e0   hwi15
87e36840   hwi2
87e36860   hwi3
87e36880   hwi4
87e368a0   hwi5
87e368c0   hwi6
87e368e0   hwi7
87e36900   hwi8
87e36920   hwi9
ffffffff   pinit
87e367d0   trace
87e30000   trace$buf
00000001   trace$datatype
00000000   trace$log
00001000   trace$size


GLOBAL SYMBOLS: SORTED BY Symbol Address 

address    name
--------   ----
00000000   BUF$
00000000   CLK_PRDHIGH
00000000   CLK_RESETTIMER
00000000   CLK_TDDR
00000000   CLK_TDDRHIGH
00000000   CLK_TIMERNUM
00000000   DEV$
00000000   DGN$
00000000   DHL$
00000000   DHL_gChannelsAvailable
00000000   DIO$
00000000   DIO_NUMSWIBASE
00000000   DIO_NUMTSKBASE
00000000   DIO_STATIC
00000000   DPI$
00000000   ECM$
00000000   ECM_ENABLE
00000000   GBL_BCACHEREADADDR0
00000000   GBL_BCACHEREADADDR1
00000000   GBL_BCACHEREADADDR2
00000000   GBL_BIGENDIAN
00000000   GBL_CACHE
00000000   GBL_CALLCSLCFGINIT
00000000   GBL_ENABLEINST
00000000   GBL_ENABLE_SK
00000000   GBL_GEMTRUECOMPEN
00000000   GBL_L2MAR0_31
00000000   GBL_L2MAR160_191
00000000   GBL_L2MAR192_223
00000000   GBL_L2MAR224_255
00000000   GBL_L2MAR32_63
00000000   GBL_L2MAR64_95
00000000   GBL_L2MAR96_127
00000000   GBL_NULL
00000000   GBL_PROCID
00000000   GBL_ROM
00000000   GBL_SUPPORTCSL
00000000   GBL_USERINIT
00000000   GIO$
00000000   HOOK$
00000000   HOOK_KNLID
00000000   HST$
00000000   HST_DSM
00000000   HST_MAXFRAMESET
00000000   HST_RTDX
00000000   HWI_GENERATE_RESET_VEC
00000000   HWI_INT10$hwi
00000000   HWI_INT11$hwi
00000000   HWI_INT12$hwi
00000000   HWI_INT13$hwi
00000000   HWI_INT14$hwi
00000000   HWI_INT15$hwi
00000000   HWI_INT4$hwi
00000000   HWI_INT5$hwi
00000000   HWI_INT6$hwi
00000000   HWI_INT7$hwi
00000000   HWI_INT8$hwi
00000000   HWI_INT9$hwi
00000000   HWI_NMI$hwi
00000000   HWI_POLARITYMASK
00000000   HWI_RESERVED0$hwi
00000000   HWI_RESERVED1$hwi
00000000   HWI_RESET
00000000   HWI_RESET$hwi
00000000   HWI_ZEROTAB
00000000   IDL$
00000000   IDL_CALIBRERROR
00000000   IDL_CALIBRFXN
00000000   IDL_USECLKIDLTIME
00000000   KNL_swi$ord
00000000   KNL_swi$pri
00000000   KNL_swi$sts$unittype
00000000   KNL_swi$swi
00000000   LOG_system$datatype
00000000   LOG_system$log
00000000   MBX$
00000000   MEM_NULL
00000000   MEM_USEMPC
00000000   OBJ$
00000000   PIP$
00000000   PIP_A_TABLEN
00000000   PIP_gNextId
00000000   PIP_gNumEmbed
00000000   PRD_A_TABLEN
00000000   PRD_SWIHANDLE
00000000   PWRM_PWRM_CAPSMASK
00000000   PWRM_PWRM_ENABLE
00000000   PWRM_PWRM_LOADENABLE
00000000   PWRM_PWRM_RESOURCETRACKING
00000000   PWRM_PWRM_SCALING
00000000   PWRM_PWRM_TIMERIDNUM
00000000   PWRM_PWRM_TIMERINTRMASK
00000000   PWRM_PWRM_TIMERWUGENMASK
00000000   PWRM_PWRM_USERRESOURCES
00000000   PWRM_PWRM_USETIMER
00000000   RTDX$
00000000   RTDX_MODE
00000000   RTDX_USERTDX
00000000   RTDX_USERTEXECUTION
00000000   SEM$
00000000   SIO$
00000000   STS$
00000000   SWI_EHOOKFXN
00000000   SWI_IHOOKFXN
00000000   TSK_NUM_HOOKS
00000000   TSK_READYFXN
00000000   TSK_SWITCHFXN
00000000   TSK_idle$ord
00000000   TSK_idle$pri
00000000   TSK_idle$tsk
00000000   UDEV$
00000000   _CLK_TDDR
00000000   _CLK_TIMERNUM
00000000   _GBL_CACHE
00000000   _HWI_RESET
00000000   __PWRM_TIMERBASEADDR
00000000   __PWRM_TIMERINTRMASK
00000000   __PWRM_USETIMER
00000000   trace$log
00000001   BUF_ENABLED
00000001   CLK$
00000001   CLK_CALDIV
00000001   CLK_CALMULT
00000001   CLK_ENABLEHTIME
00000001   CLK_HTIMEDIV
00000001   CLK_HTIMEMULT
00000001   CLK_LTIMEDIV
00000001   CLK_USETIMER
00000001   GBL$
00000001   GBL_L2CONFIGURE
00000001   GBL_L2MODE
00000001   GBL_boot
00000001   HST_NONE
00000001   HWI$
00000001   HWI_ENABLE_EXC
00000001   HWI_NMI
00000001   ISRC$
00000001   KNL_swi$dorta
00000001   KNL_swi$sts$filtmaxmult
00000001   KNL_swi$sts$filtsummult
00000001   LCK$
00000001   LOG$
00000001   LOG_ENABLED
00000001   MEM$
00000001   MEM_gNumHeap
00000001   MSGQ$
00000001   MSGQ_USEMSGQ
00000001   POOL$
00000001   POOL_USEPOOL
00000001   PRD$
00000001   PRD_SCALAR
00000001   PWRM$
00000001   PWRM_PWRM_NUMSLOTS
00000001   QUE$
00000001   SWI$
00000001   SWI_A_TABLEN
00000001   SYS$
00000001   TSK$
00000001   TSK_PRIORITY
00000001   _CLK_USETIMER
00000001   _HWI_NMI
00000001   trace$datatype
00000002   HWI_RESERVED0
00000002   KNL_swi$sts$filter
00000002   LOG_A_TABLEN
00000002   _HWI_RESERVED0
00000002   _LOG_A_TABLEN
00000003   GBL_L1PMODE
00000003   HWI_RESERVED1
00000003   _HWI_RESERVED1
00000004   EVENT4
00000004   HWI_INT4
00000004   _EVENT4
00000004   _HWI_INT4
00000005   CLK_COUNTSPMSHIGH
00000005   CLK_TIMMODE
00000005   EVENT5
00000005   HWI_INT5
00000005   _EVENT5
00000005   _HWI_INT5
00000006   EVENT6
00000006   HWI_INT6
00000006   _EVENT6
00000006   _HWI_INT6
00000007   EVENT7
00000007   GBL_L1DMODE
00000007   HWI_INT7
00000007   _EVENT7
00000007   _HWI_INT7
00000008   EVENT8
00000008   HWI_INT8
00000008   _EVENT8
00000008   _HWI_INT8
00000009   EVENT9
00000009   HWI_INT9
00000009   _EVENT9
00000009   _HWI_INT9
0000000a   EVENT10
0000000a   HWI_INT10
0000000a   PWRM_PWRM_CLKTICKSPERSLOT
0000000a   _EVENT10
0000000a   _HWI_INT10
0000000a   __PWRM_TIMERPERIOD
0000000b   EVENT11
0000000b   HWI_INT11
0000000b   _EVENT11
0000000b   _HWI_INT11
0000000c   EVENT12
0000000c   HWI_INT12
0000000c   _EVENT12
0000000c   _HWI_INT12
0000000d   EVENT13
0000000d   HWI_INT13
0000000d   _EVENT13
0000000d   _HWI_INT13
0000000e   EVENT14
0000000e   HWI_INT14
0000000e   _EVENT14
0000000e   _HWI_INT14
0000000f   EVENT15
0000000f   HWI_INT15
0000000f   _EVENT15
0000000f   _HWI_INT15
00000010   EVENT16
00000010   _EVENT16
00000011   EVENT17
00000011   _EVENT17
00000012   EVENT18
00000012   _EVENT18
00000013   EVENT19
00000013   _EVENT19
00000014   EVENT20
00000014   _EVENT20
00000015   EVENT21
00000015   _EVENT21
00000016   EVENT22
00000016   _EVENT22
00000017   EVENT23
00000017   _EVENT23
00000018   EVENT24
00000018   _EVENT24
00000019   EVENT25
00000019   _EVENT25
0000001a   EVENT26
0000001a   _EVENT26
0000001b   EVENT27
0000001b   _EVENT27
0000001c   EVENT28
0000001c   _EVENT28
0000001d   EVENT29
0000001d   _EVENT29
0000001e   EVENT30
0000001e   _EVENT30
0000001f   EVENT31
0000001f   _EVENT31
00000020   CLK_TCR
00000020   EVENT32
00000020   _EVENT32
00000020   __PWRM_TIMERINPUTCLK
00000021   EVENT33
00000021   _EVENT33
00000022   EVENT34
00000022   _EVENT34
00000023   EVENT35
00000023   _EVENT35
00000024   EVENT36
00000024   _EVENT36
00000025   EVENT37
00000025   _EVENT37
00000026   EVENT38
00000026   _EVENT38
00000027   EVENT39
00000027   _EVENT39
00000028   EVENT40
00000028   _EVENT40
00000029   EVENT41
00000029   _EVENT41
0000002a   EVENT42
0000002a   _EVENT42
0000002b   EVENT43
0000002b   _EVENT43
0000002c   EVENT44
0000002c   _EVENT44
0000002d   EVENT45
0000002d   _EVENT45
0000002e   EVENT46
0000002e   _EVENT46
0000002f   EVENT47
0000002f   _EVENT47
00000030   EVENT48
00000030   _EVENT48
00000031   EVENT49
00000031   _EVENT49
00000032   EVENT50
00000032   _EVENT50
00000033   EVENT51
00000033   _EVENT51
00000034   EVENT52
00000034   _EVENT52
00000035   EVENT53
00000035   _EVENT53
00000036   EVENT54
00000036   _EVENT54
00000037   EVENT55
00000037   _EVENT55
00000038   EVENT56
00000038   _EVENT56
00000039   EVENT57
00000039   _EVENT57
0000003a   EVENT58
0000003a   _EVENT58
0000003b   EVENT59
0000003b   _EVENT59
0000003c   EVENT60
0000003c   _EVENT60
0000003d   EVENT61
0000003d   _EVENT61
0000003e   EVENT62
0000003e   GBL_DSPTYPE
0000003e   _EVENT62
0000003f   EVENT63
0000003f   _EVENT63
00000040   EVENT64
00000040   LOG_system$size
00000040   _EVENT64
00000041   EVENT65
00000041   _EVENT65
00000042   EVENT66
00000042   GBL_FOOTPRINT
00000042   _EVENT66
00000043   EVENT67
00000043   _EVENT67
00000044   EVENT68
00000044   _EVENT68
00000045   EVENT69
00000045   _EVENT69
00000046   EVENT70
00000046   _EVENT70
00000047   EVENT71
00000047   _EVENT71
00000048   EVENT72
00000048   _EVENT72
00000049   EVENT73
00000049   _EVENT73
0000004a   EVENT74
0000004a   _EVENT74
0000004b   EVENT75
0000004b   _EVENT75
0000004c   EVENT76
0000004c   _EVENT76
0000004d   EVENT77
0000004d   _EVENT77
0000004e   EVENT78
0000004e   _EVENT78
0000004f   EVENT79
0000004f   _EVENT79
00000050   EVENT80
00000050   _EVENT80
00000051   EVENT81
00000051   _EVENT81
00000052   EVENT82
00000052   _EVENT82
00000053   EVENT83
00000053   _EVENT83
00000054   EVENT84
00000054   _EVENT84
00000055   EVENT85
00000055   _EVENT85
00000056   EVENT86
00000056   _EVENT86
00000057   EVENT87
00000057   _EVENT87
00000058   EVENT88
00000058   _EVENT88
00000059   EVENT89
00000059   _EVENT89
0000005a   EVENT90
0000005a   _EVENT90
0000005b   EVENT91
0000005b   _EVENT91
0000005c   EVENT92
0000005c   _EVENT92
0000005d   EVENT93
0000005d   _EVENT93
0000005e   EVENT94
0000005e   _EVENT94
0000005f   EVENT95
0000005f   _EVENT95
00000060   EVENT96
00000060   _EVENT96
00000061   EVENT97
00000061   _EVENT97
00000062   EVENT98
00000062   _EVENT98
00000063   EVENT99
00000063   _EVENT99
00000064   EVENT100
00000064   PIP_OBJSIZE
00000064   _EVENT100
00000065   EVENT101
00000065   _EVENT101
00000066   EVENT102
00000066   _EVENT102
00000067   EVENT103
00000067   _EVENT103
00000068   EVENT104
00000068   _EVENT104
00000069   EVENT105
00000069   _EVENT105
0000006a   EVENT106
0000006a   _EVENT106
0000006b   EVENT107
0000006b   _EVENT107
0000006c   EVENT108
0000006c   _EVENT108
0000006d   EVENT109
0000006d   _EVENT109
0000006e   EVENT110
0000006e   _EVENT110
0000006f   EVENT111
0000006f   _EVENT111
00000070   EVENT112
00000070   _EVENT112
00000071   EVENT113
00000071   _EVENT113
00000072   EVENT114
00000072   _EVENT114
00000073   EVENT115
00000073   _EVENT115
00000074   EVENT116
00000074   _EVENT116
00000075   EVENT117
00000075   _EVENT117
00000076   EVENT118
00000076   _EVENT118
00000077   EVENT119
00000077   _EVENT119
00000078   EVENT120
00000078   _EVENT120
00000079   EVENT121
00000079   _EVENT121
0000007a   EVENT122
0000007a   _EVENT122
0000007b   EVENT123
0000007b   _EVENT123
0000007c   EVENT124
0000007c   _EVENT124
0000007d   EVENT125
0000007d   _EVENT125
0000007e   EVENT126
0000007e   _EVENT126
0000007f   EVENT127
0000007f   _EVENT127
00000080   GBL_L2MAR128_159
00000100   HST_MAXFRAMEALLOWED
000003e8   CLK_MICROSECS
00000400   HST_DSMMEMSIZE
00000400   TSK_STACKSIZE
00000408   RTDX_BUFMEMSIZE
00000d66   GBL_CLKTYPE
00001000   __STACK_SIZE
00001000   trace$size
00001963   GBL_DSPSUBTYPE
00004000   CLK_INTBIT
00004000   GBL_TRCMASKVALUE
00004000   HWI_CFGDISPATCHED
00004000   _HWI_CFGDISPATCHED
00004b00   CLK_INPUTCLK
00004b00   CLK_PRD
00004b00   _CLK_PRD
00004e20   GBL_CLKIN
00005205   GBL_A_VERSION
00020000   DDR2$L
00020000   _DDR2_length
00050910   CLK_COUNTSPMS
00050910   CLK_HTIMEPERLTIME
00050910   CLK_LTIMEMULT
00050910   GBL_FREQ
00050910   _CLK_COUNTSPMS
07060504   HWI_INTRMUX1
0a0a0908   HWI_INTRMUX2
34330d0b   HWI_INTRMUX3
48002000   __PWRM_SCM_BASEADDR
48004000   __PWRM_CM_BASEADDR
48306000   __PWRM_PRM_BASEADDR
49038000   CLK_REGS
49038000   _CLK_REGS
49038000   _CLK_gptimer
5d000000   __PWRM_IVAMMU_BASEADDR
87e00080   .data
87e00080   DDR2$B
87e00080   HST_A_TABBEG
87e00080   HST_A_TABEND
87e00080   PIP_A_TABBEG
87e00080   PIP_A_TABEND
87e00080   PRD_A_TABBEG
87e00080   PRD_A_TABEND
87e00080   _DDR2_base
87e00080   _HST_A_TABBEG
87e00080   _HST_A_TABEND
87e00080   _PIP_A_TABBEG
87e00080   _PIP_A_TABEND
87e00080   ___data__
87e00080   ___edata__
87e00080   edata
87e20080   .text
87e20080   __RingIO_writerSetvAttribute
87e20080   ___text__
87e20334   __RingIO_getFirstAttr
87e20434   __RingIO_releaseAttribute
87e20518   __RingIO_writerRelease
87e208a4   __RingIO_initInstance
87e20964   __RingIO_writerFlush
87e20e68   __RingIO_updateAttributes
87e21038   __RingIO_writerCancel
87e21424   __RingIO_writerAcquire
87e21660   __RingIO_getFirstAcquiredAttr
87e21710   __RingIO_invalidateDataBuffer
87e217ec   __RingIO_readerRelease
87e21be8   __RingIO_readerGetvAttribute
87e21fb0   __RingIO_readerFlush
87e224c8   __RingIO_readerCancel
87e22674   __RingIO_getContiguousDataSize
87e22790   __RingIO_readerAcquire
87e22bc8   __RingIO_checkNotifier
87e22cac   __RingIO_callNotifier
87e22eb8   _RingIO_init
87e23038   _RingIO_exit
87e230e0   _matMult
87e23568   _TSKMESSAGE_execute
87e23cac   _TSKMESSAGE_delete
87e23db4   _TSKMESSAGE_create
87e24020   _MPCS_open
87e24080   _MPCS_leave
87e241ac   _MPCS_enter
87e243a0   _MPCS_delete
87e24864   _MPCS_create
87e24db4   _MPCS_close
87e24e80   _IPS_unregister
87e25230   _IPS_setReserved
87e25258   _IPS_isNotReserved
87e25280   _IPS_register
87e255d4   _IPS_notify
87e257e0   _IPS_init
87e25944   _IPS_exit
87e259f8   _IPS_clearReserved
87e26200   __DSPLINK_init
87e26704   _POOL_open
87e26d20   _SMAPOOL_open
87e26e58   _SMAPOOL_init
87e26e70   _SMAPOOL_free
87e2706c   _SMAPOOL_alloc
87e27260   __divf
87e27760   __MPCS_open
87e279d4   _MPCS_init
87e27b54   _MPCS_exit
87e28060   __mpyf
87e28260   _MPLIST_init
87e283e0   _MPLIST_exit
87e28460   _HAL_intRegister
87e28580   _HAL_intInit
87e28760   _NOTIFY_unregister
87e287b4   _NOTIFY_register
87e28814   _NOTIFY_notify
87e288e4   _main
87e289a0   _HAL_intWaitClear
87e28a10   _HAL_intSend
87e28a20   _HAL_intEnable
87e28a4c   _HAL_intDisable
87e28a78   _HAL_intClear
87e28aa0   _SHMDRV_init
87e28ab4   _SHMDRV_handshake
87e28b80   __cmpd
87e28c60   _atoi
87e28d40   _memset
87e28e20   _DSPLINK_init
87e28ee0   __divu
87e29060   _NOTIFY_init
87e29120   _DSPLINKIPS_init
87e291c0   _DSPLINKPOOL_init
87e29260   __frcmpyf_div
87e29300   __remu
87e293a0   _memcpy
87e29440   __cmpf
87e294c0   __fixfu
87e29540   __cvtfd
87e295a0   __frcmpyf
87e29600   _DSPLINKDATA_init
87e29640   _DSPLINKMQT_init
87e29680   __fltuf
87e296c0   _HAL_init
87e296e8   _HAL_exit
87e29700   _ZCPYMQT_init
87e29760   __nop
87e29780   __register_lock
87e297a0   __register_unlock
87e297c0   ___etext__
87e297c0   etext
87e298c0   _SYS_vsprintf
87e29cf4   _SYS_vprintf
87e29d04   _SYS_sprintf
87e29d30   _SYS_printf
87e29d80   _EXC_nmi
87e29db4   _EXC_internal
87e2a060   _EXC_init
87e2a0a0   _EXC_getLastStatus
87e2a0c0   _EXC_external
87e2a0f4   _EXC_exceptionHandler
87e2a270   _EXC_clearLastStatus
87e2a2a0   CLK_HOOKFXN
87e2a2a0   HWI_F_dispatch
87e2a2a0   _HWI_F_dispatch
87e2a2a0   __HWI_lat1beg
87e2a428   __HWI_lat1end
87e2a428   __HWI_lat2beg
87e2a590   __HWI_lat2end2
87e2a5c0   __HWI_lat3end2
87e2a604   __HWI_lat2end1
87e2a620   __HWI_lat3beg
87e2a780   SWI_F_enable
87e2a780   __SWI_lat3beg
87e2a7ec   __SWI_lat3end
87e2a7f0   SWI_F_post
87e2a7f0   _SWI_post
87e2a8f8   __SWI_lat1beg
87e2a964   SWI_EXECFXN
87e2a964   SWI_F_exec
87e2a98c   SWI_F_iexec
87e2a9a4   __SWI_lat1end
87e2a9a8   __SWI_lat2beg
87e2aa08   __SWI_lat2end
87e2aa0c   SWI_F_run
87e2aa0c   SWI_RUNFXN
87e2ac40   PRD_F_swi
87e2aec4   PRD_F_tick
87e2afc0   _TSK_create
87e2b300   _free
87e2b328   _malloc
87e2b38c   _realloc
87e2b458   _memalign
87e2b538   _calloc
87e2b5a0   _KNL_run
87e2b7e0   _SEM_pendEnterKnl
87e2b9e0   _CLK_stop
87e2ba44   _CLK_start
87e2bbe0   _MEM_alloc
87e2bdc0   _C62_plug
87e2bdc0   _C64_plug
87e2bdc8   _C62_dispatchPlug
87e2bdc8   _C64_dispatchPlug
87e2bfa0   _EXC_dispatch
87e2c164   _EXC_setReturnPtr
87e2c34c   PRD_THOOKFXN
87e2c34c   _KNL_tick
87e2c360   _MEM_free
87e2c520   __SEM_dopost
87e2c6e0   CLK_F_getltime
87e2c6f0   CLK_F_isr
87e2c840   CLK_F_itime
87e2c840   _CLK_F_itime
87e2c840   _CLK_itime
87e2c85c   __CLK_lat1beg
87e2c880   __CLK_lat1end
87e2c8a0   _TSK_setup
87e2ca40   _KNL_saveIsrFrame
87e2caec   _KNL_switch
87e2cb98   KNL_glue
87e2cbc0   __auto_init
87e2cd00   _KNL_ready
87e2ce40   _MSGQ_open
87e2cf80   _TSK_exit
87e2d0c0   _BCACHE_setSize
87e2d104   _BCACHE_setMar
87e2d154   _BCACHE_bootInit
87e2d154   _BCACHE_setCacheToSram
87e2d184   _BCACHE_getSize
87e2d1d4   _BCACHE_getMar
87e2d22c   _CLK_reconfig
87e2d3a4   _GBL_cacheInit64P
87e2d460   _KNL_check
87e2d4ac   __KNL_lat1beg
87e2d528   _KNL_idle
87e2d528   __KNL_lat1end
87e2d550   _KNL_max
87e2d624   _TSK_startup
87e2d6a0   _MSGQ_locate
87e2d7a0   _MSGQ_startup
87e2d96c   _BCACHE_wbInv
87e2d980   _BCACHE_wb
87e2d990   _BCACHE_inv
87e2d9a0   _MSGQ_locateLocal
87e2da80   _SEM_post
87e2da80   _SEM_postBinary
87e2db60   _KNL_exit
87e2dba0   _KNL_enter
87e2dc20   _MSGQ_alloc
87e2dce0   _KNL_start
87e2dd80   _MSGQ_close
87e2de20   _MSGQ_get
87e2dec0   _MSGQ_put
87e2df60   _SEM_postEnterKnl
87e2e000   _SWI_setattrs
87e2e0a0   _SYS_exit
87e2e140   _ATM_andi
87e2e140   _ATM_andu
87e2e150   _ATM_cleari
87e2e150   _ATM_clearu
87e2e160   _ATM_deci
87e2e160   _ATM_decu
87e2e170   _ATM_inci
87e2e170   _ATM_incu
87e2e184   _ATM_ori
87e2e184   _ATM_oru
87e2e194   _ATM_seti
87e2e194   _ATM_setu
87e2e1c0   _HWI_dispatchPlug
87e2e240   _HWI_eventMap
87e2e2c0   _KNL_ipost
87e2e340   _KNL_post
87e2e3c0   _LCK_post
87e2e3e0   _LCK_pend
87e2e440   LOG_F_event
87e2e440   _LOG_event
87e2e440   __LOG_lat1beg
87e2e4c0   _OBJ_create
87e2e540   _SWI_create
87e2e60c   _BCACHE_wbInvAll
87e2e620   _BCACHE_wbAll
87e2e630   _BCACHE_invL1pAll
87e2e640   _BCACHE_wait
87e2e6c0   _MEM_valloc
87e2e720   _SYS_error
87e2e780   FXN_F_nop
87e2e784   FXN_F_run
87e2e784   _FXN_F_run
87e2e7c0   FXN_F_zero
87e2e7c0   _FXN_F_zero
87e2e7e0   _HWI_disable
87e2e7f8   _HWI_enable
87e2e80c   _HWI_restore
87e2e840   _MSGQ_release
87e2e8a0   _OBJ_delete
87e2e900   _SEM_pendBinary
87e2e960   _SEM_pend
87e2e9c0   STS_F_delta
87e2e9c0   _STS_delta
87e2e9ec   STS_F_add
87e2e9ec   _STS_add
87e2ea08   STS_F_reset
87e2ea08   _STS_reset
87e2ea20   _SWI_disable
87e2ea44   _SWI_enable
87e2ea80   _SYS_abort
87e2eae0   SYS_PUTCFXN
87e2eae0   _UTL_doPutc
87e2eb40   _C62_disableIER
87e2eb40   _C64_disableIER
87e2eb58   _C62_enableIER
87e2eb58   _C64_enableIER
87e2eb6c   _C62_clearIFR
87e2eb6c   _C64_clearIFR
87e2eb80   _MSGQ_free
87e2ebc0   _QUE_get
87e2ebc0   __QUE_lat1beg
87e2ebe0   __QUE_lat1end
87e2ebe8   _QUE_put
87e2ebe8   __QUE_lat2beg
87e2ebf4   __QUE_lat2end
87e2ec00   SYS_ABORTFXN
87e2ec00   _UTL_doAbort
87e2ec40   GBL_USERINITFXN
87e2ec40   GIO_CREATEFXN
87e2ec40   GIO_DELETEFXN
87e2ec40   GIO_PENDFXN
87e2ec40   GIO_POSTFXN
87e2ec40   PWRM_PWRM_SHAREDRESOURCEFXN
87e2ec40   PWRM_PWRM_SLOTHOOKFXN
87e2ec40   TSK_VCREATEFXN
87e2ec40   TSK_VDELETEFXN
87e2ec40   TSK_VEXITFXN
87e2ec40   _FXN_F_nop
87e2ec60   _GBL_getVersion
87e2ec80   _HOOK_setenv
87e2eca0   IDL_F_loop
87e2eca0   _IDL_loop
87e2ecc0   _LOG_printf
87e2ece0   _MSGQ_setErrorHandler
87e2ed00   _STS_set
87e2ed20   _SWI_delete
87e2ed40   _SYS_zero
87e2ed48   _SYS_one
87e2ed60   SYS_ERRORFXN
87e2ed60   _UTL_doError
87e2ed80   SYS_EXITFXN
87e2ed80   _UTL_halt
87e2eda0   CLK_TIMEFXN
87e2eda0   _CLK_gethtime
87e2edc0   GBL_stackbeg
87e2edc0   _HWI_STKTOP
87e2edc0   __stack
87e2fdb8   _HWI_STKBOTTOM
87e2fdbf   GBL_stackend
87e2fdc0   _SYS_PUTCBEG
87e2ffbf   _SYS_PUTCEND
87e2fff4   TRC_cinit
87e2fff8   TRC_R_mask
87e2fff8   _TRC_R_mask
87e2fffc   GBL_initdone
87e30000   trace$buf
87e34000   ___cinit__
87e34000   cinit
87e34c74   CLK_A_TABBEG
87e34c74   PRD_clock
87e34c74   _PRD_clock
87e34c78   CLK_null
87e34c7c   IDL_A_TABBEG
87e34c7c   IDL_END
87e34c80   BIOS_init
87e34c80   _BIOS_init
87e34ee8   BIOS_start
87e34ee8   _BIOS_start
87e34fa0   _MSGQ_init
87e350e0   _POOL_init
87e35200   _c_int00
87e352c0   _MEM_init
87e35360   _TSK_init
87e353c0   _OBJ_init
87e35578   __ctypes_
87e35898   _MSGQ_ATTRS
87e358a4   _MSGQ_LOCATEATTRS
87e358a8   _MSGQ_LOCATEASYNCATTRS
87e3590c   _SMAPOOL_FXNS
87e35935   KNL_swi$sts$maxfmt
87e3593d   KNL_swi$sts$sumfmt
87e35945   KNL_swi$sts$avgfmt
87e35a58   _KNL_queues
87e35af8   _KNL_dummy
87e35b30   _DSPLINKPOOL_ctrlPtr
87e35bb0   _mqtParams
87e35bb2   _SamplePoolParams
87e35bd8   _transports
87e35c00   _MSGQ_config
87e35c28   _POOL_config
87e35c30   _TSK_ATTRS
87e35c4c   _TSK_config
87e35c6c   _TSK_timerSem
87e35c8c   __BCACHE_emifAddr
87e35c90   _OBJ_table
87e35cc8   _OBJ_segtab
87e35ce4   __TSK_mutex
87e35d0c   __MEM_mutex
87e35d34   _CLK_inputClock
87e35d38   _SYS_exitStack
87e35d58   _dspMsgQName
87e35d78   _ZCPYMQT_FXNS
87e35d90   _SWI_ATTRS
87e35dbc   _EXC_status
87e35ddc   _HWI_ATTRS
87e35df4   __BCACHE_readTable
87e35e00   _MPCS_ctrlPtr
87e35e04   _MPCS_csObj
87e35e08   _MPLIST_ctrlPtr
87e35e0c   _MPLIST_mpcsObj
87e35e10   _NOTIFY_ctrlPtr
87e35e14   _NOTIFY_numIps
87e35e18   _RingIO_ctrlPtr
87e35e1c   _RingIO_mpcsObj
87e35e20   __lock
87e35e24   __unlock
87e35e30   _DSPLINKDATA_ctrlPtr
87e35e38   _DSPLINKMQT_ctrlPtr
87e35e3c   _CLK_gptimer_enablemask
87e35e40   _numTransfers
87e35e44   IDL_A_CALBEG
87e35e44   IDL_END$
87e35e48   TSK_idle$stack
87e361e0   TSK_idle$stkptr
87e36248   $bss
87e36248   .bss
87e36248   _HWI_dispatchTab
87e36248   ___bss__
87e36348   IDL_D_tabbeg
87e3634c   IDL_D_calibrate
87e36350   IDL_D_calbeg
87e36354   LOG_D_system
87e36354   _LOG_D_system
87e36358   PIP_D_tabbeg
87e3635c   PIP_D_tablen
87e36360   CLK_R_time
87e36364   CLK_D_timefxn
87e36368   CLK_D_tabbeg
87e3636c   CLK_D_isrhook
87e36370   CLK_D_idletime
87e36374   _CLK_htimeDiv
87e36378   _CLK_htimeMult
87e3637c   _CLK_ltimeDiv
87e36380   _CLK_ltimeMult
87e36384   _CLK_D_dirty
87e36388   _CLK_D_prd
87e3638c   _CLK_D_tddr
87e36390   _CLK_D_countspms
87e36394   PRD_D_tick
87e36394   _PRD_D_tick
87e36398   PRD_D_cur
87e3639c   PRD_D_elapsed
87e363a0   PRD_D_prevtim
87e363a4   PRD_D_scalar
87e363a8   PRD_D_swihandle
87e363ac   PRD_D_tabbeg
87e363b0   PRD_D_tablen
87e363b4   PRD_D_thook
87e363b8   RTA_D_fromHost
87e363bc   RTA_D_toHost
87e363c0   RTA_D_logval
87e363d0   RTA_D_stsval
87e363dc   HST_D_chanmask
87e363e0   HST_D_tabbeg
87e363e4   HST_D_tabend
87e363e8   _GBL_procId
87e363ec   _GBL_clkIn
87e363f0   _GBL_freq
87e363f4   _MEM_D_NUMSEGMENTS
87e363f8   _MEM_D_memtab
87e363fc   _MEM_D_freelist
87e36400   _MEM_D_lockaddr
87e36404   _MEM_D_unlockaddr
87e36408   _SYS
87e3640c   __HOOK_knlId
87e36410   __HOOK_NUMHOOKS
87e36414   SWI_D_runaddr
87e36414   _SWI_D_runaddr
87e36414   _SWI_data
87e36418   SWI_D_execaddr
87e36418   _SWI_D_execaddr
87e3641c   SWI_D_curmask
87e3641c   _SWI_D_curmask
87e36420   SWI_D_curset
87e36420   _SWI_D_curset
87e36424   SWI_D_lock
87e36424   _SWI_D_lock
87e36428   SWI_D_curmbox
87e3642c   SWI_D_curfxn
87e3642c   _SWI_D_curfxn
87e36430   SWI_D_rdybeg
87e36430   _SWI_D_rdybeg
87e36434   SWI_D_inswi
87e36434   _SWI_D_inswi
87e36438   SWI_D_rdytab
87e364b0   _KNL_wFlag
87e364b4   _KNL_wList
87e364b8   _KNL_alarm
87e364bc   _KNL_setpri
87e364c0   _KNL_inactive
87e364c4   _KNL_priority
87e364c8   _KNL_set
87e364cc   _KNL_curtask
87e364d0   _KNL_prevtask
87e364d4   _KNL_curtime
87e364d8   _KNL_swiptr
87e364dc   _KNL_curqueue
87e364e0   _KNL_maxqueue
87e364e4   _KNL_tswitchfxn
87e364e8   _KNL_tcreatefxn
87e364ec   _KNL_tdeletefxn
87e364f0   _KNL_treadyfxn
87e364f4   _KNL_idlefxn
87e364f8   _EXC_sysTrapTable
87e36500   _EXC_returnPtr
87e36518   HWI_D_spsave
87e36518   _HWI_D_spsave
87e36518   _HWI_data
87e36524   _HWI_D_inhwi
87e36528   HWI_D_bss
87e3652c   HWI_D_ccmask
87e36530   _EXC_exceptionHook
87e36534   _EXC_internalHook
87e36538   _EXC_externalHook
87e3653c   _EXC_nmiHook
87e36540   _MEM_memtab
87e3654c   DDR2
87e3654c   HST_DSMBUFSEG
87e3654c   MEM_MALLOCSEG
87e3654c   MEM_SEGZERO
87e3654c   RTDX_DATAMEMSEG
87e3654c   TSK_STACKSEG
87e3654c   _DDR2
87e36550   _TSK_nTasks
87e36554   _TSK_pid
87e36558   _TSK
87e3655c   _CLK_DFLTMICROSECS
87e36560   _CLK_D_microseconds
87e36564   _SYS_exitStackPtr
87e36568   _SYS_exitStackTop
87e3656c   _CLK_htimePerLtime
87e36574   _MEM
87e36578   _MSGQ
87e3657c   _POOL
87e36586   ___end__
87e36586   end
87e36594   TSK_idle
87e36594   _TSK_idle
87e365e8   KNL_swi$sts$stsobj
87e365e8   STS_A_TABBEG
87e365e8   _STS_A_TABBEG
87e365ec   KNL_swi$sts
87e365f8   STS_A_TABEND
87e365f8   _STS_A_TABEND
87e36600   LOG_system$buf
87e36700   _DSPLINK_shmBaseAddress
87e36708   _DSPLINK_shmBaseAddress_pad
87e367b8   LOG_A_TABBEG
87e367b8   LOG_system
87e367b8   _LOG_A_TABBEG
87e367b8   _LOG_system
87e367d0   _trace
87e367d0   trace
87e367e8   LOG_A_TABEND
87e367e8   _LOG_A_TABEND
87e36800   HWI_A_VECS
87e36800   hwi0
87e36820   hwi1
87e36840   hwi2
87e36860   hwi3
87e36880   hwi4
87e368a0   hwi5
87e368c0   hwi6
87e368e0   hwi7
87e36900   hwi8
87e36920   hwi9
87e36940   hwi10
87e36960   hwi11
87e36980   hwi12
87e369a0   hwi13
87e369c0   hwi14
87e369e0   hwi15
87e36a00   KNL_swi
87e36a00   SWI_A_TABBEG
87e36a00   _KNL_swi
87e36a2c   SWI_A_TABEND
87e36a2c   SYS$config
ffffffff   CACHE_L1D
ffffffff   CACHE_L1P
ffffffff   CACHE_L2
ffffffff   DSPLINKMEM
ffffffff   ECM_EVTMASK0
ffffffff   ECM_EVTMASK1
ffffffff   ECM_EVTMASK2
ffffffff   ECM_EVTMASK3
ffffffff   IRAM
ffffffff   L1DSRAM
ffffffff   POOLMEM
ffffffff   RESET_VECTOR
ffffffff   _CACHE_L1D
ffffffff   _CACHE_L1P
ffffffff   _CACHE_L2
ffffffff   _DSPLINKMEM
ffffffff   _IRAM
ffffffff   _L1DSRAM
ffffffff   _POOLMEM
ffffffff   _RESET_VECTOR
ffffffff   ___TI_pprof_out_hndl
ffffffff   ___TI_prof_data_size
ffffffff   ___TI_prof_data_start
ffffffff   ___binit__
ffffffff   ___c_args__
ffffffff   ___pinit__
ffffffff   binit
ffffffff   pinit

[1068 symbols]
