******************************************************************************
               TMS320C6x Linker Unix v6.1.17                   
******************************************************************************
>> Linked Mon May  4 13:33:43 2015

OUTPUT FILE NAME:   <Debug/helloDSP.out>
ENTRY POINT SYMBOL: "_c_int00"  address: 87e33d60


MEMORY CONFIGURATION

         name            origin    length      used     unused   attr    fill
----------------------  --------  ---------  --------  --------  ----  --------
  IRAM                  107f8000   00010000  00000000  00010000  RWIX
  CACHE_L2              10808000   00008000  00000000  00008000  RWIX
  CACHE_L1P             10e04000   00004000  00000000  00004000  RWIX
  L1DSRAM               10f04000   00004000  00000000  00004000  RWIX
  CACHE_L1D             10f10000   00008000  00000000  00008000  RWIX
  RESET_VECTOR          87e00000   00000080  00000000  00000080  RWIX
  DDR2                  87e00080   000fff80  0003b71f  000c4861  RWIX
  DSPLINKMEM            87f00000   00030000  00000000  00030000  RWIX
  POOLMEM               87f30000   000d0000  00000000  000d0000  RWIX


SECTION ALLOCATION MAP

 output                                  attributes/
section   page    origin      length       input sections
--------  ----  ----------  ----------   ----------------
.vers      0    00000000    00000040     COPY SECTION
                  00000000    00000040     helloDSPcfg.obj (.vers)

.pinit     0    87e00080    00000000     UNINITIALIZED

.prd       0    87e00080    00000000     UNINITIALIZED

.data      0    87e00080    00000000     UNINITIALIZED

.hst       0    87e00080    00000000     UNINITIALIZED

.pip       0    87e00080    00000000     UNINITIALIZED

.DDR2$heap 
*          0    87e00080    00020000     UNINITIALIZED
                  87e00080    00020000     --HOLE--

.text      0    87e20080    0000e140     
                  87e20080    00004ba0     dsplinkringio.lib : _ringio.obj (.text)
                  87e24c20    000019c0     dsplink.lib : ips.obj (.text)
                  87e265e0    00001500     dsplinkmpcs.lib : mpcs.obj (.text)
                  87e27ae0    00000c00     tskMessage.obj (.text)
                  87e286e0    00000aa0     dsplinkmsg.lib : zcpy_mqt.obj (.text)
                  87e29180    000009a0     dsplinkpool.lib : sma_pool.obj (.text)
                  87e29b20    000008c0     dsplink.lib : dsplink.obj (.text)
                  87e2a3e0    00000740     dsplinkmpcs.lib : _mpcs.obj (.text)
                  87e2ab20    00000680     dsplinkmsg.lib : zcpy_mqt.obj (.text:ZCPYMQT_locate)
                  87e2b1a0    00000520     dsplinknotify.lib : notify.obj (.text)
                  87e2b6c0    00000500     rts64plus.lib : divf.obj (.text:__divf)
                  87e2bbc0    00000480     dsplinkmsg.lib : zcpy_mqt.obj (.text:ZCPYMQT_open)
                  87e2c040    000002e0     dsplinkmplist.lib : _mplist.obj (.text)
                  87e2c320    00000260     dsplinkmsg.lib : zcpy_mqt.obj (.text:ZCPYMQT_close)
                  87e2c580    00000200     rts64plus.lib : mpyf.obj (.text:__mpyf)
                  87e2c780    000001c0     dsplink.lib : hal_interrupt.obj (.text:DSPLINK_init)
                  87e2c940    00000180                 : hal_interrupt.obj (.text)
                  87e2cac0    00000180     main.obj (.text)
                  87e2cc40    00000160     dsplink.lib : dsplinkips.obj (.text:DSPLINK_init)
                  87e2cda0    00000160     dsplinkmsg.lib : zcpy_mqt.obj (.text:ZCPYMQT_msgXfer)
                  87e2cf00    00000140     dsplinknotify.lib : _notify.obj (.text)
                  87e2d040    00000120     dsplink.lib : shm_drv.obj (.text:DSPLINK_init)
                  87e2d160    00000100                 : dsplink.obj (.text:DSPLINK_init)
                  87e2d260    000000e0     rts64plus.lib : cmpd.obj (.text:__cmpd)
                  87e2d340    000000e0                   : atoi.obj (.text:_atoi)
                  87e2d420    000000e0                   : memset.obj (.text:_memset)
                  87e2d500    000000c0     dsplinkpool.lib : dsplinkpool.obj (.text:DSPLINK_init)
                  87e2d5c0    000000c0     rts64plus.lib : divu.obj (.text:__divu)
                  87e2d680    000000c0     bios.a64P : tsk_stup.o64P (.text)
                  87e2d740    000000c0     dsplink.lib : failure.obj (.text)
                  87e2d800    000000a0     dsplinkdata.lib : dsplinkdata.obj (.text:DSPLINK_init)
                  87e2d8a0    000000a0     dsplinkmsg.lib : dsplinkmqt.obj (.text:DSPLINK_init)
                  87e2d940    000000a0                    : zcpy_mqt.obj (.text:ZCPYMQT_release)
                  87e2d9e0    000000a0     rts64plus.lib : frcmpyf_div.obj (.text:__frcmpyf_div)
                  87e2da80    000000a0                   : remu.obj (.text:__remu)
                  87e2db20    000000a0                   : memcpy64.obj (.text:_memcpy)
                  87e2dbc0    000000a0                   : strncpy.obj (.text:_strncpy)
                  87e2dc60    00000080                   : cmpf.obj (.text:__cmpf)
                  87e2dce0    00000080                   : fixfu.obj (.text:__fixfu)
                  87e2dd60    00000060                   : cvtfd.obj (.text:__cvtfd)
                  87e2ddc0    00000060                   : frcmpyf.obj (.text:__frcmpyf)
                  87e2de20    00000060                   : strcpy.obj (.text:_strcpy)
                  87e2de80    00000060                   : strncmp.obj (.text:_strncmp)
                  87e2dee0    00000060     dsplink.lib : shm_drv.obj (.text)
                  87e2df40    00000040     dsplinkmsg.lib : zcpy_mqt.obj (.text:DSPLINK_init)
                  87e2df80    00000040     rts64plus.lib : fltuf.obj (.text:__fltuf)
                  87e2dfc0    00000040                   : strlen.obj (.text:_strlen)
                  87e2e000    00000040     dsplink.lib : dsplinkips.obj (.text)
                  87e2e040    00000040                 : hal.obj (.text)
                  87e2e080    00000040     dsplinkdata.lib : dsplinkdata.obj (.text)
                  87e2e0c0    00000040     dsplinkmsg.lib : dsplinkmqt.obj (.text)
                  87e2e100    00000040     dsplinkpool.lib : dsplinkpool.obj (.text)
                  87e2e140    00000020     rts64plus.lib : divf.obj (.text:___isnanf)
                  87e2e160    00000020                   : _lock.obj (.text:__nop)
                  87e2e180    00000020                   : _lock.obj (.text:__register_lock)
                  87e2e1a0    00000020                   : _lock.obj (.text:__register_unlock)

.bios      0    87e2e1c0    00005600     
                  87e2e1c0    000005c0     bios.a64P : sys_prin.o64P (.bios)
                  87e2e780    00000520               : exc.o64P (.bios)
                  87e2eca0    000004e0               : hwi_disp_asm.o64P (.bios)
                  87e2f180    000004c0               : swi.o64P (.bios)
                  87e2f640    00000380               : prd.o64P (.bios)
                  87e2f9c0    00000340               : tsk_crea.o64P (.bios)
                  87e2fd00    000002a0               : malloc.o64P (.bios)
                  87e2ffa0    00000240               : knl_run.o64P (.bios)
                  87e301e0    00000200               : sem_pend.o64P (.bios)
                  87e303e0    00000200     bios3430.a64P : clk2430.o64P (.bios)
                  87e305e0    000001e0     bios.a64P : mem_allo.o64P (.bios:.near)
                  87e307c0    000001e0               : c62_plug.o64P (.bios)
                  87e309a0    000001e0               : exc_asm.o64P (.bios)
                  87e30b80    000001e0               : knl_tick.o64P (.bios)
                  87e30d60    000001c0               : mem_free.o64P (.bios:.near)
                  87e30f20    000001c0               : sem_dopo.o64P (.bios)
                  87e310e0    000001c0     bios3430.a64P : clk.o64P (.bios)
                  87e312a0    000001a0     bios.a64P : tsk_setu.o64P (.bios)
                  87e31440    00000180               : knl_swit.o64P (.bios)
                  87e315c0    00000140               : autoinit.o64P (.bios)
                  87e31700    00000140               : knl_read.o64P (.bios)
                  87e31840    00000140               : msgq_open.o64P (.bios)
                  87e31980    00000140               : tsk_exit.o64P (.bios)
                  87e31ac0    00000140     bios3430.a64P : bcache_init.o64P (.bios)
                  87e31c00    00000140                   : clk2430_reconfig.o64P (.bios)
                  87e31d40    00000120     bios.a64P : gbl_cacheinit64P.o64P (.bios)
                  87e31e60    00000120               : knl_chec.o64P (.bios)
                  87e31f80    00000120               : tsk_stup.o64P (.bios)
                  87e320a0    00000100               : msgq_locate.o64P (.bios)
                  87e321a0    00000100               : msgq_stup.o64P (.bios)
                  87e322a0    00000100     bios3430.a64P : bcache_block.o64P (.bios)
                  87e323a0    000000e0     bios.a64P : msgq_locatelocal.o64P (.bios)
                  87e32480    000000e0               : sem_post_asm.o64P (.bios)
                  87e32560    000000c0               : knl_exit.o64P (.bios)
                  87e32620    000000c0               : msgq_alloc.o64P (.bios)
                  87e326e0    000000a0               : knl_star.o64P (.bios)
                  87e32780    000000a0               : msgq_close.o64P (.bios)
                  87e32820    000000a0               : msgq_get.o64P (.bios)
                  87e328c0    000000a0               : msgq_put.o64P (.bios)
                  87e32960    000000a0               : sem_post.o64P (.bios)
                  87e32a00    000000a0               : swi_seta.o64P (.bios)
                  87e32aa0    000000a0               : sys_exit.o64P (.bios)
                  87e32b40    00000080               : atm.o64P (.bios)
                  87e32bc0    00000080               : hwi_disp.o64P (.bios)
                  87e32c40    00000080               : hwi_eventmap64P.o64P (.bios)
                  87e32cc0    00000080               : knl_ipos.o64P (.bios)
                  87e32d40    00000080               : knl_post.o64P (.bios)
                  87e32dc0    00000080               : lck.o64P (.bios)
                  87e32e40    00000080               : log.o64P (.bios)
                  87e32ec0    00000080               : obj_crea.o64P (.bios)
                  87e32f40    00000080               : swi_crea.o64P (.bios)
                  87e32fc0    00000080     bios3430.a64P : bcache_all.o64P (.bios)
                  87e33040    00000080                   : bcache_wait.o64P (.bios)
                  87e330c0    00000060     bios.a64P : mem_vall.o64P (.bios:.near)
                  87e33120    00000060               : sys_erro.o64P (.bios:.near)
                  87e33180    00000060               : fxn.o64P (.bios)
                  87e331e0    00000060               : hwi_c.o64P (.bios)
                  87e33240    00000060               : msgq_release.o64P (.bios)
                  87e332a0    00000060               : obj_dele.o64P (.bios)
                  87e33300    00000060               : sem_pend_binary.o64P (.bios)
                  87e33360    00000060               : sem_pend_counting.o64P (.bios)
                  87e333c0    00000060               : sts.o64P (.bios)
                  87e33420    00000060               : swi_disable.o64P (.bios)
                  87e33480    00000060               : sys_abor.o64P (.bios)
                  87e334e0    00000060               : utl_putc.o64P (.bios)
                  87e33540    00000040               : c62_c.o64P (.bios)
                  87e33580    00000040               : msgq_free.o64P (.bios)
                  87e335c0    00000040               : que_get.o64P (.bios)
                  87e33600    00000040               : utl_doab.o64P (.bios)
                  87e33640    00000020               : fxn_c.o64P (.bios)
                  87e33660    00000020               : gbl_vers.o64P (.bios)
                  87e33680    00000020               : hook_setenv.o64P (.bios)
                  87e336a0    00000020               : idl.o64P (.bios)
                  87e336c0    00000020               : log_printf.o64P (.bios)
                  87e336e0    00000020               : msgq_seterrhandler.o64P (.bios)
                  87e33700    00000020               : sts_set.o64P (.bios)
                  87e33720    00000020               : swi_dele.o64P (.bios)
                  87e33740    00000020               : sys_one.o64P (.bios)
                  87e33760    00000020               : utl_doer.o64P (.bios)
                  87e33780    00000020               : utl_halt.o64P (.bios)
                  87e337a0    00000020     bios3430.a64P : clk2430_gethtime.o64P (.bios)

.sysinit   0    87e337c0    00000780     
                  87e337c0    00000340     helloDSPcfg.obj (.sysinit)
                  87e33b00    00000140     bios.a64P : msgq_init.o64P (.sysinit)
                  87e33c40    00000120               : pool_init.o64P (.sysinit)
                  87e33d60    000000c0               : boot.o64P (.sysinit)
                  87e33e20    000000a0               : mem_init.o64P (.sysinit)
                  87e33ec0    00000060               : tsk_init.o64P (.sysinit)
                  87e33f20    00000020               : obj_init.o64P (.sysinit)

.tsk       0    87e33f40    00000060     UNINITIALIZED
                  87e33f40    00000060     helloDSPcfg.obj (.tsk)

.gblinit   0    87e33fa0    00000034     
                  87e33fa0    00000034     helloDSPcfg.obj (.gblinit)

.swi       0    87e33fd4    0000002c     UNINITIALIZED
                  87e33fd4    0000002c     helloDSPcfg.obj (.swi)

.trace$buf 
*          0    87e34000    00004000     UNINITIALIZED
                  87e34000    00004000     helloDSPcfg.obj (.trace$buf)

.stack     0    87e38000    00001000     UNINITIALIZED
                  87e38000    00001000     --HOLE--

.cinit     0    87e39000    00000c84     
                  87e39000    0000030c     helloDSPcfg.obj (.cinit)
                  87e3930c    00000004     --HOLE-- [fill = 0]
                  87e39310    0000026c     bios.a64P : biosdata.o64P (.cinit)
                  87e3957c    00000004     --HOLE-- [fill = 0]
                  87e39580    000001a4               : knl.o64P (.cinit)
                  87e39724    00000004     --HOLE-- [fill = 0]
                  87e39728    000000b0               : swi.o64P (.cinit)
                  87e397d8    00000098     helloDSP_config.obj (.cinit)
                  87e39870    00000070     bios.a64P : tsk.o64P (.cinit)
                  87e398e0    00000060               : tsk_stup.o64P (.cinit)
                  87e39940    0000003c               : exc.o64P (.cinit)
                  87e3997c    00000004     --HOLE-- [fill = 0]
                  87e39980    00000034               : hwi.o64P (.cinit)
                  87e399b4    00000004     --HOLE-- [fill = 0]
                  87e399b8    0000002c               : utl_putc.o64P (.cinit)
                  87e399e4    00000004     --HOLE-- [fill = 0]
                  87e399e8    0000002a     dsplinkmsg.lib : zcpy_mqt.obj (.cinit)
                  87e39a12    00000006     --HOLE-- [fill = 0]
                  87e39a18    00000028     dsplink.lib : ips.obj (.cinit)
                  87e39a40    00000024     bios.a64P : obj_init.o64P (.cinit)
                  87e39a64    00000004     --HOLE-- [fill = 0]
                  87e39a68    0000001c               : exc_asm.o64P (.cinit)
                  87e39a84    00000004     --HOLE-- [fill = 0]
                  87e39a88    0000001c               : swi_seta.o64P (.cinit)
                  87e39aa4    00000004     --HOLE-- [fill = 0]
                  87e39aa8    0000001c               : sys.o64P (.cinit)
                  87e39ac4    00000004     --HOLE-- [fill = 0]
                  87e39ac8    0000001c     dsplinkmpcs.lib : _mpcs.obj (.cinit)
                  87e39ae4    00000004     --HOLE-- [fill = 0]
                  87e39ae8    0000001c     dsplinkmplist.lib : _mplist.obj (.cinit)
                  87e39b04    00000004     --HOLE-- [fill = 0]
                  87e39b08    0000001c     dsplinknotify.lib : _notify.obj (.cinit)
                  87e39b24    00000004     --HOLE-- [fill = 0]
                  87e39b28    0000001c     dsplinkringio.lib : ringio.obj (.cinit)
                  87e39b44    00000004     --HOLE-- [fill = 0]
                  87e39b48    0000001c     rts64plus.lib : _lock.obj (.cinit)
                  87e39b64    00000004     --HOLE-- [fill = 0]
                  87e39b68    00000018     bios.a64P : knl_tick.o64P (.cinit)
                  87e39b80    00000014               : hwi_disp.o64P (.cinit)
                  87e39b94    00000004     --HOLE-- [fill = 0]
                  87e39b98    00000014     bios3430.a64P : bcache_table.o64P (.cinit)
                  87e39bac    00000004     --HOLE-- [fill = 0]
                  87e39bb0    00000010     rts64plus.lib : divf.obj (.cinit)
                  87e39bc0    0000000c     bios.a64P : knl_star.o64P (.cinit)
                  87e39bcc    00000004     --HOLE-- [fill = 0]
                  87e39bd0    0000000c               : knl_swit.o64P (.cinit)
                  87e39bdc    00000004     --HOLE-- [fill = 0]
                  87e39be0    0000000c               : msgq.o64P (.cinit)
                  87e39bec    00000004     --HOLE-- [fill = 0]
                  87e39bf0    0000000c               : pool.o64P (.cinit)
                  87e39bfc    00000004     --HOLE-- [fill = 0]
                  87e39c00    0000000c     bios3430.a64P : bcache_wait.o64P (.cinit)
                  87e39c0c    00000004     --HOLE-- [fill = 0]
                  87e39c10    0000000c     dsplink.lib : failure.obj (.cinit)
                  87e39c1c    00000004     --HOLE-- [fill = 0]
                  87e39c20    0000000c                 : shm_drv.obj (.cinit)
                  87e39c2c    00000004     --HOLE-- [fill = 0]
                  87e39c30    0000000c     dsplinkmsg.lib : dsplinkmqt.obj (.cinit)
                  87e39c3c    00000004     --HOLE-- [fill = 0]
                  87e39c40    0000000a     bios.a64P : msgq_init.o64P (.cinit)
                  87e39c4a    00000006     --HOLE-- [fill = 0]
                  87e39c50    0000000a               : msgq_stup.o64P (.cinit)
                  87e39c5a    00000006     --HOLE-- [fill = 0]
                  87e39c60    0000000a               : pool_init.o64P (.cinit)
                  87e39c6a    00000006     --HOLE-- [fill = 0]
                  87e39c70    0000000a     dsplink.lib : dsplink.obj (.cinit)
                  87e39c7a    00000006     --HOLE-- [fill = 0]
                  87e39c80    00000004     (.pad.cinit) [fill = 0]

.idl       0    87e39c84    00000004     UNINITIALIZED
                  87e39c84    00000004     helloDSPcfg.obj (.idl)

.const     0    87e39c88    00000889     
                  87e39c88    00000193     bios.a64P : exc.o64P (.const)
                  87e39e1b    00000004               : mem_allo.o64P (.const)
                  87e39e1f    00000001     --HOLE-- [fill = 0]
                  87e39e20    00000101     rts64plus.lib : ctype.obj (.const:__ctypes_)
                  87e39f21    00000003     --HOLE-- [fill = 0]
                  87e39f24    000000b0     tskMessage.obj (.const:.string)
                  87e39fd4    00000050     dsplinkpool.lib : sma_pool.obj (.const:.string)
                  87e3a024    0000004e     bios.a64P : pool_init.o64P (.const)
                  87e3a072    0000004e               : tsk_stup.o64P (.const)
                  87e3a0c0    0000004c     dsplinkmsg.lib : zcpy_mqt.obj (.const:.string)
                  87e3a10c    0000004c     dsplinkringio.lib : _ringio.obj (.const:.string)
                  87e3a158    00000044     dsplinkmpcs.lib : _mpcs.obj (.const:.string)
                  87e3a19c    00000040                     : mpcs.obj (.const:.string)
                  87e3a1dc    0000003c     dsplink.lib : dsplink.obj (.const:.string)
                  87e3a218    0000003c                 : shm_drv.obj (.const:.string)
                  87e3a254    00000038                 : dsplinkips.obj (.const:.string)
                  87e3a28c    00000038                 : ips.obj (.const:.string)
                  87e3a2c4    00000038     dsplinkdata.lib : dsplinkdata.obj (.const:.string)
                  87e3a2fc    00000038     dsplinkmsg.lib : dsplinkmqt.obj (.const:.string)
                  87e3a334    00000034     dsplinknotify.lib : _notify.obj (.const:.string)
                  87e3a368    00000034                       : notify.obj (.const:.string)
                  87e3a39c    00000034     dsplinkringio.lib : ringio.obj (.const:.string)
                  87e3a3d0    0000002c     bios.a64P : msgq_init.o64P (.const)
                  87e3a3fc    00000028     dsplink.lib : failure.obj (.const:.string)
                  87e3a424    00000024     bios.a64P : msgq_stup.o64P (.const)
                  87e3a448    00000023               : utl_doab.o64P (.const)
                  87e3a46b    00000022               : utl_doer.o64P (.const)
                  87e3a48d    00000003     --HOLE-- [fill = 0]
                  87e3a490    0000001c     dsplinkmplist.lib : _mplist.obj (.const:.string)
                  87e3a4ac    0000001c     main.obj (.const:.string)
                  87e3a4c8    00000018     bios.a64P : msgq.o64P (.const)
                  87e3a4e0    00000011               : sys_prin.o64P (.const:_digtohex)
                  87e3a4f1    00000003     --HOLE-- [fill = 0]
                  87e3a4f4    00000010     dsplinkpool.lib : sma_pool.obj (.const)
                  87e3a504    00000007     bios.a64P : sys_prin.o64P (.const)
                  87e3a50b    00000004               : mem_free.o64P (.const)
                  87e3a50f    00000001     --HOLE-- [fill = 0]
                  87e3a510    00000001               : tsk.o64P (.const)

.printf    0    87e3a511    0000001a     COPY SECTION
                  87e3a511    0000001a     helloDSPcfg.obj (.printf)

.idlcal    0    87e3a514    00000004     UNINITIALIZED
                  87e3a514    00000004     helloDSPcfg.obj (.idlcal)

.far       0    87e3a518    0000051a     UNINITIALIZED
                  87e3a518    00000120     dsplink.lib : ips.obj (.far)
                  87e3a638    000000d8     bios.a64P : knl.o64P (.far)
                  87e3a710    00000080     dsplinkpool.lib : dsplinkpool.obj (.far)
                  87e3a790    00000080     helloDSP_config.obj (.far)
                  87e3a810    0000005c     bios.a64P : tsk.o64P (.far)
                  87e3a86c    00000004     bios3430.a64P : bcache_wait.o64P (.far)
                  87e3a870    00000054     bios.a64P : obj_init.o64P (.far)
                  87e3a8c4    00000050               : tsk_stup.o64P (.far)
                  87e3a914    00000004     bios3430.a64P : clk2430_data.o64P (.far)
                  87e3a918    00000020     bios.a64P : sys.o64P (.far)
                  87e3a938    00000020     tskMessage.obj (.far)
                  87e3a958    00000016     dsplinkmsg.lib : zcpy_mqt.obj (.far)
                  87e3a96e    00000002     dsplink.lib : dsplink.obj (.far)
                  87e3a970    00000014     bios.a64P : swi_seta.o64P (.far)
                  87e3a984    00000004     dsplink.lib : shm_drv.obj (.far)
                  87e3a988    00000014                 : hal_interrupt.obj (.far)
                  87e3a99c    00000010     bios.a64P : exc.o64P (.far)
                  87e3a9ac    00000010               : knl_tick.o64P (.far)
                  87e3a9bc    00000010     dsplink.lib : failure.obj (.far)
                  87e3a9cc    0000000c     bios.a64P : hwi_disp.o64P (.far)
                  87e3a9d8    0000000c               : utl_putc.o64P (.far)
                  87e3a9e4    0000000c     bios3430.a64P : bcache_table.o64P (.far)
                  87e3a9f0    00000008     dsplinkmpcs.lib : _mpcs.obj (.far)
                  87e3a9f8    00000008     dsplinkmplist.lib : _mplist.obj (.far)
                  87e3aa00    00000008     dsplinknotify.lib : _notify.obj (.far)
                  87e3aa08    00000008     dsplinkringio.lib : ringio.obj (.far)
                  87e3aa10    00000008     rts64plus.lib : _lock.obj (.far)
                  87e3aa18    00000008                   : divf.obj (.far)
                  87e3aa20    00000004     dsplinkdata.lib : dsplinkdata.obj (.far)
                  87e3aa24    00000004     dsplinkmpcs.lib : mpcs.obj (.far)
                  87e3aa28    00000004     dsplinkmsg.lib : dsplinkmqt.obj (.far)
                  87e3aa2c    00000004     helloDSPcfg.obj (.far)
                  87e3aa30    00000002     main.obj (.far)

.mem       0    87e3aa34    00000004     UNINITIALIZED
                  87e3aa34    00000004     helloDSPcfg.obj (.mem)

.TSK_idle$stk 
*          0    87e3aa38    00000400     UNINITIALIZED
                  87e3aa38    00000400     helloDSPcfg.obj (.TSK_idle$stk)

.bss       0    87e3ae38    0000033e     UNINITIALIZED
                  87e3ae38    00000100     bios.a64P : hwi_disp_asm.o64P (.bss)
                  87e3af38    000000cc               : biosdata.o64P (.bss)
                  87e3b004    0000009c               : swi.o64P (.bss)
                  87e3b0a0    00000048               : knl.o64P (.bss)
                  87e3b0e8    00000020               : exc_asm.o64P (.bss)
                  87e3b108    00000018               : hwi.o64P (.bss)
                  87e3b120    00000010               : exc.o64P (.bss)
                  87e3b130    00000010     helloDSPcfg.obj (.bss)
                  87e3b140    0000000c     bios.a64P : tsk.o64P (.bss)
                  87e3b14c    00000008               : clk_data.o64P (.bss)
                  87e3b154    00000008               : sys.o64P (.bss)
                  87e3b15c    00000004               : clk_data2.o64P (.bss)
                  87e3b160    00000004               : knl_star.o64P (.bss)
                  87e3b164    00000004               : mem_asm.o64P (.bss)
                  87e3b168    00000004               : msgq.o64P (.bss)
                  87e3b16c    00000004               : pool.o64P (.bss)
                  87e3b170    00000002               : msgq_init.o64P (.bss)
                  87e3b172    00000002               : msgq_stup.o64P (.bss)
                  87e3b174    00000002               : pool_init.o64P (.bss)

.trace     0    87e3b178    00000200     
                  87e3b178    00000200     --HOLE-- [fill = 00000000]

.args      0    87e3b378    00000032     
                  87e3b378    00000032     --HOLE-- [fill = 0]

.log       0    87e3b3ac    00000030     
                  87e3b3ac    00000030     helloDSPcfg.obj (.log)

.switch    0    87e3b3dc    00000014     
                  87e3b3dc    00000014     dsplinkringio.lib : _ringio.obj (.switch)

.sts       0    87e3b3f0    00000010     
                  87e3b3f0    00000010     helloDSPcfg.obj (.sts)

.hwi_vec   0    87e3b400    00000200     
                  87e3b400    00000200     helloDSPcfg.obj (.hwi_vec)

.LOG_system$buf 
*          0    87e3b600    00000100     UNINITIALIZED
                  87e3b600    00000100     helloDSPcfg.obj (.LOG_system$buf)

.data:DSPLINK_shmBaseAddress 
*          0    87e3b700    00000084     
                  87e3b700    00000084     dsplink.lib : dsplink.obj (.data:DSPLINK_shmBaseAddress) [fill = c3f05000]

.sys       0    87e3b784    00000010     UNINITIALIZED
                  87e3b784    00000010     helloDSPcfg.obj (.sys)

.trcdata   0    87e3b794    0000000c     
                  87e3b794    0000000c     bios.a64P : trc.o64P (.trcdata)

.clk       0    87e3b7a0    00000008     UNINITIALIZED
                  87e3b7a0    00000008     helloDSPcfg.obj (.clk)


GLOBAL SYMBOLS: SORTED ALPHABETICALLY BY Name 

address    name
--------   ----
87e3ae38   $bss
87e3ae38   .bss
87e00080   .data
87e20080   .text
87e337c0   BIOS_init
87e33a40   BIOS_start
00000000   BUF$
00000001   BUF_ENABLED
ffffffff   CACHE_L1D
ffffffff   CACHE_L1P
ffffffff   CACHE_L2
00000001   CLK$
87e3b7a0   CLK_A_TABBEG
00000001   CLK_CALDIV
00000001   CLK_CALMULT
00050910   CLK_COUNTSPMS
00000005   CLK_COUNTSPMSHIGH
87e3af60   CLK_D_idletime
87e3af5c   CLK_D_isrhook
87e3af58   CLK_D_tabbeg
87e3af54   CLK_D_timefxn
00000001   CLK_ENABLEHTIME
87e310e0   CLK_F_getltime
87e310f0   CLK_F_isr
87e31240   CLK_F_itime
87e2eca0   CLK_HOOKFXN
00000001   CLK_HTIMEDIV
00000001   CLK_HTIMEMULT
00050910   CLK_HTIMEPERLTIME
00004b00   CLK_INPUTCLK
00004000   CLK_INTBIT
00000001   CLK_LTIMEDIV
00050910   CLK_LTIMEMULT
000003e8   CLK_MICROSECS
00004b00   CLK_PRD
00000000   CLK_PRDHIGH
49038000   CLK_REGS
00000000   CLK_RESETTIMER
87e3af50   CLK_R_time
00000020   CLK_TCR
00000000   CLK_TDDR
00000000   CLK_TDDRHIGH
87e337a0   CLK_TIMEFXN
00000000   CLK_TIMERNUM
00000005   CLK_TIMMODE
00000001   CLK_USETIMER
87e3b7a4   CLK_null
87e3b13c   DDR2
87e00080   DDR2$B
00020000   DDR2$L
00000000   DEV$
00000000   DGN$
00000000   DHL$
00000000   DHL_gChannelsAvailable
00000000   DIO$
00000000   DIO_NUMSWIBASE
00000000   DIO_NUMTSKBASE
00000000   DIO_STATIC
00000000   DPI$
ffffffff   DSPLINKMEM
00000000   ECM$
00000000   ECM_ENABLE
ffffffff   ECM_EVTMASK0
ffffffff   ECM_EVTMASK1
ffffffff   ECM_EVTMASK2
ffffffff   ECM_EVTMASK3
0000000a   EVENT10
00000064   EVENT100
00000065   EVENT101
00000066   EVENT102
00000067   EVENT103
00000068   EVENT104
00000069   EVENT105
0000006a   EVENT106
0000006b   EVENT107
0000006c   EVENT108
0000006d   EVENT109
0000000b   EVENT11
0000006e   EVENT110
0000006f   EVENT111
00000070   EVENT112
00000071   EVENT113
00000072   EVENT114
00000073   EVENT115
00000074   EVENT116
00000075   EVENT117
00000076   EVENT118
00000077   EVENT119
0000000c   EVENT12
00000078   EVENT120
00000079   EVENT121
0000007a   EVENT122
0000007b   EVENT123
0000007c   EVENT124
0000007d   EVENT125
0000007e   EVENT126
0000007f   EVENT127
0000000d   EVENT13
0000000e   EVENT14
0000000f   EVENT15
00000010   EVENT16
00000011   EVENT17
00000012   EVENT18
00000013   EVENT19
00000014   EVENT20
00000015   EVENT21
00000016   EVENT22
00000017   EVENT23
00000018   EVENT24
00000019   EVENT25
0000001a   EVENT26
0000001b   EVENT27
0000001c   EVENT28
0000001d   EVENT29
0000001e   EVENT30
0000001f   EVENT31
00000020   EVENT32
00000021   EVENT33
00000022   EVENT34
00000023   EVENT35
00000024   EVENT36
00000025   EVENT37
00000026   EVENT38
00000027   EVENT39
00000004   EVENT4
00000028   EVENT40
00000029   EVENT41
0000002a   EVENT42
0000002b   EVENT43
0000002c   EVENT44
0000002d   EVENT45
0000002e   EVENT46
0000002f   EVENT47
00000030   EVENT48
00000031   EVENT49
00000005   EVENT5
00000032   EVENT50
00000033   EVENT51
00000034   EVENT52
00000035   EVENT53
00000036   EVENT54
00000037   EVENT55
00000038   EVENT56
00000039   EVENT57
0000003a   EVENT58
0000003b   EVENT59
00000006   EVENT6
0000003c   EVENT60
0000003d   EVENT61
0000003e   EVENT62
0000003f   EVENT63
00000040   EVENT64
00000041   EVENT65
00000042   EVENT66
00000043   EVENT67
00000044   EVENT68
00000045   EVENT69
00000007   EVENT7
00000046   EVENT70
00000047   EVENT71
00000048   EVENT72
00000049   EVENT73
0000004a   EVENT74
0000004b   EVENT75
0000004c   EVENT76
0000004d   EVENT77
0000004e   EVENT78
0000004f   EVENT79
00000008   EVENT8
00000050   EVENT80
00000051   EVENT81
00000052   EVENT82
00000053   EVENT83
00000054   EVENT84
00000055   EVENT85
00000056   EVENT86
00000057   EVENT87
00000058   EVENT88
00000059   EVENT89
00000009   EVENT9
0000005a   EVENT90
0000005b   EVENT91
0000005c   EVENT92
0000005d   EVENT93
0000005e   EVENT94
0000005f   EVENT95
00000060   EVENT96
00000061   EVENT97
00000062   EVENT98
00000063   EVENT99
87e33180   FXN_F_nop
87e33184   FXN_F_run
87e331c0   FXN_F_zero
00000001   GBL$
00005205   GBL_A_VERSION
00000000   GBL_BCACHEREADADDR0
00000000   GBL_BCACHEREADADDR1
00000000   GBL_BCACHEREADADDR2
00000000   GBL_BIGENDIAN
00000000   GBL_CACHE
00000000   GBL_CALLCSLCFGINIT
00004e20   GBL_CLKIN
00000d66   GBL_CLKTYPE
00001963   GBL_DSPSUBTYPE
0000003e   GBL_DSPTYPE
00000000   GBL_ENABLEINST
00000000   GBL_ENABLE_SK
00000042   GBL_FOOTPRINT
00050910   GBL_FREQ
00000000   GBL_GEMTRUECOMPEN
00000007   GBL_L1DMODE
00000003   GBL_L1PMODE
00000001   GBL_L2CONFIGURE
00000000   GBL_L2MAR0_31
00000080   GBL_L2MAR128_159
00000000   GBL_L2MAR160_191
00000000   GBL_L2MAR192_223
00000000   GBL_L2MAR224_255
00000000   GBL_L2MAR32_63
00000000   GBL_L2MAR64_95
00000000   GBL_L2MAR96_127
00000001   GBL_L2MODE
00000000   GBL_NULL
00000000   GBL_PROCID
00000000   GBL_ROM
00000000   GBL_SUPPORTCSL
00004000   GBL_TRCMASKVALUE
00000000   GBL_USERINIT
87e33640   GBL_USERINITFXN
00000001   GBL_boot
87e3b79c   GBL_initdone
87e38000   GBL_stackbeg
87e38fff   GBL_stackend
00000000   GIO$
87e33640   GIO_CREATEFXN
87e33640   GIO_DELETEFXN
87e33640   GIO_PENDFXN
87e33640   GIO_POSTFXN
00000000   HOOK$
00000000   HOOK_KNLID
00000000   HST$
87e00080   HST_A_TABBEG
87e00080   HST_A_TABEND
00000000   HST_DSM
87e3b13c   HST_DSMBUFSEG
00000400   HST_DSMMEMSIZE
87e3afcc   HST_D_chanmask
87e3afd0   HST_D_tabbeg
87e3afd4   HST_D_tabend
00000100   HST_MAXFRAMEALLOWED
00000000   HST_MAXFRAMESET
00000001   HST_NONE
00000000   HST_RTDX
00000001   HWI$
87e3b400   HWI_A_VECS
00004000   HWI_CFGDISPATCHED
87e3b118   HWI_D_bss
87e3b11c   HWI_D_ccmask
87e3b108   HWI_D_spsave
00000001   HWI_ENABLE_EXC
87e2eca0   HWI_F_dispatch
00000000   HWI_GENERATE_RESET_VEC
0000000a   HWI_INT10
00000000   HWI_INT10$hwi
0000000b   HWI_INT11
00000000   HWI_INT11$hwi
0000000c   HWI_INT12
00000000   HWI_INT12$hwi
0000000d   HWI_INT13
00000000   HWI_INT13$hwi
0000000e   HWI_INT14
00000000   HWI_INT14$hwi
0000000f   HWI_INT15
00000000   HWI_INT15$hwi
00000004   HWI_INT4
00000000   HWI_INT4$hwi
00000005   HWI_INT5
00000000   HWI_INT5$hwi
00000006   HWI_INT6
00000000   HWI_INT6$hwi
00000007   HWI_INT7
00000000   HWI_INT7$hwi
00000008   HWI_INT8
00000000   HWI_INT8$hwi
00000009   HWI_INT9
00000000   HWI_INT9$hwi
07060504   HWI_INTRMUX1
0a0a0908   HWI_INTRMUX2
34330d0b   HWI_INTRMUX3
00000001   HWI_NMI
00000000   HWI_NMI$hwi
00000000   HWI_POLARITYMASK
00000002   HWI_RESERVED0
00000000   HWI_RESERVED0$hwi
00000003   HWI_RESERVED1
00000000   HWI_RESERVED1$hwi
00000000   HWI_RESET
00000000   HWI_RESET$hwi
00000000   HWI_ZEROTAB
00000000   IDL$
87e3a514   IDL_A_CALBEG
87e39c84   IDL_A_TABBEG
00000000   IDL_CALIBRERROR
00000000   IDL_CALIBRFXN
87e3af40   IDL_D_calbeg
87e3af3c   IDL_D_calibrate
87e3af38   IDL_D_tabbeg
87e39c84   IDL_END
87e3a514   IDL_END$
87e336a0   IDL_F_loop
00000000   IDL_USECLKIDLTIME
ffffffff   IRAM
00000001   ISRC$
87e31598   KNL_glue
87e33fd4   KNL_swi
00000001   KNL_swi$dorta
00000000   KNL_swi$ord
00000000   KNL_swi$pri
87e3b3f4   KNL_swi$sts
87e3a521   KNL_swi$sts$avgfmt
00000002   KNL_swi$sts$filter
00000001   KNL_swi$sts$filtmaxmult
00000001   KNL_swi$sts$filtsummult
87e3a511   KNL_swi$sts$maxfmt
87e3b3f0   KNL_swi$sts$stsobj
87e3a519   KNL_swi$sts$sumfmt
00000000   KNL_swi$sts$unittype
00000000   KNL_swi$swi
ffffffff   L1DSRAM
00000001   LCK$
00000001   LOG$
87e3b3ac   LOG_A_TABBEG
87e3b3dc   LOG_A_TABEND
00000002   LOG_A_TABLEN
87e3af44   LOG_D_system
00000001   LOG_ENABLED
87e32e40   LOG_F_event
87e3b3ac   LOG_system
87e3b600   LOG_system$buf
00000000   LOG_system$datatype
00000000   LOG_system$log
00000040   LOG_system$size
00000000   MBX$
00000001   MEM$
87e3b13c   MEM_MALLOCSEG
00000000   MEM_NULL
87e3b13c   MEM_SEGZERO
00000000   MEM_USEMPC
00000001   MEM_gNumHeap
00000001   MSGQ$
00000001   MSGQ_USEMSGQ
00000000   OBJ$
00000000   PIP$
87e00080   PIP_A_TABBEG
87e00080   PIP_A_TABEND
00000000   PIP_A_TABLEN
87e3af48   PIP_D_tabbeg
87e3af4c   PIP_D_tablen
00000064   PIP_OBJSIZE
00000000   PIP_gNextId
00000000   PIP_gNumEmbed
00000001   POOL$
ffffffff   POOLMEM
00000001   POOL_USEPOOL
00000001   PRD$
87e00080   PRD_A_TABBEG
87e00080   PRD_A_TABEND
00000000   PRD_A_TABLEN
87e3af88   PRD_D_cur
87e3af8c   PRD_D_elapsed
87e3af90   PRD_D_prevtim
87e3af94   PRD_D_scalar
87e3af98   PRD_D_swihandle
87e3af9c   PRD_D_tabbeg
87e3afa0   PRD_D_tablen
87e3afa4   PRD_D_thook
87e3af84   PRD_D_tick
87e2f640   PRD_F_swi
87e2f8c4   PRD_F_tick
00000001   PRD_SCALAR
00000000   PRD_SWIHANDLE
87e30d4c   PRD_THOOKFXN
87e3b7a0   PRD_clock
00000001   PWRM$
00000000   PWRM_PWRM_CAPSMASK
0000000a   PWRM_PWRM_CLKTICKSPERSLOT
00000000   PWRM_PWRM_ENABLE
00000000   PWRM_PWRM_LOADENABLE
00000001   PWRM_PWRM_NUMSLOTS
00000000   PWRM_PWRM_RESOURCETRACKING
00000000   PWRM_PWRM_SCALING
87e33640   PWRM_PWRM_SHAREDRESOURCEFXN
87e33640   PWRM_PWRM_SLOTHOOKFXN
00000000   PWRM_PWRM_TIMERIDNUM
00000000   PWRM_PWRM_TIMERINTRMASK
00000000   PWRM_PWRM_TIMERWUGENMASK
00000000   PWRM_PWRM_USERRESOURCES
00000000   PWRM_PWRM_USETIMER
00000001   QUE$
ffffffff   RESET_VECTOR
87e3afa8   RTA_D_fromHost
87e3afb0   RTA_D_logval
87e3afc0   RTA_D_stsval
87e3afac   RTA_D_toHost
00000000   RTDX$
00000408   RTDX_BUFMEMSIZE
87e3b13c   RTDX_DATAMEMSEG
00000000   RTDX_MODE
00000000   RTDX_USERTDX
00000000   RTDX_USERTEXECUTION
00000000   SEM$
00000000   SIO$
00000000   STS$
87e3b3f0   STS_A_TABBEG
87e3b400   STS_A_TABEND
87e333ec   STS_F_add
87e333c0   STS_F_delta
87e33408   STS_F_reset
00000001   SWI$
87e33fd4   SWI_A_TABBEG
87e34000   SWI_A_TABEND
00000001   SWI_A_TABLEN
87e3b01c   SWI_D_curfxn
87e3b00c   SWI_D_curmask
87e3b018   SWI_D_curmbox
87e3b010   SWI_D_curset
87e3b008   SWI_D_execaddr
87e3b024   SWI_D_inswi
87e3b014   SWI_D_lock
87e3b020   SWI_D_rdybeg
87e3b028   SWI_D_rdytab
87e3b004   SWI_D_runaddr
00000000   SWI_EHOOKFXN
87e2f364   SWI_EXECFXN
87e2f180   SWI_F_enable
87e2f364   SWI_F_exec
87e2f38c   SWI_F_iexec
87e2f1f0   SWI_F_post
87e2f40c   SWI_F_run
00000000   SWI_IHOOKFXN
87e2f40c   SWI_RUNFXN
00000001   SYS$
87e3b784   SYS$config
87e33600   SYS_ABORTFXN
87e33760   SYS_ERRORFXN
87e33780   SYS_EXITFXN
87e334e0   SYS_PUTCFXN
87e3b798   TRC_R_mask
87e3b794   TRC_cinit
00000001   TSK$
00000000   TSK_NUM_HOOKS
00000001   TSK_PRIORITY
00000000   TSK_READYFXN
87e3b13c   TSK_STACKSEG
00000400   TSK_STACKSIZE
00000000   TSK_SWITCHFXN
87e33640   TSK_VCREATEFXN
87e33640   TSK_VDELETEFXN
87e33640   TSK_VEXITFXN
87e33f4c   TSK_idle
00000000   TSK_idle$ord
00000000   TSK_idle$pri
87e3aa38   TSK_idle$stack
87e3add0   TSK_idle$stkptr
00000000   TSK_idle$tsk
00000000   UDEV$
87e32b40   _ATM_andi
87e32b40   _ATM_andu
87e32b50   _ATM_cleari
87e32b50   _ATM_clearu
87e32b60   _ATM_deci
87e32b60   _ATM_decu
87e32b70   _ATM_inci
87e32b70   _ATM_incu
87e32b84   _ATM_ori
87e32b84   _ATM_oru
87e32b94   _ATM_seti
87e32b94   _ATM_setu
87e31b54   _BCACHE_bootInit
87e31bd4   _BCACHE_getMar
87e31b84   _BCACHE_getSize
87e32390   _BCACHE_inv
87e33030   _BCACHE_invL1pAll
87e31b54   _BCACHE_setCacheToSram
87e31b04   _BCACHE_setMar
87e31ac0   _BCACHE_setSize
87e33040   _BCACHE_wait
87e32380   _BCACHE_wb
87e33020   _BCACHE_wbAll
87e3236c   _BCACHE_wbInv
87e3300c   _BCACHE_wbInvAll
87e337c0   _BIOS_init
87e33a40   _BIOS_start
87e3356c   _C62_clearIFR
87e33540   _C62_disableIER
87e307c8   _C62_dispatchPlug
87e33558   _C62_enableIER
87e307c0   _C62_plug
87e3356c   _C64_clearIFR
87e33540   _C64_disableIER
87e307c8   _C64_dispatchPlug
87e33558   _C64_enableIER
87e307c0   _C64_plug
ffffffff   _CACHE_L1D
ffffffff   _CACHE_L1P
ffffffff   _CACHE_L2
00050910   _CLK_COUNTSPMS
87e3b14c   _CLK_DFLTMICROSECS
87e3af80   _CLK_D_countspms
87e3af74   _CLK_D_dirty
87e3b150   _CLK_D_microseconds
87e3af78   _CLK_D_prd
87e3af7c   _CLK_D_tddr
87e31240   _CLK_F_itime
00004b00   _CLK_PRD
49038000   _CLK_REGS
00000000   _CLK_TDDR
00000000   _CLK_TIMERNUM
00000001   _CLK_USETIMER
87e337a0   _CLK_gethtime
49038000   _CLK_gptimer
87e3aa2c   _CLK_gptimer_enablemask
87e3af64   _CLK_htimeDiv
87e3af68   _CLK_htimeMult
87e3b15c   _CLK_htimePerLtime
87e3a914   _CLK_inputClock
87e31240   _CLK_itime
87e3af6c   _CLK_ltimeDiv
87e3af70   _CLK_ltimeMult
87e31c2c   _CLK_reconfig
87e30444   _CLK_start
87e303e0   _CLK_stop
87e3b13c   _DDR2
87e00080   _DDR2_base
00020000   _DDR2_length
87e3aa20   _DSPLINKDATA_ctrlPtr
87e2d800   _DSPLINKDATA_init
87e2cc40   _DSPLINKIPS_init
ffffffff   _DSPLINKMEM
87e3aa28   _DSPLINKMQT_ctrlPtr
87e2d8a0   _DSPLINKMQT_init
87e3a710   _DSPLINKPOOL_ctrlPtr
87e2d500   _DSPLINKPOOL_init
87e2d160   _DSPLINK_init
87e3b700   _DSPLINK_shmBaseAddress
87e3b708   _DSPLINK_shmBaseAddress_pad
0000000a   _EVENT10
00000064   _EVENT100
00000065   _EVENT101
00000066   _EVENT102
00000067   _EVENT103
00000068   _EVENT104
00000069   _EVENT105
0000006a   _EVENT106
0000006b   _EVENT107
0000006c   _EVENT108
0000006d   _EVENT109
0000000b   _EVENT11
0000006e   _EVENT110
0000006f   _EVENT111
00000070   _EVENT112
00000071   _EVENT113
00000072   _EVENT114
00000073   _EVENT115
00000074   _EVENT116
00000075   _EVENT117
00000076   _EVENT118
00000077   _EVENT119
0000000c   _EVENT12
00000078   _EVENT120
00000079   _EVENT121
0000007a   _EVENT122
0000007b   _EVENT123
0000007c   _EVENT124
0000007d   _EVENT125
0000007e   _EVENT126
0000007f   _EVENT127
0000000d   _EVENT13
0000000e   _EVENT14
0000000f   _EVENT15
00000010   _EVENT16
00000011   _EVENT17
00000012   _EVENT18
00000013   _EVENT19
00000014   _EVENT20
00000015   _EVENT21
00000016   _EVENT22
00000017   _EVENT23
00000018   _EVENT24
00000019   _EVENT25
0000001a   _EVENT26
0000001b   _EVENT27
0000001c   _EVENT28
0000001d   _EVENT29
0000001e   _EVENT30
0000001f   _EVENT31
00000020   _EVENT32
00000021   _EVENT33
00000022   _EVENT34
00000023   _EVENT35
00000024   _EVENT36
00000025   _EVENT37
00000026   _EVENT38
00000027   _EVENT39
00000004   _EVENT4
00000028   _EVENT40
00000029   _EVENT41
0000002a   _EVENT42
0000002b   _EVENT43
0000002c   _EVENT44
0000002d   _EVENT45
0000002e   _EVENT46
0000002f   _EVENT47
00000030   _EVENT48
00000031   _EVENT49
00000005   _EVENT5
00000032   _EVENT50
00000033   _EVENT51
00000034   _EVENT52
00000035   _EVENT53
00000036   _EVENT54
00000037   _EVENT55
00000038   _EVENT56
00000039   _EVENT57
0000003a   _EVENT58
0000003b   _EVENT59
00000006   _EVENT6
0000003c   _EVENT60
0000003d   _EVENT61
0000003e   _EVENT62
0000003f   _EVENT63
00000040   _EVENT64
00000041   _EVENT65
00000042   _EVENT66
00000043   _EVENT67
00000044   _EVENT68
00000045   _EVENT69
00000007   _EVENT7
00000046   _EVENT70
00000047   _EVENT71
00000048   _EVENT72
00000049   _EVENT73
0000004a   _EVENT74
0000004b   _EVENT75
0000004c   _EVENT76
0000004d   _EVENT77
0000004e   _EVENT78
0000004f   _EVENT79
00000008   _EVENT8
00000050   _EVENT80
00000051   _EVENT81
00000052   _EVENT82
00000053   _EVENT83
00000054   _EVENT84
00000055   _EVENT85
00000056   _EVENT86
00000057   _EVENT87
00000058   _EVENT88
00000059   _EVENT89
00000009   _EVENT9
0000005a   _EVENT90
0000005b   _EVENT91
0000005c   _EVENT92
0000005d   _EVENT93
0000005e   _EVENT94
0000005f   _EVENT95
00000060   _EVENT96
00000061   _EVENT97
00000062   _EVENT98
00000063   _EVENT99
87e2ec70   _EXC_clearLastStatus
87e309a0   _EXC_dispatch
87e2eaf4   _EXC_exceptionHandler
87e3b120   _EXC_exceptionHook
87e2eac0   _EXC_external
87e3b128   _EXC_externalHook
87e2eaa0   _EXC_getLastStatus
87e2ea60   _EXC_init
87e2e7b4   _EXC_internal
87e3b124   _EXC_internalHook
87e2e780   _EXC_nmi
87e3b12c   _EXC_nmiHook
87e3b0f0   _EXC_returnPtr
87e30b64   _EXC_setReturnPtr
87e3a99c   _EXC_status
87e3b0e8   _EXC_sysTrapTable
87e3a9c8   _FAIL_Code
87e3a9c0   _FAIL_File
87e3a9c4   _FAIL_Line
87e3a9bc   _FAIL_Set
87e33640   _FXN_F_nop
87e33184   _FXN_F_run
87e331c0   _FXN_F_zero
00000000   _GBL_CACHE
87e31da4   _GBL_cacheInit64P
87e3afdc   _GBL_clkIn
87e3afe0   _GBL_freq
87e33660   _GBL_getVersion
87e3afd8   _GBL_procId
87e2e074   _HAL_exit
87e2e040   _HAL_init
87e2ca30   _HAL_intClear
87e2c988   _HAL_intDisable
87e2c940   _HAL_intEnable
87e2c780   _HAL_intInit
87e2c7f8   _HAL_intRegister
87e2ca10   _HAL_intSend
87e2c9d0   _HAL_intWaitClear
87e33680   _HOOK_setenv
87e00080   _HST_A_TABBEG
87e00080   _HST_A_TABEND
87e3a9cc   _HWI_ATTRS
00004000   _HWI_CFGDISPATCHED
87e3b114   _HWI_D_inhwi
87e3b108   _HWI_D_spsave
87e2eca0   _HWI_F_dispatch
0000000a   _HWI_INT10
0000000b   _HWI_INT11
0000000c   _HWI_INT12
0000000d   _HWI_INT13
0000000e   _HWI_INT14
0000000f   _HWI_INT15
00000004   _HWI_INT4
00000005   _HWI_INT5
00000006   _HWI_INT6
00000007   _HWI_INT7
00000008   _HWI_INT8
00000009   _HWI_INT9
00000001   _HWI_NMI
00000002   _HWI_RESERVED0
00000003   _HWI_RESERVED1
00000000   _HWI_RESET
87e38ff8   _HWI_STKBOTTOM
87e38000   _HWI_STKTOP
87e3b108   _HWI_data
87e331e0   _HWI_disable
87e32bc0   _HWI_dispatchPlug
87e3ae38   _HWI_dispatchTab
87e331f8   _HWI_enable
87e32c40   _HWI_eventMap
87e3320c   _HWI_restore
87e336a0   _IDL_loop
87e264b8   _IPS_clearReserved
87e24fac   _IPS_exit
87e24cdc   _IPS_init
87e26558   _IPS_isNotReserved
87e25bd0   _IPS_notify
87e25124   _IPS_register
87e26418   _IPS_setReserved
87e2569c   _IPS_unregister
ffffffff   _IRAM
87e3b0a8   _KNL_alarm
87e31e60   _KNL_check
87e3b0cc   _KNL_curqueue
87e3b0bc   _KNL_curtask
87e3b0c4   _KNL_curtime
87e3a6d8   _KNL_dummy
87e325a0   _KNL_enter
87e32560   _KNL_exit
87e31f28   _KNL_idle
87e3b0e4   _KNL_idlefxn
87e3b0b0   _KNL_inactive
87e32cc0   _KNL_ipost
87e31f50   _KNL_max
87e3b0d0   _KNL_maxqueue
87e32d40   _KNL_post
87e3b0c0   _KNL_prevtask
87e3b0b4   _KNL_priority
87e3a638   _KNL_queues
87e31700   _KNL_ready
87e2ffa0   _KNL_run
87e31440   _KNL_saveIsrFrame
87e3b0b8   _KNL_set
87e3b0ac   _KNL_setpri
87e326e0   _KNL_start
87e33fd4   _KNL_swi
87e3b0c8   _KNL_swiptr
87e314ec   _KNL_switch
87e3b0d8   _KNL_tcreatefxn
87e3b0dc   _KNL_tdeletefxn
87e30d4c   _KNL_tick
87e3b0e0   _KNL_treadyfxn
87e3b0d4   _KNL_tswitchfxn
87e3b0a0   _KNL_wFlag
87e3b0a4   _KNL_wList
ffffffff   _L1DSRAM
87e32de0   _LCK_pend
87e32dc0   _LCK_post
87e3b3ac   _LOG_A_TABBEG
87e3b3dc   _LOG_A_TABEND
00000002   _LOG_A_TABLEN
87e3af44   _LOG_D_system
87e32e40   _LOG_event
87e336c0   _LOG_printf
87e3b3ac   _LOG_system
87e3b164   _MEM
87e3afe4   _MEM_D_NUMSEGMENTS
87e3afec   _MEM_D_freelist
87e3aff0   _MEM_D_lockaddr
87e3afe8   _MEM_D_memtab
87e3aff4   _MEM_D_unlockaddr
87e305e0   _MEM_alloc
87e30d60   _MEM_free
87e33e20   _MEM_init
87e3b130   _MEM_memtab
87e330c0   _MEM_valloc
87e27524   _MPCS_close
87e2664c   _MPCS_create
87e3a9f4   _MPCS_csObj
87e3a9f0   _MPCS_ctrlPtr
87e26de4   _MPCS_delete
87e27648   _MPCS_enter
87e2a630   _MPCS_exit
87e2a44c   _MPCS_init
87e278ec   _MPCS_leave
87e273c0   _MPCS_open
87e3a9f8   _MPLIST_ctrlPtr
87e2c290   _MPLIST_exit
87e2c0ac   _MPLIST_init
87e3a9fc   _MPLIST_mpcsObj
87e3b168   _MSGQ
87e3a4c8   _MSGQ_ATTRS
87e3a4d8   _MSGQ_LOCATEASYNCATTRS
87e3a4d4   _MSGQ_LOCATEATTRS
87e32620   _MSGQ_alloc
87e32780   _MSGQ_close
87e3a7e0   _MSGQ_config
87e33580   _MSGQ_free
87e32820   _MSGQ_get
87e33b00   _MSGQ_init
87e320a0   _MSGQ_locate
87e323a0   _MSGQ_locateLocal
87e31840   _MSGQ_open
87e328c0   _MSGQ_put
87e33240   _MSGQ_release
87e336e0   _MSGQ_setErrorHandler
87e321a0   _MSGQ_startup
87e3aa00   _NOTIFY_ctrlPtr
87e2cf2c   _NOTIFY_init
87e2b588   _NOTIFY_notify
87e3aa04   _NOTIFY_numIps
87e2b1a0   _NOTIFY_register
87e2b35c   _NOTIFY_unregister
87e32ec0   _OBJ_create
87e332a0   _OBJ_delete
87e33f20   _OBJ_init
87e3a8a8   _OBJ_segtab
87e3a870   _OBJ_table
87e00080   _PIP_A_TABBEG
87e00080   _PIP_A_TABEND
87e3b16c   _POOL
ffffffff   _POOLMEM
87e3a808   _POOL_config
87e33c40   _POOL_init
87e2a2e8   _POOL_open
87e3af84   _PRD_D_tick
87e3b7a0   _PRD_clock
87e335c0   _QUE_get
87e335e8   _QUE_put
ffffffff   _RESET_VECTOR
87e3aa08   _RingIO_ctrlPtr
87e20498   _RingIO_exit
87e202a8   _RingIO_init
87e3aa0c   _RingIO_mpcsObj
87e33360   _SEM_pend
87e33300   _SEM_pendBinary
87e301e0   _SEM_pendEnterKnl
87e32480   _SEM_post
87e32480   _SEM_postBinary
87e32960   _SEM_postEnterKnl
87e2d0a8   _SHMDRV_handshake
87e2d040   _SHMDRV_init
87e3a4f4   _SMAPOOL_FXNS
87e293b0   _SMAPOOL_alloc
87e29798   _SMAPOOL_free
87e29204   _SMAPOOL_init
87e29228   _SMAPOOL_open
87e3b3f0   _STS_A_TABBEG
87e3b400   _STS_A_TABEND
87e333ec   _STS_add
87e333c0   _STS_delta
87e33408   _STS_reset
87e33700   _STS_set
87e3a970   _SWI_ATTRS
87e3b01c   _SWI_D_curfxn
87e3b00c   _SWI_D_curmask
87e3b010   _SWI_D_curset
87e3b008   _SWI_D_execaddr
87e3b024   _SWI_D_inswi
87e3b014   _SWI_D_lock
87e3b020   _SWI_D_rdybeg
87e3b004   _SWI_D_runaddr
87e32f40   _SWI_create
87e3b004   _SWI_data
87e33720   _SWI_delete
87e33420   _SWI_disable
87e33444   _SWI_enable
87e2f1f0   _SWI_post
87e32a00   _SWI_setattrs
87e3aff8   _SYS
87e3b178   _SYS_PUTCBEG
87e3b377   _SYS_PUTCEND
87e33480   _SYS_abort
87e33120   _SYS_error
87e32aa0   _SYS_exit
87e3a918   _SYS_exitStack
87e3b154   _SYS_exitStackPtr
87e3b158   _SYS_exitStackTop
87e33748   _SYS_one
87e2e730   _SYS_printf
87e2e704   _SYS_sprintf
87e2e6f4   _SYS_vprintf
87e2e2c0   _SYS_vsprintf
87e33740   _SYS_zero
87e3a792   _SamplePoolParams
87e2d740   _SetReason
87e3b798   _TRC_R_mask
87e3b148   _TSK
87e27bd0   _TSKMESSAGE_create
87e28558   _TSKMESSAGE_delete
87e28018   _TSKMESSAGE_execute
87e3a810   _TSK_ATTRS
87e3a82c   _TSK_config
87e2f9c0   _TSK_create
87e31980   _TSK_exit
87e33f4c   _TSK_idle
87e33ec0   _TSK_init
87e3b140   _TSK_nTasks
87e3b144   _TSK_pid
87e312a0   _TSK_setup
87e32024   _TSK_startup
87e3a84c   _TSK_timerSem
87e33600   _UTL_doAbort
87e33760   _UTL_doError
87e334e0   _UTL_doPutc
87e33780   _UTL_halt
87e3a958   _ZCPYMQT_FXNS
87e2df40   _ZCPYMQT_init
87e3a86c   __BCACHE_emifAddr
87e3a9e4   __BCACHE_readTable
87e3125c   __CLK_lat1beg
87e31280   __CLK_lat1end
87e29bdc   __DSPLINK_init
87e3b000   __HOOK_NUMHOOKS
87e3affc   __HOOK_knlId
87e2eca0   __HWI_lat1beg
87e2ee28   __HWI_lat1end
87e2ee28   __HWI_lat2beg
87e2f004   __HWI_lat2end1
87e2ef90   __HWI_lat2end2
87e2f020   __HWI_lat3beg
87e2efc0   __HWI_lat3end2
87e31eac   __KNL_lat1beg
87e31f28   __KNL_lat1end
87e32e40   __LOG_lat1beg
87e3a8ec   __MEM_mutex
87e2a6c0   __MPCS_open
48004000   __PWRM_CM_BASEADDR
5d000000   __PWRM_IVAMMU_BASEADDR
48306000   __PWRM_PRM_BASEADDR
48002000   __PWRM_SCM_BASEADDR
00000000   __PWRM_TIMERBASEADDR
00000020   __PWRM_TIMERINPUTCLK
00000000   __PWRM_TIMERINTRMASK
0000000a   __PWRM_TIMERPERIOD
00000000   __PWRM_USETIMER
87e335c0   __QUE_lat1beg
87e335e0   __QUE_lat1end
87e335e8   __QUE_lat2beg
87e335f4   __QUE_lat2end
87e23834   __RingIO_callNotifier
87e23b20   __RingIO_checkNotifier
87e24474   __RingIO_getContiguousDataSize
87e23f00   __RingIO_getFirstAcquiredAttr
87e24060   __RingIO_getFirstAttr
87e23d34   __RingIO_initInstance
87e24a40   __RingIO_invalidateDataBuffer
87e20aa8   __RingIO_readerAcquire
87e23670   __RingIO_readerCancel
87e229b8   __RingIO_readerFlush
87e21cec   __RingIO_readerGetvAttribute
87e2142c   __RingIO_readerRelease
87e2421c   __RingIO_releaseAttribute
87e24744   __RingIO_updateAttributes
87e20548   __RingIO_writerAcquire
87e231d0   __RingIO_writerCancel
87e221c0   __RingIO_writerFlush
87e21198   __RingIO_writerRelease
87e217fc   __RingIO_writerSetvAttribute
87e30f20   __SEM_dopost
00001000   __STACK_SIZE
87e2f2f8   __SWI_lat1beg
87e2f3a4   __SWI_lat1end
87e2f3a8   __SWI_lat2beg
87e2f408   __SWI_lat2end
87e2f180   __SWI_lat3beg
87e2f1ec   __SWI_lat3end
87e3a8c4   __TSK_mutex
ffffffff   ___TI_pprof_out_hndl
ffffffff   ___TI_prof_data_size
ffffffff   ___TI_prof_data_start
ffffffff   ___binit__
87e3ae38   ___bss__
ffffffff   ___c_args__
87e39000   ___cinit__
87e00080   ___data__
87e00080   ___edata__
87e3b176   ___end__
87e2e1c0   ___etext__
ffffffff   ___pinit__
87e20080   ___text__
87e315c0   __auto_init
87e2d260   __cmpd
87e2dc60   __cmpf
87e39e20   __ctypes_
87e2dd60   __cvtfd
87e2b6c0   __divf
87e2d5c0   __divu
87e2dce0   __fixfu
87e2df80   __fltuf
87e2ddc0   __frcmpyf
87e2d9e0   __frcmpyf_div
87e3aa10   __lock
87e2c580   __mpyf
87e2e160   __nop
87e2e180   __register_lock
87e2e1a0   __register_unlock
87e2da80   __remu
87e38000   __stack
87e3aa14   __unlock
87e2d340   _atoi
87e33d60   _c_int00
87e2ff38   _calloc
87e3a938   _dspMsgQName
87e2fd00   _free
87e2cac0   _main
87e2fd28   _malloc
87e27eac   _matMult
87e2fe58   _memalign
87e2db20   _memcpy
87e2d420   _memset
87e3a790   _mqtParams
87e3aa30   _numTransfers
87e2fd8c   _realloc
87e2de20   _strcpy
87e2dfc0   _strlen
87e2de80   _strncmp
87e2dbc0   _strncpy
87e3b3c4   _trace
87e3a7b8   _transports
ffffffff   binit
87e39000   cinit
87e00080   edata
87e3b176   end
87e2e1c0   etext
87e3b400   hwi0
87e3b420   hwi1
87e3b540   hwi10
87e3b560   hwi11
87e3b580   hwi12
87e3b5a0   hwi13
87e3b5c0   hwi14
87e3b5e0   hwi15
87e3b440   hwi2
87e3b460   hwi3
87e3b480   hwi4
87e3b4a0   hwi5
87e3b4c0   hwi6
87e3b4e0   hwi7
87e3b500   hwi8
87e3b520   hwi9
ffffffff   pinit
87e3b3c4   trace
87e34000   trace$buf
00000001   trace$datatype
00000000   trace$log
00001000   trace$size


GLOBAL SYMBOLS: SORTED BY Symbol Address 

address    name
--------   ----
00000000   BUF$
00000000   CLK_PRDHIGH
00000000   CLK_RESETTIMER
00000000   CLK_TDDR
00000000   CLK_TDDRHIGH
00000000   CLK_TIMERNUM
00000000   DEV$
00000000   DGN$
00000000   DHL$
00000000   DHL_gChannelsAvailable
00000000   DIO$
00000000   DIO_NUMSWIBASE
00000000   DIO_NUMTSKBASE
00000000   DIO_STATIC
00000000   DPI$
00000000   ECM$
00000000   ECM_ENABLE
00000000   GBL_BCACHEREADADDR0
00000000   GBL_BCACHEREADADDR1
00000000   GBL_BCACHEREADADDR2
00000000   GBL_BIGENDIAN
00000000   GBL_CACHE
00000000   GBL_CALLCSLCFGINIT
00000000   GBL_ENABLEINST
00000000   GBL_ENABLE_SK
00000000   GBL_GEMTRUECOMPEN
00000000   GBL_L2MAR0_31
00000000   GBL_L2MAR160_191
00000000   GBL_L2MAR192_223
00000000   GBL_L2MAR224_255
00000000   GBL_L2MAR32_63
00000000   GBL_L2MAR64_95
00000000   GBL_L2MAR96_127
00000000   GBL_NULL
00000000   GBL_PROCID
00000000   GBL_ROM
00000000   GBL_SUPPORTCSL
00000000   GBL_USERINIT
00000000   GIO$
00000000   HOOK$
00000000   HOOK_KNLID
00000000   HST$
00000000   HST_DSM
00000000   HST_MAXFRAMESET
00000000   HST_RTDX
00000000   HWI_GENERATE_RESET_VEC
00000000   HWI_INT10$hwi
00000000   HWI_INT11$hwi
00000000   HWI_INT12$hwi
00000000   HWI_INT13$hwi
00000000   HWI_INT14$hwi
00000000   HWI_INT15$hwi
00000000   HWI_INT4$hwi
00000000   HWI_INT5$hwi
00000000   HWI_INT6$hwi
00000000   HWI_INT7$hwi
00000000   HWI_INT8$hwi
00000000   HWI_INT9$hwi
00000000   HWI_NMI$hwi
00000000   HWI_POLARITYMASK
00000000   HWI_RESERVED0$hwi
00000000   HWI_RESERVED1$hwi
00000000   HWI_RESET
00000000   HWI_RESET$hwi
00000000   HWI_ZEROTAB
00000000   IDL$
00000000   IDL_CALIBRERROR
00000000   IDL_CALIBRFXN
00000000   IDL_USECLKIDLTIME
00000000   KNL_swi$ord
00000000   KNL_swi$pri
00000000   KNL_swi$sts$unittype
00000000   KNL_swi$swi
00000000   LOG_system$datatype
00000000   LOG_system$log
00000000   MBX$
00000000   MEM_NULL
00000000   MEM_USEMPC
00000000   OBJ$
00000000   PIP$
00000000   PIP_A_TABLEN
00000000   PIP_gNextId
00000000   PIP_gNumEmbed
00000000   PRD_A_TABLEN
00000000   PRD_SWIHANDLE
00000000   PWRM_PWRM_CAPSMASK
00000000   PWRM_PWRM_ENABLE
00000000   PWRM_PWRM_LOADENABLE
00000000   PWRM_PWRM_RESOURCETRACKING
00000000   PWRM_PWRM_SCALING
00000000   PWRM_PWRM_TIMERIDNUM
00000000   PWRM_PWRM_TIMERINTRMASK
00000000   PWRM_PWRM_TIMERWUGENMASK
00000000   PWRM_PWRM_USERRESOURCES
00000000   PWRM_PWRM_USETIMER
00000000   RTDX$
00000000   RTDX_MODE
00000000   RTDX_USERTDX
00000000   RTDX_USERTEXECUTION
00000000   SEM$
00000000   SIO$
00000000   STS$
00000000   SWI_EHOOKFXN
00000000   SWI_IHOOKFXN
00000000   TSK_NUM_HOOKS
00000000   TSK_READYFXN
00000000   TSK_SWITCHFXN
00000000   TSK_idle$ord
00000000   TSK_idle$pri
00000000   TSK_idle$tsk
00000000   UDEV$
00000000   _CLK_TDDR
00000000   _CLK_TIMERNUM
00000000   _GBL_CACHE
00000000   _HWI_RESET
00000000   __PWRM_TIMERBASEADDR
00000000   __PWRM_TIMERINTRMASK
00000000   __PWRM_USETIMER
00000000   trace$log
00000001   BUF_ENABLED
00000001   CLK$
00000001   CLK_CALDIV
00000001   CLK_CALMULT
00000001   CLK_ENABLEHTIME
00000001   CLK_HTIMEDIV
00000001   CLK_HTIMEMULT
00000001   CLK_LTIMEDIV
00000001   CLK_USETIMER
00000001   GBL$
00000001   GBL_L2CONFIGURE
00000001   GBL_L2MODE
00000001   GBL_boot
00000001   HST_NONE
00000001   HWI$
00000001   HWI_ENABLE_EXC
00000001   HWI_NMI
00000001   ISRC$
00000001   KNL_swi$dorta
00000001   KNL_swi$sts$filtmaxmult
00000001   KNL_swi$sts$filtsummult
00000001   LCK$
00000001   LOG$
00000001   LOG_ENABLED
00000001   MEM$
00000001   MEM_gNumHeap
00000001   MSGQ$
00000001   MSGQ_USEMSGQ
00000001   POOL$
00000001   POOL_USEPOOL
00000001   PRD$
00000001   PRD_SCALAR
00000001   PWRM$
00000001   PWRM_PWRM_NUMSLOTS
00000001   QUE$
00000001   SWI$
00000001   SWI_A_TABLEN
00000001   SYS$
00000001   TSK$
00000001   TSK_PRIORITY
00000001   _CLK_USETIMER
00000001   _HWI_NMI
00000001   trace$datatype
00000002   HWI_RESERVED0
00000002   KNL_swi$sts$filter
00000002   LOG_A_TABLEN
00000002   _HWI_RESERVED0
00000002   _LOG_A_TABLEN
00000003   GBL_L1PMODE
00000003   HWI_RESERVED1
00000003   _HWI_RESERVED1
00000004   EVENT4
00000004   HWI_INT4
00000004   _EVENT4
00000004   _HWI_INT4
00000005   CLK_COUNTSPMSHIGH
00000005   CLK_TIMMODE
00000005   EVENT5
00000005   HWI_INT5
00000005   _EVENT5
00000005   _HWI_INT5
00000006   EVENT6
00000006   HWI_INT6
00000006   _EVENT6
00000006   _HWI_INT6
00000007   EVENT7
00000007   GBL_L1DMODE
00000007   HWI_INT7
00000007   _EVENT7
00000007   _HWI_INT7
00000008   EVENT8
00000008   HWI_INT8
00000008   _EVENT8
00000008   _HWI_INT8
00000009   EVENT9
00000009   HWI_INT9
00000009   _EVENT9
00000009   _HWI_INT9
0000000a   EVENT10
0000000a   HWI_INT10
0000000a   PWRM_PWRM_CLKTICKSPERSLOT
0000000a   _EVENT10
0000000a   _HWI_INT10
0000000a   __PWRM_TIMERPERIOD
0000000b   EVENT11
0000000b   HWI_INT11
0000000b   _EVENT11
0000000b   _HWI_INT11
0000000c   EVENT12
0000000c   HWI_INT12
0000000c   _EVENT12
0000000c   _HWI_INT12
0000000d   EVENT13
0000000d   HWI_INT13
0000000d   _EVENT13
0000000d   _HWI_INT13
0000000e   EVENT14
0000000e   HWI_INT14
0000000e   _EVENT14
0000000e   _HWI_INT14
0000000f   EVENT15
0000000f   HWI_INT15
0000000f   _EVENT15
0000000f   _HWI_INT15
00000010   EVENT16
00000010   _EVENT16
00000011   EVENT17
00000011   _EVENT17
00000012   EVENT18
00000012   _EVENT18
00000013   EVENT19
00000013   _EVENT19
00000014   EVENT20
00000014   _EVENT20
00000015   EVENT21
00000015   _EVENT21
00000016   EVENT22
00000016   _EVENT22
00000017   EVENT23
00000017   _EVENT23
00000018   EVENT24
00000018   _EVENT24
00000019   EVENT25
00000019   _EVENT25
0000001a   EVENT26
0000001a   _EVENT26
0000001b   EVENT27
0000001b   _EVENT27
0000001c   EVENT28
0000001c   _EVENT28
0000001d   EVENT29
0000001d   _EVENT29
0000001e   EVENT30
0000001e   _EVENT30
0000001f   EVENT31
0000001f   _EVENT31
00000020   CLK_TCR
00000020   EVENT32
00000020   _EVENT32
00000020   __PWRM_TIMERINPUTCLK
00000021   EVENT33
00000021   _EVENT33
00000022   EVENT34
00000022   _EVENT34
00000023   EVENT35
00000023   _EVENT35
00000024   EVENT36
00000024   _EVENT36
00000025   EVENT37
00000025   _EVENT37
00000026   EVENT38
00000026   _EVENT38
00000027   EVENT39
00000027   _EVENT39
00000028   EVENT40
00000028   _EVENT40
00000029   EVENT41
00000029   _EVENT41
0000002a   EVENT42
0000002a   _EVENT42
0000002b   EVENT43
0000002b   _EVENT43
0000002c   EVENT44
0000002c   _EVENT44
0000002d   EVENT45
0000002d   _EVENT45
0000002e   EVENT46
0000002e   _EVENT46
0000002f   EVENT47
0000002f   _EVENT47
00000030   EVENT48
00000030   _EVENT48
00000031   EVENT49
00000031   _EVENT49
00000032   EVENT50
00000032   _EVENT50
00000033   EVENT51
00000033   _EVENT51
00000034   EVENT52
00000034   _EVENT52
00000035   EVENT53
00000035   _EVENT53
00000036   EVENT54
00000036   _EVENT54
00000037   EVENT55
00000037   _EVENT55
00000038   EVENT56
00000038   _EVENT56
00000039   EVENT57
00000039   _EVENT57
0000003a   EVENT58
0000003a   _EVENT58
0000003b   EVENT59
0000003b   _EVENT59
0000003c   EVENT60
0000003c   _EVENT60
0000003d   EVENT61
0000003d   _EVENT61
0000003e   EVENT62
0000003e   GBL_DSPTYPE
0000003e   _EVENT62
0000003f   EVENT63
0000003f   _EVENT63
00000040   EVENT64
00000040   LOG_system$size
00000040   _EVENT64
00000041   EVENT65
00000041   _EVENT65
00000042   EVENT66
00000042   GBL_FOOTPRINT
00000042   _EVENT66
00000043   EVENT67
00000043   _EVENT67
00000044   EVENT68
00000044   _EVENT68
00000045   EVENT69
00000045   _EVENT69
00000046   EVENT70
00000046   _EVENT70
00000047   EVENT71
00000047   _EVENT71
00000048   EVENT72
00000048   _EVENT72
00000049   EVENT73
00000049   _EVENT73
0000004a   EVENT74
0000004a   _EVENT74
0000004b   EVENT75
0000004b   _EVENT75
0000004c   EVENT76
0000004c   _EVENT76
0000004d   EVENT77
0000004d   _EVENT77
0000004e   EVENT78
0000004e   _EVENT78
0000004f   EVENT79
0000004f   _EVENT79
00000050   EVENT80
00000050   _EVENT80
00000051   EVENT81
00000051   _EVENT81
00000052   EVENT82
00000052   _EVENT82
00000053   EVENT83
00000053   _EVENT83
00000054   EVENT84
00000054   _EVENT84
00000055   EVENT85
00000055   _EVENT85
00000056   EVENT86
00000056   _EVENT86
00000057   EVENT87
00000057   _EVENT87
00000058   EVENT88
00000058   _EVENT88
00000059   EVENT89
00000059   _EVENT89
0000005a   EVENT90
0000005a   _EVENT90
0000005b   EVENT91
0000005b   _EVENT91
0000005c   EVENT92
0000005c   _EVENT92
0000005d   EVENT93
0000005d   _EVENT93
0000005e   EVENT94
0000005e   _EVENT94
0000005f   EVENT95
0000005f   _EVENT95
00000060   EVENT96
00000060   _EVENT96
00000061   EVENT97
00000061   _EVENT97
00000062   EVENT98
00000062   _EVENT98
00000063   EVENT99
00000063   _EVENT99
00000064   EVENT100
00000064   PIP_OBJSIZE
00000064   _EVENT100
00000065   EVENT101
00000065   _EVENT101
00000066   EVENT102
00000066   _EVENT102
00000067   EVENT103
00000067   _EVENT103
00000068   EVENT104
00000068   _EVENT104
00000069   EVENT105
00000069   _EVENT105
0000006a   EVENT106
0000006a   _EVENT106
0000006b   EVENT107
0000006b   _EVENT107
0000006c   EVENT108
0000006c   _EVENT108
0000006d   EVENT109
0000006d   _EVENT109
0000006e   EVENT110
0000006e   _EVENT110
0000006f   EVENT111
0000006f   _EVENT111
00000070   EVENT112
00000070   _EVENT112
00000071   EVENT113
00000071   _EVENT113
00000072   EVENT114
00000072   _EVENT114
00000073   EVENT115
00000073   _EVENT115
00000074   EVENT116
00000074   _EVENT116
00000075   EVENT117
00000075   _EVENT117
00000076   EVENT118
00000076   _EVENT118
00000077   EVENT119
00000077   _EVENT119
00000078   EVENT120
00000078   _EVENT120
00000079   EVENT121
00000079   _EVENT121
0000007a   EVENT122
0000007a   _EVENT122
0000007b   EVENT123
0000007b   _EVENT123
0000007c   EVENT124
0000007c   _EVENT124
0000007d   EVENT125
0000007d   _EVENT125
0000007e   EVENT126
0000007e   _EVENT126
0000007f   EVENT127
0000007f   _EVENT127
00000080   GBL_L2MAR128_159
00000100   HST_MAXFRAMEALLOWED
000003e8   CLK_MICROSECS
00000400   HST_DSMMEMSIZE
00000400   TSK_STACKSIZE
00000408   RTDX_BUFMEMSIZE
00000d66   GBL_CLKTYPE
00001000   __STACK_SIZE
00001000   trace$size
00001963   GBL_DSPSUBTYPE
00004000   CLK_INTBIT
00004000   GBL_TRCMASKVALUE
00004000   HWI_CFGDISPATCHED
00004000   _HWI_CFGDISPATCHED
00004b00   CLK_INPUTCLK
00004b00   CLK_PRD
00004b00   _CLK_PRD
00004e20   GBL_CLKIN
00005205   GBL_A_VERSION
00020000   DDR2$L
00020000   _DDR2_length
00050910   CLK_COUNTSPMS
00050910   CLK_HTIMEPERLTIME
00050910   CLK_LTIMEMULT
00050910   GBL_FREQ
00050910   _CLK_COUNTSPMS
07060504   HWI_INTRMUX1
0a0a0908   HWI_INTRMUX2
34330d0b   HWI_INTRMUX3
48002000   __PWRM_SCM_BASEADDR
48004000   __PWRM_CM_BASEADDR
48306000   __PWRM_PRM_BASEADDR
49038000   CLK_REGS
49038000   _CLK_REGS
49038000   _CLK_gptimer
5d000000   __PWRM_IVAMMU_BASEADDR
87e00080   .data
87e00080   DDR2$B
87e00080   HST_A_TABBEG
87e00080   HST_A_TABEND
87e00080   PIP_A_TABBEG
87e00080   PIP_A_TABEND
87e00080   PRD_A_TABBEG
87e00080   PRD_A_TABEND
87e00080   _DDR2_base
87e00080   _HST_A_TABBEG
87e00080   _HST_A_TABEND
87e00080   _PIP_A_TABBEG
87e00080   _PIP_A_TABEND
87e00080   ___data__
87e00080   ___edata__
87e00080   edata
87e20080   .text
87e20080   ___text__
87e202a8   _RingIO_init
87e20498   _RingIO_exit
87e20548   __RingIO_writerAcquire
87e20aa8   __RingIO_readerAcquire
87e21198   __RingIO_writerRelease
87e2142c   __RingIO_readerRelease
87e217fc   __RingIO_writerSetvAttribute
87e21cec   __RingIO_readerGetvAttribute
87e221c0   __RingIO_writerFlush
87e229b8   __RingIO_readerFlush
87e231d0   __RingIO_writerCancel
87e23670   __RingIO_readerCancel
87e23834   __RingIO_callNotifier
87e23b20   __RingIO_checkNotifier
87e23d34   __RingIO_initInstance
87e23f00   __RingIO_getFirstAcquiredAttr
87e24060   __RingIO_getFirstAttr
87e2421c   __RingIO_releaseAttribute
87e24474   __RingIO_getContiguousDataSize
87e24744   __RingIO_updateAttributes
87e24a40   __RingIO_invalidateDataBuffer
87e24cdc   _IPS_init
87e24fac   _IPS_exit
87e25124   _IPS_register
87e2569c   _IPS_unregister
87e25bd0   _IPS_notify
87e26418   _IPS_setReserved
87e264b8   _IPS_clearReserved
87e26558   _IPS_isNotReserved
87e2664c   _MPCS_create
87e26de4   _MPCS_delete
87e273c0   _MPCS_open
87e27524   _MPCS_close
87e27648   _MPCS_enter
87e278ec   _MPCS_leave
87e27bd0   _TSKMESSAGE_create
87e27eac   _matMult
87e28018   _TSKMESSAGE_execute
87e28558   _TSKMESSAGE_delete
87e29204   _SMAPOOL_init
87e29228   _SMAPOOL_open
87e293b0   _SMAPOOL_alloc
87e29798   _SMAPOOL_free
87e29bdc   __DSPLINK_init
87e2a2e8   _POOL_open
87e2a44c   _MPCS_init
87e2a630   _MPCS_exit
87e2a6c0   __MPCS_open
87e2b1a0   _NOTIFY_register
87e2b35c   _NOTIFY_unregister
87e2b588   _NOTIFY_notify
87e2b6c0   __divf
87e2c0ac   _MPLIST_init
87e2c290   _MPLIST_exit
87e2c580   __mpyf
87e2c780   _HAL_intInit
87e2c7f8   _HAL_intRegister
87e2c940   _HAL_intEnable
87e2c988   _HAL_intDisable
87e2c9d0   _HAL_intWaitClear
87e2ca10   _HAL_intSend
87e2ca30   _HAL_intClear
87e2cac0   _main
87e2cc40   _DSPLINKIPS_init
87e2cf2c   _NOTIFY_init
87e2d040   _SHMDRV_init
87e2d0a8   _SHMDRV_handshake
87e2d160   _DSPLINK_init
87e2d260   __cmpd
87e2d340   _atoi
87e2d420   _memset
87e2d500   _DSPLINKPOOL_init
87e2d5c0   __divu
87e2d740   _SetReason
87e2d800   _DSPLINKDATA_init
87e2d8a0   _DSPLINKMQT_init
87e2d9e0   __frcmpyf_div
87e2da80   __remu
87e2db20   _memcpy
87e2dbc0   _strncpy
87e2dc60   __cmpf
87e2dce0   __fixfu
87e2dd60   __cvtfd
87e2ddc0   __frcmpyf
87e2de20   _strcpy
87e2de80   _strncmp
87e2df40   _ZCPYMQT_init
87e2df80   __fltuf
87e2dfc0   _strlen
87e2e040   _HAL_init
87e2e074   _HAL_exit
87e2e160   __nop
87e2e180   __register_lock
87e2e1a0   __register_unlock
87e2e1c0   ___etext__
87e2e1c0   etext
87e2e2c0   _SYS_vsprintf
87e2e6f4   _SYS_vprintf
87e2e704   _SYS_sprintf
87e2e730   _SYS_printf
87e2e780   _EXC_nmi
87e2e7b4   _EXC_internal
87e2ea60   _EXC_init
87e2eaa0   _EXC_getLastStatus
87e2eac0   _EXC_external
87e2eaf4   _EXC_exceptionHandler
87e2ec70   _EXC_clearLastStatus
87e2eca0   CLK_HOOKFXN
87e2eca0   HWI_F_dispatch
87e2eca0   _HWI_F_dispatch
87e2eca0   __HWI_lat1beg
87e2ee28   __HWI_lat1end
87e2ee28   __HWI_lat2beg
87e2ef90   __HWI_lat2end2
87e2efc0   __HWI_lat3end2
87e2f004   __HWI_lat2end1
87e2f020   __HWI_lat3beg
87e2f180   SWI_F_enable
87e2f180   __SWI_lat3beg
87e2f1ec   __SWI_lat3end
87e2f1f0   SWI_F_post
87e2f1f0   _SWI_post
87e2f2f8   __SWI_lat1beg
87e2f364   SWI_EXECFXN
87e2f364   SWI_F_exec
87e2f38c   SWI_F_iexec
87e2f3a4   __SWI_lat1end
87e2f3a8   __SWI_lat2beg
87e2f408   __SWI_lat2end
87e2f40c   SWI_F_run
87e2f40c   SWI_RUNFXN
87e2f640   PRD_F_swi
87e2f8c4   PRD_F_tick
87e2f9c0   _TSK_create
87e2fd00   _free
87e2fd28   _malloc
87e2fd8c   _realloc
87e2fe58   _memalign
87e2ff38   _calloc
87e2ffa0   _KNL_run
87e301e0   _SEM_pendEnterKnl
87e303e0   _CLK_stop
87e30444   _CLK_start
87e305e0   _MEM_alloc
87e307c0   _C62_plug
87e307c0   _C64_plug
87e307c8   _C62_dispatchPlug
87e307c8   _C64_dispatchPlug
87e309a0   _EXC_dispatch
87e30b64   _EXC_setReturnPtr
87e30d4c   PRD_THOOKFXN
87e30d4c   _KNL_tick
87e30d60   _MEM_free
87e30f20   __SEM_dopost
87e310e0   CLK_F_getltime
87e310f0   CLK_F_isr
87e31240   CLK_F_itime
87e31240   _CLK_F_itime
87e31240   _CLK_itime
87e3125c   __CLK_lat1beg
87e31280   __CLK_lat1end
87e312a0   _TSK_setup
87e31440   _KNL_saveIsrFrame
87e314ec   _KNL_switch
87e31598   KNL_glue
87e315c0   __auto_init
87e31700   _KNL_ready
87e31840   _MSGQ_open
87e31980   _TSK_exit
87e31ac0   _BCACHE_setSize
87e31b04   _BCACHE_setMar
87e31b54   _BCACHE_bootInit
87e31b54   _BCACHE_setCacheToSram
87e31b84   _BCACHE_getSize
87e31bd4   _BCACHE_getMar
87e31c2c   _CLK_reconfig
87e31da4   _GBL_cacheInit64P
87e31e60   _KNL_check
87e31eac   __KNL_lat1beg
87e31f28   _KNL_idle
87e31f28   __KNL_lat1end
87e31f50   _KNL_max
87e32024   _TSK_startup
87e320a0   _MSGQ_locate
87e321a0   _MSGQ_startup
87e3236c   _BCACHE_wbInv
87e32380   _BCACHE_wb
87e32390   _BCACHE_inv
87e323a0   _MSGQ_locateLocal
87e32480   _SEM_post
87e32480   _SEM_postBinary
87e32560   _KNL_exit
87e325a0   _KNL_enter
87e32620   _MSGQ_alloc
87e326e0   _KNL_start
87e32780   _MSGQ_close
87e32820   _MSGQ_get
87e328c0   _MSGQ_put
87e32960   _SEM_postEnterKnl
87e32a00   _SWI_setattrs
87e32aa0   _SYS_exit
87e32b40   _ATM_andi
87e32b40   _ATM_andu
87e32b50   _ATM_cleari
87e32b50   _ATM_clearu
87e32b60   _ATM_deci
87e32b60   _ATM_decu
87e32b70   _ATM_inci
87e32b70   _ATM_incu
87e32b84   _ATM_ori
87e32b84   _ATM_oru
87e32b94   _ATM_seti
87e32b94   _ATM_setu
87e32bc0   _HWI_dispatchPlug
87e32c40   _HWI_eventMap
87e32cc0   _KNL_ipost
87e32d40   _KNL_post
87e32dc0   _LCK_post
87e32de0   _LCK_pend
87e32e40   LOG_F_event
87e32e40   _LOG_event
87e32e40   __LOG_lat1beg
87e32ec0   _OBJ_create
87e32f40   _SWI_create
87e3300c   _BCACHE_wbInvAll
87e33020   _BCACHE_wbAll
87e33030   _BCACHE_invL1pAll
87e33040   _BCACHE_wait
87e330c0   _MEM_valloc
87e33120   _SYS_error
87e33180   FXN_F_nop
87e33184   FXN_F_run
87e33184   _FXN_F_run
87e331c0   FXN_F_zero
87e331c0   _FXN_F_zero
87e331e0   _HWI_disable
87e331f8   _HWI_enable
87e3320c   _HWI_restore
87e33240   _MSGQ_release
87e332a0   _OBJ_delete
87e33300   _SEM_pendBinary
87e33360   _SEM_pend
87e333c0   STS_F_delta
87e333c0   _STS_delta
87e333ec   STS_F_add
87e333ec   _STS_add
87e33408   STS_F_reset
87e33408   _STS_reset
87e33420   _SWI_disable
87e33444   _SWI_enable
87e33480   _SYS_abort
87e334e0   SYS_PUTCFXN
87e334e0   _UTL_doPutc
87e33540   _C62_disableIER
87e33540   _C64_disableIER
87e33558   _C62_enableIER
87e33558   _C64_enableIER
87e3356c   _C62_clearIFR
87e3356c   _C64_clearIFR
87e33580   _MSGQ_free
87e335c0   _QUE_get
87e335c0   __QUE_lat1beg
87e335e0   __QUE_lat1end
87e335e8   _QUE_put
87e335e8   __QUE_lat2beg
87e335f4   __QUE_lat2end
87e33600   SYS_ABORTFXN
87e33600   _UTL_doAbort
87e33640   GBL_USERINITFXN
87e33640   GIO_CREATEFXN
87e33640   GIO_DELETEFXN
87e33640   GIO_PENDFXN
87e33640   GIO_POSTFXN
87e33640   PWRM_PWRM_SHAREDRESOURCEFXN
87e33640   PWRM_PWRM_SLOTHOOKFXN
87e33640   TSK_VCREATEFXN
87e33640   TSK_VDELETEFXN
87e33640   TSK_VEXITFXN
87e33640   _FXN_F_nop
87e33660   _GBL_getVersion
87e33680   _HOOK_setenv
87e336a0   IDL_F_loop
87e336a0   _IDL_loop
87e336c0   _LOG_printf
87e336e0   _MSGQ_setErrorHandler
87e33700   _STS_set
87e33720   _SWI_delete
87e33740   _SYS_zero
87e33748   _SYS_one
87e33760   SYS_ERRORFXN
87e33760   _UTL_doError
87e33780   SYS_EXITFXN
87e33780   _UTL_halt
87e337a0   CLK_TIMEFXN
87e337a0   _CLK_gethtime
87e337c0   BIOS_init
87e337c0   _BIOS_init
87e33a40   BIOS_start
87e33a40   _BIOS_start
87e33b00   _MSGQ_init
87e33c40   _POOL_init
87e33d60   _c_int00
87e33e20   _MEM_init
87e33ec0   _TSK_init
87e33f20   _OBJ_init
87e33f4c   TSK_idle
87e33f4c   _TSK_idle
87e33fd4   KNL_swi
87e33fd4   SWI_A_TABBEG
87e33fd4   _KNL_swi
87e34000   SWI_A_TABEND
87e34000   trace$buf
87e38000   GBL_stackbeg
87e38000   _HWI_STKTOP
87e38000   __stack
87e38ff8   _HWI_STKBOTTOM
87e38fff   GBL_stackend
87e39000   ___cinit__
87e39000   cinit
87e39c84   IDL_A_TABBEG
87e39c84   IDL_END
87e39e20   __ctypes_
87e3a4c8   _MSGQ_ATTRS
87e3a4d4   _MSGQ_LOCATEATTRS
87e3a4d8   _MSGQ_LOCATEASYNCATTRS
87e3a4f4   _SMAPOOL_FXNS
87e3a511   KNL_swi$sts$maxfmt
87e3a514   IDL_A_CALBEG
87e3a514   IDL_END$
87e3a519   KNL_swi$sts$sumfmt
87e3a521   KNL_swi$sts$avgfmt
87e3a638   _KNL_queues
87e3a6d8   _KNL_dummy
87e3a710   _DSPLINKPOOL_ctrlPtr
87e3a790   _mqtParams
87e3a792   _SamplePoolParams
87e3a7b8   _transports
87e3a7e0   _MSGQ_config
87e3a808   _POOL_config
87e3a810   _TSK_ATTRS
87e3a82c   _TSK_config
87e3a84c   _TSK_timerSem
87e3a86c   __BCACHE_emifAddr
87e3a870   _OBJ_table
87e3a8a8   _OBJ_segtab
87e3a8c4   __TSK_mutex
87e3a8ec   __MEM_mutex
87e3a914   _CLK_inputClock
87e3a918   _SYS_exitStack
87e3a938   _dspMsgQName
87e3a958   _ZCPYMQT_FXNS
87e3a970   _SWI_ATTRS
87e3a99c   _EXC_status
87e3a9bc   _FAIL_Set
87e3a9c0   _FAIL_File
87e3a9c4   _FAIL_Line
87e3a9c8   _FAIL_Code
87e3a9cc   _HWI_ATTRS
87e3a9e4   __BCACHE_readTable
87e3a9f0   _MPCS_ctrlPtr
87e3a9f4   _MPCS_csObj
87e3a9f8   _MPLIST_ctrlPtr
87e3a9fc   _MPLIST_mpcsObj
87e3aa00   _NOTIFY_ctrlPtr
87e3aa04   _NOTIFY_numIps
87e3aa08   _RingIO_ctrlPtr
87e3aa0c   _RingIO_mpcsObj
87e3aa10   __lock
87e3aa14   __unlock
87e3aa20   _DSPLINKDATA_ctrlPtr
87e3aa28   _DSPLINKMQT_ctrlPtr
87e3aa2c   _CLK_gptimer_enablemask
87e3aa30   _numTransfers
87e3aa38   TSK_idle$stack
87e3add0   TSK_idle$stkptr
87e3ae38   $bss
87e3ae38   .bss
87e3ae38   _HWI_dispatchTab
87e3ae38   ___bss__
87e3af38   IDL_D_tabbeg
87e3af3c   IDL_D_calibrate
87e3af40   IDL_D_calbeg
87e3af44   LOG_D_system
87e3af44   _LOG_D_system
87e3af48   PIP_D_tabbeg
87e3af4c   PIP_D_tablen
87e3af50   CLK_R_time
87e3af54   CLK_D_timefxn
87e3af58   CLK_D_tabbeg
87e3af5c   CLK_D_isrhook
87e3af60   CLK_D_idletime
87e3af64   _CLK_htimeDiv
87e3af68   _CLK_htimeMult
87e3af6c   _CLK_ltimeDiv
87e3af70   _CLK_ltimeMult
87e3af74   _CLK_D_dirty
87e3af78   _CLK_D_prd
87e3af7c   _CLK_D_tddr
87e3af80   _CLK_D_countspms
87e3af84   PRD_D_tick
87e3af84   _PRD_D_tick
87e3af88   PRD_D_cur
87e3af8c   PRD_D_elapsed
87e3af90   PRD_D_prevtim
87e3af94   PRD_D_scalar
87e3af98   PRD_D_swihandle
87e3af9c   PRD_D_tabbeg
87e3afa0   PRD_D_tablen
87e3afa4   PRD_D_thook
87e3afa8   RTA_D_fromHost
87e3afac   RTA_D_toHost
87e3afb0   RTA_D_logval
87e3afc0   RTA_D_stsval
87e3afcc   HST_D_chanmask
87e3afd0   HST_D_tabbeg
87e3afd4   HST_D_tabend
87e3afd8   _GBL_procId
87e3afdc   _GBL_clkIn
87e3afe0   _GBL_freq
87e3afe4   _MEM_D_NUMSEGMENTS
87e3afe8   _MEM_D_memtab
87e3afec   _MEM_D_freelist
87e3aff0   _MEM_D_lockaddr
87e3aff4   _MEM_D_unlockaddr
87e3aff8   _SYS
87e3affc   __HOOK_knlId
87e3b000   __HOOK_NUMHOOKS
87e3b004   SWI_D_runaddr
87e3b004   _SWI_D_runaddr
87e3b004   _SWI_data
87e3b008   SWI_D_execaddr
87e3b008   _SWI_D_execaddr
87e3b00c   SWI_D_curmask
87e3b00c   _SWI_D_curmask
87e3b010   SWI_D_curset
87e3b010   _SWI_D_curset
87e3b014   SWI_D_lock
87e3b014   _SWI_D_lock
87e3b018   SWI_D_curmbox
87e3b01c   SWI_D_curfxn
87e3b01c   _SWI_D_curfxn
87e3b020   SWI_D_rdybeg
87e3b020   _SWI_D_rdybeg
87e3b024   SWI_D_inswi
87e3b024   _SWI_D_inswi
87e3b028   SWI_D_rdytab
87e3b0a0   _KNL_wFlag
87e3b0a4   _KNL_wList
87e3b0a8   _KNL_alarm
87e3b0ac   _KNL_setpri
87e3b0b0   _KNL_inactive
87e3b0b4   _KNL_priority
87e3b0b8   _KNL_set
87e3b0bc   _KNL_curtask
87e3b0c0   _KNL_prevtask
87e3b0c4   _KNL_curtime
87e3b0c8   _KNL_swiptr
87e3b0cc   _KNL_curqueue
87e3b0d0   _KNL_maxqueue
87e3b0d4   _KNL_tswitchfxn
87e3b0d8   _KNL_tcreatefxn
87e3b0dc   _KNL_tdeletefxn
87e3b0e0   _KNL_treadyfxn
87e3b0e4   _KNL_idlefxn
87e3b0e8   _EXC_sysTrapTable
87e3b0f0   _EXC_returnPtr
87e3b108   HWI_D_spsave
87e3b108   _HWI_D_spsave
87e3b108   _HWI_data
87e3b114   _HWI_D_inhwi
87e3b118   HWI_D_bss
87e3b11c   HWI_D_ccmask
87e3b120   _EXC_exceptionHook
87e3b124   _EXC_internalHook
87e3b128   _EXC_externalHook
87e3b12c   _EXC_nmiHook
87e3b130   _MEM_memtab
87e3b13c   DDR2
87e3b13c   HST_DSMBUFSEG
87e3b13c   MEM_MALLOCSEG
87e3b13c   MEM_SEGZERO
87e3b13c   RTDX_DATAMEMSEG
87e3b13c   TSK_STACKSEG
87e3b13c   _DDR2
87e3b140   _TSK_nTasks
87e3b144   _TSK_pid
87e3b148   _TSK
87e3b14c   _CLK_DFLTMICROSECS
87e3b150   _CLK_D_microseconds
87e3b154   _SYS_exitStackPtr
87e3b158   _SYS_exitStackTop
87e3b15c   _CLK_htimePerLtime
87e3b164   _MEM
87e3b168   _MSGQ
87e3b16c   _POOL
87e3b176   ___end__
87e3b176   end
87e3b178   _SYS_PUTCBEG
87e3b377   _SYS_PUTCEND
87e3b3ac   LOG_A_TABBEG
87e3b3ac   LOG_system
87e3b3ac   _LOG_A_TABBEG
87e3b3ac   _LOG_system
87e3b3c4   _trace
87e3b3c4   trace
87e3b3dc   LOG_A_TABEND
87e3b3dc   _LOG_A_TABEND
87e3b3f0   KNL_swi$sts$stsobj
87e3b3f0   STS_A_TABBEG
87e3b3f0   _STS_A_TABBEG
87e3b3f4   KNL_swi$sts
87e3b400   HWI_A_VECS
87e3b400   STS_A_TABEND
87e3b400   _STS_A_TABEND
87e3b400   hwi0
87e3b420   hwi1
87e3b440   hwi2
87e3b460   hwi3
87e3b480   hwi4
87e3b4a0   hwi5
87e3b4c0   hwi6
87e3b4e0   hwi7
87e3b500   hwi8
87e3b520   hwi9
87e3b540   hwi10
87e3b560   hwi11
87e3b580   hwi12
87e3b5a0   hwi13
87e3b5c0   hwi14
87e3b5e0   hwi15
87e3b600   LOG_system$buf
87e3b700   _DSPLINK_shmBaseAddress
87e3b708   _DSPLINK_shmBaseAddress_pad
87e3b784   SYS$config
87e3b794   TRC_cinit
87e3b798   TRC_R_mask
87e3b798   _TRC_R_mask
87e3b79c   GBL_initdone
87e3b7a0   CLK_A_TABBEG
87e3b7a0   PRD_clock
87e3b7a0   _PRD_clock
87e3b7a4   CLK_null
ffffffff   CACHE_L1D
ffffffff   CACHE_L1P
ffffffff   CACHE_L2
ffffffff   DSPLINKMEM
ffffffff   ECM_EVTMASK0
ffffffff   ECM_EVTMASK1
ffffffff   ECM_EVTMASK2
ffffffff   ECM_EVTMASK3
ffffffff   IRAM
ffffffff   L1DSRAM
ffffffff   POOLMEM
ffffffff   RESET_VECTOR
ffffffff   _CACHE_L1D
ffffffff   _CACHE_L1P
ffffffff   _CACHE_L2
ffffffff   _DSPLINKMEM
ffffffff   _IRAM
ffffffff   _L1DSRAM
ffffffff   _POOLMEM
ffffffff   _RESET_VECTOR
ffffffff   ___TI_pprof_out_hndl
ffffffff   ___TI_prof_data_size
ffffffff   ___TI_prof_data_start
ffffffff   ___binit__
ffffffff   ___c_args__
ffffffff   ___pinit__
ffffffff   binit
ffffffff   pinit

[1077 symbols]
